Archive member included to satisfy reference by file (symbol)

c:/program files (x86)/atmel/studio/7.0/toolchain/avr8/avr8-gnu-toolchain/bin/../lib/gcc/avr/5.4.0/../../../../avr/lib/avr5\libm.a(addsf3.o)
                              Sketch.o (__addsf3)
c:/program files (x86)/atmel/studio/7.0/toolchain/avr8/avr8-gnu-toolchain/bin/../lib/gcc/avr/5.4.0/../../../../avr/lib/avr5\libm.a(addsf3x.o)
                              c:/program files (x86)/atmel/studio/7.0/toolchain/avr8/avr8-gnu-toolchain/bin/../lib/gcc/avr/5.4.0/../../../../avr/lib/avr5\libm.a(addsf3.o) (__addsf3x)
c:/program files (x86)/atmel/studio/7.0/toolchain/avr8/avr8-gnu-toolchain/bin/../lib/gcc/avr/5.4.0/../../../../avr/lib/avr5\libm.a(divsf3.o)
                              Sketch.o (__divsf3)
c:/program files (x86)/atmel/studio/7.0/toolchain/avr8/avr8-gnu-toolchain/bin/../lib/gcc/avr/5.4.0/../../../../avr/lib/avr5\libm.a(divsf3x.o)
                              c:/program files (x86)/atmel/studio/7.0/toolchain/avr8/avr8-gnu-toolchain/bin/../lib/gcc/avr/5.4.0/../../../../avr/lib/avr5\libm.a(divsf3.o) (__divsf3x)
c:/program files (x86)/atmel/studio/7.0/toolchain/avr8/avr8-gnu-toolchain/bin/../lib/gcc/avr/5.4.0/../../../../avr/lib/avr5\libm.a(floatsisf.o)
                              Sketch.o (__floatsisf)
c:/program files (x86)/atmel/studio/7.0/toolchain/avr8/avr8-gnu-toolchain/bin/../lib/gcc/avr/5.4.0/../../../../avr/lib/avr5\libm.a(fp_inf.o)
                              c:/program files (x86)/atmel/studio/7.0/toolchain/avr8/avr8-gnu-toolchain/bin/../lib/gcc/avr/5.4.0/../../../../avr/lib/avr5\libm.a(addsf3x.o) (__fp_inf)
c:/program files (x86)/atmel/studio/7.0/toolchain/avr8/avr8-gnu-toolchain/bin/../lib/gcc/avr/5.4.0/../../../../avr/lib/avr5\libm.a(fp_nan.o)
                              c:/program files (x86)/atmel/studio/7.0/toolchain/avr8/avr8-gnu-toolchain/bin/../lib/gcc/avr/5.4.0/../../../../avr/lib/avr5\libm.a(addsf3x.o) (__fp_nan)
c:/program files (x86)/atmel/studio/7.0/toolchain/avr8/avr8-gnu-toolchain/bin/../lib/gcc/avr/5.4.0/../../../../avr/lib/avr5\libm.a(fp_pscA.o)
                              c:/program files (x86)/atmel/studio/7.0/toolchain/avr8/avr8-gnu-toolchain/bin/../lib/gcc/avr/5.4.0/../../../../avr/lib/avr5\libm.a(addsf3x.o) (__fp_pscA)
c:/program files (x86)/atmel/studio/7.0/toolchain/avr8/avr8-gnu-toolchain/bin/../lib/gcc/avr/5.4.0/../../../../avr/lib/avr5\libm.a(fp_pscB.o)
                              c:/program files (x86)/atmel/studio/7.0/toolchain/avr8/avr8-gnu-toolchain/bin/../lib/gcc/avr/5.4.0/../../../../avr/lib/avr5\libm.a(addsf3x.o) (__fp_pscB)
c:/program files (x86)/atmel/studio/7.0/toolchain/avr8/avr8-gnu-toolchain/bin/../lib/gcc/avr/5.4.0/../../../../avr/lib/avr5\libm.a(fp_round.o)
                              c:/program files (x86)/atmel/studio/7.0/toolchain/avr8/avr8-gnu-toolchain/bin/../lib/gcc/avr/5.4.0/../../../../avr/lib/avr5\libm.a(addsf3.o) (__fp_round)
c:/program files (x86)/atmel/studio/7.0/toolchain/avr8/avr8-gnu-toolchain/bin/../lib/gcc/avr/5.4.0/../../../../avr/lib/avr5\libm.a(fp_split3.o)
                              c:/program files (x86)/atmel/studio/7.0/toolchain/avr8/avr8-gnu-toolchain/bin/../lib/gcc/avr/5.4.0/../../../../avr/lib/avr5\libm.a(addsf3x.o) (__fp_split3)
c:/program files (x86)/atmel/studio/7.0/toolchain/avr8/avr8-gnu-toolchain/bin/../lib/gcc/avr/5.4.0/../../../../avr/lib/avr5\libm.a(fp_zero.o)
                              c:/program files (x86)/atmel/studio/7.0/toolchain/avr8/avr8-gnu-toolchain/bin/../lib/gcc/avr/5.4.0/../../../../avr/lib/avr5\libm.a(addsf3x.o) (__fp_zero)
C:\Arduino\ArduinoSketch18\ArduinoSketch18\ArduinoCore\Debug\libArduinoCore.a(HardwareSerial.o)
                              Sketch.o (_ZN14HardwareSerial5beginEmh)
C:\Arduino\ArduinoSketch18\ArduinoSketch18\ArduinoCore\Debug\libArduinoCore.a(HardwareSerial0.o)
                              Sketch.o (Serial)
C:\Arduino\ArduinoSketch18\ArduinoSketch18\ArduinoCore\Debug\libArduinoCore.a(main.o)
                              C:/Program Files (x86)/Atmel/Studio/7.0/Packs/atmel/ATmega_DFP/1.6.364/gcc/dev/atmega328p/avr5/crtatmega328p.o (main)
C:\Arduino\ArduinoSketch18\ArduinoSketch18\ArduinoCore\Debug\libArduinoCore.a(Print.o)
                              src/libraries/LiquidCrystal/src/LiquidCrystal.o (_ZN5Print5writeEPKhj)
C:\Arduino\ArduinoSketch18\ArduinoSketch18\ArduinoCore\Debug\libArduinoCore.a(wiring.o)
                              Sketch.o (delay)
C:\Arduino\ArduinoSketch18\ArduinoSketch18\ArduinoCore\Debug\libArduinoCore.a(wiring_analog.o)
                              Sketch.o (analogRead)
C:\Arduino\ArduinoSketch18\ArduinoSketch18\ArduinoCore\Debug\libArduinoCore.a(wiring_digital.o)
                              src/libraries/LiquidCrystal/src/LiquidCrystal.o (pinMode)
C:\Arduino\ArduinoSketch18\ArduinoSketch18\ArduinoCore\Debug\libArduinoCore.a(WMath.o)
                              Sketch.o (_Z10randomSeedm)
[...]
Memory Configuration

Name             Origin             Length             Attributes
text             0x00000000         0x00008000         xr
data             0x00800100         0x00000800         rw !x
eeprom           0x00810000         0x00000400         rw !x
fuse             0x00820000         0x00000003         rw !x
lock             0x00830000         0x00000400         rw !x
signature        0x00840000         0x00000400         rw !x
user_signatures  0x00850000         0x00000400         rw !x
*default*        0x00000000         0xffffffff

Linker script and memory map

Address of section .data set to 0x800100
LOAD C:/Program Files (x86)/Atmel/Studio/7.0/Packs/atmel/ATmega_DFP/1.6.364/gcc/dev/atmega328p/avr5/crtatmega328p.o
LOAD Sketch.o
LOAD src/libraries/LiquidCrystal/src/LiquidCrystal.o
LOAD src/libraries/TimerOne/TimerOne.o
START GROUP
LOAD c:/program files (x86)/atmel/studio/7.0/toolchain/avr8/avr8-gnu-toolchain/bin/../lib/gcc/avr/5.4.0/../../../../avr/lib/avr5\libm.a
LOAD C:\Arduino\ArduinoSketch18\ArduinoSketch18\ArduinoCore\Debug\libArduinoCore.a
END GROUP
LOAD c:/program files (x86)/atmel/studio/7.0/toolchain/avr8/avr8-gnu-toolchain/bin/../lib/gcc/avr/5.4.0/avr5\libgcc.a
LOAD c:/program files (x86)/atmel/studio/7.0/toolchain/avr8/avr8-gnu-toolchain/bin/../lib/gcc/avr/5.4.0/../../../../avr/lib/avr5\libm.a
START GROUP
LOAD c:/program files (x86)/atmel/studio/7.0/toolchain/avr8/avr8-gnu-toolchain/bin/../lib/gcc/avr/5.4.0/avr5\libgcc.a
LOAD c:/program files (x86)/atmel/studio/7.0/toolchain/avr8/avr8-gnu-toolchain/bin/../lib/gcc/avr/5.4.0/../../../../avr/lib/avr5\libm.a
LOAD c:/program files (x86)/atmel/studio/7.0/toolchain/avr8/avr8-gnu-toolchain/bin/../lib/gcc/avr/5.4.0/../../../../avr/lib/avr5\libc.a
LOAD C:/Program Files (x86)/Atmel/Studio/7.0/Packs/atmel/ATmega_DFP/1.6.364/gcc/dev/atmega328p/avr5\libatmega328p.a
END GROUP
                0x00000000                __TEXT_REGION_ORIGIN__ = DEFINED (__TEXT_REGION_ORIGIN__)?__TEXT_REGION_ORIGIN__:0x0
                [0x00800100]                __DATA_REGION_ORIGIN__ = DEFINED (__DATA_REGION_ORIGIN__)?__DATA_REGION_ORIGIN__:0x800060
                [0x00008000]                __TEXT_REGION_LENGTH__ = DEFINED (__TEXT_REGION_LENGTH__)?__TEXT_REGION_LENGTH__:0x20000
                [0x00000800]                __DATA_REGION_LENGTH__ = DEFINED (__DATA_REGION_LENGTH__)?__DATA_REGION_LENGTH__:0xffa0
                [0x00000400]                __EEPROM_REGION_LENGTH__ = DEFINED (__EEPROM_REGION_LENGTH__)?__EEPROM_REGION_LENGTH__:0x10000
                [0x00000003]                __FUSE_REGION_LENGTH__ = DEFINED (__FUSE_REGION_LENGTH__)?__FUSE_REGION_LENGTH__:0x400
                0x00000400                __LOCK_REGION_LENGTH__ = DEFINED (__LOCK_REGION_LENGTH__)?__LOCK_REGION_LENGTH__:0x400
                0x00000400                __SIGNATURE_REGION_LENGTH__ = DEFINED (__SIGNATURE_REGION_LENGTH__)?__SIGNATURE_REGION_LENGTH__:0x400
                0x00000400                __USER_SIGNATURE_REGION_LENGTH__ = DEFINED (__USER_SIGNATURE_REGION_LENGTH__)?__USER_SIGNATURE_REGION_LENGTH__:0x400

.hash
 *(.hash)

.dynsym
 *(.dynsym)

.dynstr
 *(.dynstr)

.gnu.version
 *(.gnu.version)

.gnu.version_d
 *(.gnu.version_d)

.gnu.version_r
 *(.gnu.version_r)

.rel.init
 *(.rel.init)

.rela.init
 *(.rela.init)

.rel.text
 *(.rel.text)
 *(.rel.text.*)
 *(.rel.gnu.linkonce.t*)

.rela.text
 *(.rela.text)
 *(.rela.text.*)
 *(.rela.gnu.linkonce.t*)

.rel.fini
 *(.rel.fini)

.rela.fini
 *(.rela.fini)

.rel.rodata
 *(.rel.rodata)
 *(.rel.rodata.*)
 *(.rel.gnu.linkonce.r*)

.rela.rodata
 *(.rela.rodata)
 *(.rela.rodata.*)
 *(.rela.gnu.linkonce.r*)

.rel.data
 *(.rel.data)
 *(.rel.data.*)
 *(.rel.gnu.linkonce.d*)

.rela.data
 *(.rela.data)
 *(.rela.data.*)
 *(.rela.gnu.linkonce.d*)

.rel.ctors
 *(.rel.ctors)

.rela.ctors
 *(.rela.ctors)

.rel.dtors
 *(.rel.dtors)

.rela.dtors
 *(.rela.dtors)

.rel.got
 *(.rel.got)

.rela.got
 *(.rela.got)

.rel.bss
 *(.rel.bss)

.rela.bss
 *(.rela.bss)

.rel.plt
 *(.rel.plt)

.rela.plt
 *(.rela.plt)

.text           0x00000000     0x1ca2
 *(.vectors)
 .vectors       0x00000000       0x68 C:/Program Files (x86)/Atmel/Studio/7.0/Packs/atmel/ATmega_DFP/1.6.364/gcc/dev/atmega328p/avr5/crtatmega328p.o
                0x00000000                __vector_default
                0x00000000                __vectors
 *(.vectors)
 *(.progmem.gcc*)
                0x00000068                . = ALIGN (0x2)
                0x00000068                __trampolines_start = .
 *(.trampolines)
 .trampolines   0x00000068        0x0 linker stubs
 *(.trampolines*)
                0x00000068                __trampolines_end = .
 *libprintf_flt.a:*(.progmem.data)
 *libc.a:*(.progmem.data)
 *(.progmem*)
 .progmem.data.digital_pin_to_timer_PGM
                0x00000068       0x14 C:\Arduino\ArduinoSketch18\ArduinoSketch18\ArduinoCore\Debug\libArduinoCore.a(wiring_digital.o)
                0x00000068                digital_pin_to_timer_PGM
 .progmem.data.digital_pin_to_bit_mask_PGM
                0x0000007c       0x14 C:\Arduino\ArduinoSketch18\ArduinoSketch18\ArduinoCore\Debug\libArduinoCore.a(wiring_digital.o)
                0x0000007c                digital_pin_to_bit_mask_PGM
 .progmem.data.digital_pin_to_port_PGM
                0x00000090       0x14 C:\Arduino\ArduinoSketch18\ArduinoSketch18\ArduinoCore\Debug\libArduinoCore.a(wiring_digital.o)
                0x00000090                digital_pin_to_port_PGM
 .progmem.data.port_to_output_PGM
                0x000000a4        0xa C:\Arduino\ArduinoSketch18\ArduinoSketch18\ArduinoCore\Debug\libArduinoCore.a(wiring_digital.o)
                0x000000a4                port_to_output_PGM
 .progmem.data.port_to_mode_PGM
                0x000000ae        0xa C:\Arduino\ArduinoSketch18\ArduinoSketch18\ArduinoCore\Debug\libArduinoCore.a(wiring_digital.o)
                0x000000ae                port_to_mode_PGM
                0x000000b8                . = ALIGN (0x2)
 *(.jumptables)
 *(.jumptables*)
 *(.lowtext)
 *(.lowtext*)
                0x000000b8                __ctors_start = .
 *(.ctors)
 .ctors         0x000000b8        0x2 Sketch.o
 .ctors         0x000000ba        0x2 C:\Arduino\ArduinoSketch18\ArduinoSketch18\ArduinoCore\Debug\libArduinoCore.a(HardwareSerial0.o)
                0x000000bc                __ctors_end = .
                0x000000bc                __dtors_start = .
 *(.dtors)
                0x000000bc                __dtors_end = .
 SORT(*)(.ctors)
 SORT(*)(.dtors)
 *(.init0)
 .init0         0x000000bc        0x0 C:/Program Files (x86)/Atmel/Studio/7.0/Packs/atmel/ATmega_DFP/1.6.364/gcc/dev/atmega328p/avr5/crtatmega328p.o
                0x000000bc                __init
 *(.init0)
 *(.init1)
 *(.init1)
 *(.init2)
 .init2         0x000000bc        0xc C:/Program Files (x86)/Atmel/Studio/7.0/Packs/atmel/ATmega_DFP/1.6.364/gcc/dev/atmega328p/avr5/crtatmega328p.o
 *(.init2)
 *(.init3)
 *(.init3)
 *(.init4)
 .init4         0x000000c8       0x16 c:/program files (x86)/atmel/studio/7.0/toolchain/avr8/avr8-gnu-toolchain/bin/../lib/gcc/avr/5.4.0/avr5\libgcc.a(_copy_data.o)
                0x000000c8                __do_copy_data
 .init4         0x000000de       0x10 c:/program files (x86)/atmel/studio/7.0/toolchain/avr8/avr8-gnu-toolchain/bin/../lib/gcc/avr/5.4.0/avr5\libgcc.a(_clear_bss.o)
                0x000000de                __do_clear_bss
 *(.init4)
 *(.init5)
 *(.init5)
 *(.init6)
 .init6         0x000000ee       0x16 c:/program files (x86)/atmel/studio/7.0/toolchain/avr8/avr8-gnu-toolchain/bin/../lib/gcc/avr/5.4.0/avr5\libgcc.a(_ctors.o)
                0x000000ee                __do_global_ctors
 *(.init6)
 *(.init7)
 *(.init7)
 *(.init8)
 *(.init8)
 *(.init9)
 .init9         0x00000104        0x8 C:/Program Files (x86)/Atmel/Studio/7.0/Packs/atmel/ATmega_DFP/1.6.364/gcc/dev/atmega328p/avr5/crtatmega328p.o
 *(.init9)
 *(.text)
 .text          0x0000010c        0x4 C:/Program Files (x86)/Atmel/Studio/7.0/Packs/atmel/ATmega_DFP/1.6.364/gcc/dev/atmega328p/avr5/crtatmega328p.o
                0x0000010c                __vector_22
                0x0000010c                __vector_1
                0x0000010c                __vector_24
                0x0000010c                __vector_12
                0x0000010c                __bad_interrupt
                0x0000010c                __vector_6
                0x0000010c                __vector_3
                0x0000010c                __vector_23
                0x0000010c                __vector_25
                0x0000010c                __vector_11
                0x0000010c                __vector_17
                0x0000010c                __vector_7
                0x0000010c                __vector_5
                0x0000010c                __vector_4
                0x0000010c                __vector_9
                0x0000010c                __vector_2
                0x0000010c                __vector_21
                0x0000010c                __vector_15
                0x0000010c                __vector_8
                0x0000010c                __vector_14
                0x0000010c                __vector_10
                0x0000010c                __vector_20
                0x00000110                . = ALIGN (0x2)
 *(.text.*)
 .text._Z7Valoresv
                0x00000110      0x276 Sketch.o
                0x00000110                _Z7Valoresv
 .text.setup    0x00000386       0xe2 Sketch.o
                0x00000386                setup
 .text.loop     0x00000468       0x9c Sketch.o
                0x00000468                loop
 .text.startup._GLOBAL__sub_I_lcd
                0x00000504       0x26 Sketch.o
 .text._ZN5Print17availableForWriteEv
                0x0000052a        0x6 src/libraries/LiquidCrystal/src/LiquidCrystal.o
                0x0000052a                _ZN5Print17availableForWriteEv
 .text._ZN5Print5flushEv
                0x00000530        0x2 src/libraries/LiquidCrystal/src/LiquidCrystal.o
                0x00000530                _ZN5Print5flushEv
 .text._ZN13LiquidCrystal11pulseEnableEv
                0x00000532       0x3a src/libraries/LiquidCrystal/src/LiquidCrystal.o
                0x00000532                _ZN13LiquidCrystal11pulseEnableEv
 .text._ZN13LiquidCrystal10write4bitsEh
                0x0000056c       0x5a src/libraries/LiquidCrystal/src/LiquidCrystal.o
                0x0000056c                _ZN13LiquidCrystal10write4bitsEh
 .text._ZN13LiquidCrystal10write8bitsEh
                0x000005c6       0x5a src/libraries/LiquidCrystal/src/LiquidCrystal.o
                0x000005c6                _ZN13LiquidCrystal10write8bitsEh
 .text._ZN13LiquidCrystal4sendEhh
                0x00000620       0x52 src/libraries/LiquidCrystal/src/LiquidCrystal.o
                0x00000620                _ZN13LiquidCrystal4sendEhh
 .text._ZN13LiquidCrystal7commandEh
                0x00000672        0x6 src/libraries/LiquidCrystal/src/LiquidCrystal.o
                0x00000672                _ZN13LiquidCrystal7commandEh
 .text._ZN13LiquidCrystal5clearEv
                0x00000678        0xe src/libraries/LiquidCrystal/src/LiquidCrystal.o
                0x00000678                _ZN13LiquidCrystal5clearEv
 .text._ZN13LiquidCrystal9setCursorEhh
                0x00000686       0x26 src/libraries/LiquidCrystal/src/LiquidCrystal.o
                0x00000686                _ZN13LiquidCrystal9setCursorEhh
 .text._ZN13LiquidCrystal7displayEv
                0x000006ac       0x10 src/libraries/LiquidCrystal/src/LiquidCrystal.o
                0x000006ac                _ZN13LiquidCrystal7displayEv
 .text._ZN13LiquidCrystal5beginEhhh
                0x000006bc      0x14a src/libraries/LiquidCrystal/src/LiquidCrystal.o
                0x000006bc                _ZN13LiquidCrystal5beginEhhh
 .text._ZN13LiquidCrystalC2Ehhhhhh
                0x00000806       0x40 src/libraries/LiquidCrystal/src/LiquidCrystal.o
                0x00000806                _ZN13LiquidCrystalC1Ehhhhhh
                0x00000806                _ZN13LiquidCrystalC2Ehhhhhh
 .text._ZN13LiquidCrystal5writeEh
                0x00000846        0xc src/libraries/LiquidCrystal/src/LiquidCrystal.o
                0x00000846                _ZN13LiquidCrystal5writeEh
 .text.__vector_13
                0x00000852       0x4e src/libraries/TimerOne/TimerOne.o
                0x00000852                __vector_13
 .text.avr-libc.fplib
                0x000008a0        0xe c:/program files (x86)/atmel/studio/7.0/toolchain/avr8/avr8-gnu-toolchain/bin/../lib/gcc/avr/5.4.0/../../../../avr/lib/avr5\libm.a(addsf3.o)
                0x000008a0                __subsf3
                0x000008a2                __addsf3
 .text.avr-libc.fplib
                0x000008ae       0xcc c:/program files (x86)/atmel/studio/7.0/toolchain/avr8/avr8-gnu-toolchain/bin/../lib/gcc/avr/5.4.0/../../../../avr/lib/avr5\libm.a(addsf3x.o)
                0x000008d0                __addsf3x
 .text.avr-libc.fplib
                0x0000097a        0x8 c:/program files (x86)/atmel/studio/7.0/toolchain/avr8/avr8-gnu-toolchain/bin/../lib/gcc/avr/5.4.0/../../../../avr/lib/avr5\libm.a(divsf3.o)
                0x0000097a                __divsf3
 .text.avr-libc.fplib
                0x00000982       0xdc c:/program files (x86)/atmel/studio/7.0/toolchain/avr8/avr8-gnu-toolchain/bin/../lib/gcc/avr/5.4.0/../../../../avr/lib/avr5\libm.a(divsf3x.o)
                0x000009a2                __divsf3x
                0x000009a8                __divsf3_pse
 .text.avr-libc.fplib
                0x00000a5e       0x7a c:/program files (x86)/atmel/studio/7.0/toolchain/avr8/avr8-gnu-toolchain/bin/../lib/gcc/avr/5.4.0/../../../../avr/lib/avr5\libm.a(floatsisf.o)
                0x00000a5e                __floatunsisf
                0x00000a62                __floatsisf
 .text.avr-libc.fplib
                0x00000ad8        0xc c:/program files (x86)/atmel/studio/7.0/toolchain/avr8/avr8-gnu-toolchain/bin/../lib/gcc/avr/5.4.0/../../../../avr/lib/avr5\libm.a(fp_inf.o)
                0x00000ad8                __fp_inf
 .text.avr-libc.fplib
                0x00000ae4        0x6 c:/program files (x86)/atmel/studio/7.0/toolchain/avr8/avr8-gnu-toolchain/bin/../lib/gcc/avr/5.4.0/../../../../avr/lib/avr5\libm.a(fp_nan.o)
                0x00000ae4                __fp_nan
 .text.avr-libc.fplib
                0x00000aea        0xe c:/program files (x86)/atmel/studio/7.0/toolchain/avr8/avr8-gnu-toolchain/bin/../lib/gcc/avr/5.4.0/../../../../avr/lib/avr5\libm.a(fp_pscA.o)
                0x00000aea                __fp_pscA
 .text.avr-libc.fplib
                0x00000af8        0xe c:/program files (x86)/atmel/studio/7.0/toolchain/avr8/avr8-gnu-toolchain/bin/../lib/gcc/avr/5.4.0/../../../../avr/lib/avr5\libm.a(fp_pscB.o)
                0x00000af8                __fp_pscB
 .text.avr-libc.fplib
                0x00000b06       0x22 c:/program files (x86)/atmel/studio/7.0/toolchain/avr8/avr8-gnu-toolchain/bin/../lib/gcc/avr/5.4.0/../../../../avr/lib/avr5\libm.a(fp_round.o)
                0x00000b06                __fp_round
 .text.avr-libc.fplib
                0x00000b28       0x44 c:/program files (x86)/atmel/studio/7.0/toolchain/avr8/avr8-gnu-toolchain/bin/../lib/gcc/avr/5.4.0/../../../../avr/lib/avr5\libm.a(fp_split3.o)
                0x00000b28                __fp_split3
                0x00000b38                __fp_splitA
 .text.avr-libc.fplib
                0x00000b6c        0xe c:/program files (x86)/atmel/studio/7.0/toolchain/avr8/avr8-gnu-toolchain/bin/../lib/gcc/avr/5.4.0/../../../../avr/lib/avr5\libm.a(fp_zero.o)
                0x00000b6c                __fp_zero
                0x00000b6e                __fp_szero
 .text._ZN14HardwareSerial9availableEv
                0x00000b7a       0x18 C:\Arduino\ArduinoSketch18\ArduinoSketch18\ArduinoCore\Debug\libArduinoCore.a(HardwareSerial.o)
                0x00000b7a                _ZN14HardwareSerial9availableEv
 .text._ZN14HardwareSerial4peekEv
                0x00000b92       0x1c C:\Arduino\ArduinoSketch18\ArduinoSketch18\ArduinoCore\Debug\libArduinoCore.a(HardwareSerial.o)
                0x00000b92                _ZN14HardwareSerial4peekEv
 .text._ZN14HardwareSerial4readEv
                0x00000bae       0x28 C:\Arduino\ArduinoSketch18\ArduinoSketch18\ArduinoCore\Debug\libArduinoCore.a(HardwareSerial.o)
                0x00000bae                _ZN14HardwareSerial4readEv
 .text._ZN14HardwareSerial17availableForWriteEv
                0x00000bd6       0x1e C:\Arduino\ArduinoSketch18\ArduinoSketch18\ArduinoCore\Debug\libArduinoCore.a(HardwareSerial.o)
                0x00000bd6                _ZN14HardwareSerial17availableForWriteEv
 .text._Z14serialEventRunv
                0x00000bf4       0x1c C:\Arduino\ArduinoSketch18\ArduinoSketch18\ArduinoCore\Debug\libArduinoCore.a(HardwareSerial.o)
                0x00000bf4                _Z14serialEventRunv
 .text._ZN14HardwareSerial17_tx_udr_empty_irqEv
                0x00000c10       0x44 C:\Arduino\ArduinoSketch18\ArduinoSketch18\ArduinoCore\Debug\libArduinoCore.a(HardwareSerial.o)
                0x00000c10                _ZN14HardwareSerial17_tx_udr_empty_irqEv
 .text._ZN14HardwareSerial5writeEh
                0x00000c54       0x9a C:\Arduino\ArduinoSketch18\ArduinoSketch18\ArduinoCore\Debug\libArduinoCore.a(HardwareSerial.o)
                0x00000c54                _ZN14HardwareSerial5writeEh
 .text._ZN14HardwareSerial5flushEv
                0x00000cee       0x44 C:\Arduino\ArduinoSketch18\ArduinoSketch18\ArduinoCore\Debug\libArduinoCore.a(HardwareSerial.o)
                0x00000cee                _ZN14HardwareSerial5flushEv
 .text._ZN14HardwareSerial5beginEmh
                0x00000d32       0xca C:\Arduino\ArduinoSketch18\ArduinoSketch18\ArduinoCore\Debug\libArduinoCore.a(HardwareSerial.o)
                0x00000d32                _ZN14HardwareSerial5beginEmh
 .text.__vector_18
                0x00000dfc       0x64 C:\Arduino\ArduinoSketch18\ArduinoSketch18\ArduinoCore\Debug\libArduinoCore.a(HardwareSerial0.o)
                0x00000dfc                __vector_18
 .text.__vector_19
                0x00000e60       0x4c C:\Arduino\ArduinoSketch18\ArduinoSketch18\ArduinoCore\Debug\libArduinoCore.a(HardwareSerial0.o)
                0x00000e60                __vector_19
 .text._Z17Serial0_availablev
                0x00000eac       0x14 C:\Arduino\ArduinoSketch18\ArduinoSketch18\ArduinoCore\Debug\libArduinoCore.a(HardwareSerial0.o)
                0x00000eac                _Z17Serial0_availablev
 .text.startup._GLOBAL__sub_I___vector_18
                0x00000ec0       0x5a C:\Arduino\ArduinoSketch18\ArduinoSketch18\ArduinoCore\Debug\libArduinoCore.a(HardwareSerial0.o)
 .text.initVariant
                0x00000f1a        0x2 C:\Arduino\ArduinoSketch18\ArduinoSketch18\ArduinoCore\Debug\libArduinoCore.a(main.o)
                0x00000f1a                initVariant
 .text.startup.main
                0x00000f1c       0x1e C:\Arduino\ArduinoSketch18\ArduinoSketch18\ArduinoCore\Debug\libArduinoCore.a(main.o)
                0x00000f1c                main
 .text._ZN5Print5writeEPKhj
                0x00000f3a       0x54 C:\Arduino\ArduinoSketch18\ArduinoSketch18\ArduinoCore\Debug\libArduinoCore.a(Print.o)
                0x00000f3a                _ZN5Print5writeEPKhj
 .text._ZN5Print5writeEPKc
                0x00000f8e       0x2a C:\Arduino\ArduinoSketch18\ArduinoSketch18\ArduinoCore\Debug\libArduinoCore.a(Print.o)
                0x00000f8e                _ZN5Print5writeEPKc
 .text._ZN5Print5printEPKc
                0x00000fb8        0x4 C:\Arduino\ArduinoSketch18\ArduinoSketch18\ArduinoCore\Debug\libArduinoCore.a(Print.o)
                0x00000fb8                _ZN5Print5printEPKc
 .text._ZN5Print5printEc
                0x00000fbc        0xe C:\Arduino\ArduinoSketch18\ArduinoSketch18\ArduinoCore\Debug\libArduinoCore.a(Print.o)
                0x00000fbc                _ZN5Print5printEc
 .text._ZN5Print11printNumberEmh
                0x00000fca       0x92 C:\Arduino\ArduinoSketch18\ArduinoSketch18\ArduinoCore\Debug\libArduinoCore.a(Print.o)
                0x00000fca                _ZN5Print11printNumberEmh
 .text._ZN5Print5printEmi
                0x0000105c       0x1a C:\Arduino\ArduinoSketch18\ArduinoSketch18\ArduinoCore\Debug\libArduinoCore.a(Print.o)
                0x0000105c                _ZN5Print5printEmi
 .text._ZN5Print5printEji
                0x00001076        0xc C:\Arduino\ArduinoSketch18\ArduinoSketch18\ArduinoCore\Debug\libArduinoCore.a(Print.o)
                0x00001076                _ZN5Print5printEji
 .text._ZN5Print5printEli
                0x00001082       0x90 C:\Arduino\ArduinoSketch18\ArduinoSketch18\ArduinoCore\Debug\libArduinoCore.a(Print.o)
                0x00001082                _ZN5Print5printEli
 .text._ZN5Print5printEii
                0x00001112        0xe C:\Arduino\ArduinoSketch18\ArduinoSketch18\ArduinoCore\Debug\libArduinoCore.a(Print.o)
                0x00001112                _ZN5Print5printEii
 .text._ZN5Print10printFloatEdh
                0x00001120      0x1b6 C:\Arduino\ArduinoSketch18\ArduinoSketch18\ArduinoCore\Debug\libArduinoCore.a(Print.o)
                0x00001120                _ZN5Print10printFloatEdh
 .text._ZN5Print5printEdi
                0x000012d6        0x4 C:\Arduino\ArduinoSketch18\ArduinoSketch18\ArduinoCore\Debug\libArduinoCore.a(Print.o)
                0x000012d6                _ZN5Print5printEdi
 .text.__vector_16
                0x000012da       0x94 C:\Arduino\ArduinoSketch18\ArduinoSketch18\ArduinoCore\Debug\libArduinoCore.a(wiring.o)
                0x000012da                __vector_16
 .text.micros   0x0000136e       0x4a C:\Arduino\ArduinoSketch18\ArduinoSketch18\ArduinoCore\Debug\libArduinoCore.a(wiring.o)
                0x0000136e                micros
 .text.delay    0x000013b8       0x78 C:\Arduino\ArduinoSketch18\ArduinoSketch18\ArduinoCore\Debug\libArduinoCore.a(wiring.o)
                0x000013b8                delay
 .text.delayMicroseconds
                0x00001430       0x16 C:\Arduino\ArduinoSketch18\ArduinoSketch18\ArduinoCore\Debug\libArduinoCore.a(wiring.o)
                0x00001430                delayMicroseconds
 .text.init     0x00001446       0x76 C:\Arduino\ArduinoSketch18\ArduinoSketch18\ArduinoCore\Debug\libArduinoCore.a(wiring.o)
                0x00001446                init
 .text.analogRead
                0x000014bc       0x3a C:\Arduino\ArduinoSketch18\ArduinoSketch18\ArduinoCore\Debug\libArduinoCore.a(wiring_analog.o)
                0x000014bc                analogRead
 .text.turnOffPWM
                0x000014f6       0x52 C:\Arduino\ArduinoSketch18\ArduinoSketch18\ArduinoCore\Debug\libArduinoCore.a(wiring_digital.o)
 .text.pinMode  0x00001548       0x78 C:\Arduino\ArduinoSketch18\ArduinoSketch18\ArduinoCore\Debug\libArduinoCore.a(wiring_digital.o)
                0x00001548                pinMode
 .text.digitalWrite
                0x000015c0       0x5e C:\Arduino\ArduinoSketch18\ArduinoSketch18\ArduinoCore\Debug\libArduinoCore.a(wiring_digital.o)
                0x000015c0                digitalWrite
 .text._Z10randomSeedm
                0x0000161e       0x10 C:\Arduino\ArduinoSketch18\ArduinoSketch18\ArduinoCore\Debug\libArduinoCore.a(WMath.o)
                0x0000161e                _Z10randomSeedm
 .text._Z6randoml
                0x0000162e       0x34 C:\Arduino\ArduinoSketch18\ArduinoSketch18\ArduinoCore\Debug\libArduinoCore.a(WMath.o)
                0x0000162e                _Z6randoml
 .text._Z6randomll
                0x00001662       0x44 C:\Arduino\ArduinoSketch18\ArduinoSketch18\ArduinoCore\Debug\libArduinoCore.a(WMath.o)
                0x00001662                _Z6randomll
 .text.__empty  0x000016a6        0x2 C:\Arduino\ArduinoSketch18\ArduinoSketch18\ArduinoCore\Debug\libArduinoCore.a(hooks.o)
                0x000016a6                yield
 .text.avr-libc.fplib
                0x000016a8        0xa c:/program files (x86)/atmel/studio/7.0/toolchain/avr8/avr8-gnu-toolchain/bin/../lib/gcc/avr/5.4.0/../../../../avr/lib/avr5\libm.a(cmpsf2.o)
                0x000016a8                __nesf2
                0x000016a8                __eqsf2
                0x000016a8                __cmpsf2
                0x000016a8                __ltsf2
                0x000016a8                __lesf2
 .text.avr-libc.fplib
                0x000016b2       0x5e c:/program files (x86)/atmel/studio/7.0/toolchain/avr8/avr8-gnu-toolchain/bin/../lib/gcc/avr/5.4.0/../../../../avr/lib/avr5\libm.a(fixunssfsi.o)
                0x000016b2                __fixunssfsi
 .text.avr-libc.fplib
                0x00001710       0x48 c:/program files (x86)/atmel/studio/7.0/toolchain/avr8/avr8-gnu-toolchain/bin/../lib/gcc/avr/5.4.0/../../../../avr/lib/avr5\libm.a(fp_cmp.o)
                0x00001710                __fp_cmp
 .text.avr-libc.fplib
                0x00001758        0xa c:/program files (x86)/atmel/studio/7.0/toolchain/avr8/avr8-gnu-toolchain/bin/../lib/gcc/avr/5.4.0/../../../../avr/lib/avr5\libm.a(gesf2.o)
                0x00001758                __gesf2
                0x00001758                __gtsf2
 .text.avr-libc.fplib
                0x00001762        0x8 c:/program files (x86)/atmel/studio/7.0/toolchain/avr8/avr8-gnu-toolchain/bin/../lib/gcc/avr/5.4.0/../../../../avr/lib/avr5\libm.a(mulsf3.o)
                0x00001762                __mulsf3
 .text.avr-libc.fplib
                0x0000176a       0xd2 c:/program files (x86)/atmel/studio/7.0/toolchain/avr8/avr8-gnu-toolchain/bin/../lib/gcc/avr/5.4.0/../../../../avr/lib/avr5\libm.a(mulsf3x.o)
                0x00001788                __mulsf3x
                0x0000178e                __mulsf3_pse
 .text.avr-libc.fplib
                0x0000183c        0xa c:/program files (x86)/atmel/studio/7.0/toolchain/avr8/avr8-gnu-toolchain/bin/../lib/gcc/avr/5.4.0/../../../../avr/lib/avr5\libm.a(unordsf2.o)
                0x0000183c                __unordsf2
 .text.libgcc.div
                0x00001846       0x44 c:/program files (x86)/atmel/studio/7.0/toolchain/avr8/avr8-gnu-toolchain/bin/../lib/gcc/avr/5.4.0/avr5\libgcc.a(_udivmodsi4.o)
                0x00001846                __udivmodsi4
 .text.libgcc.div
                0x0000188a       0x2e c:/program files (x86)/atmel/studio/7.0/toolchain/avr8/avr8-gnu-toolchain/bin/../lib/gcc/avr/5.4.0/avr5\libgcc.a(_divmodsi4.o)
                0x0000188a                __divmodsi4
 .text.libgcc.div
                0x000018b8       0x10 c:/program files (x86)/atmel/studio/7.0/toolchain/avr8/avr8-gnu-toolchain/bin/../lib/gcc/avr/5.4.0/avr5\libgcc.a(_negsi2.o)
                0x000018b8                __negsi2
 .text.libgcc.mul
                0x000018c8       0x16 c:/program files (x86)/atmel/studio/7.0/toolchain/avr8/avr8-gnu-toolchain/bin/../lib/gcc/avr/5.4.0/avr5\libgcc.a(_muluhisi3.o)
                0x000018c8                __muluhisi3
 .text.libgcc   0x000018de        0xc c:/program files (x86)/atmel/studio/7.0/toolchain/avr8/avr8-gnu-toolchain/bin/../lib/gcc/avr/5.4.0/avr5\libgcc.a(_tablejump2.o)
                0x000018de                __tablejump2__
 .text.libgcc.mul
                0x000018ea       0x1e c:/program files (x86)/atmel/studio/7.0/toolchain/avr8/avr8-gnu-toolchain/bin/../lib/gcc/avr/5.4.0/avr5\libgcc.a(_umulhisi3.o)
                0x000018ea                __umulhisi3
 .text.avr-libc
                0x00001908      0x242 c:/program files (x86)/atmel/studio/7.0/toolchain/avr8/avr8-gnu-toolchain/bin/../lib/gcc/avr/5.4.0/../../../../avr/lib/avr5\libc.a(malloc.o)
                0x00001908                malloc
                0x00001a38                free
 .text.avr-libc
                0x00001b4a      0x144 c:/program files (x86)/atmel/studio/7.0/toolchain/avr8/avr8-gnu-toolchain/bin/../lib/gcc/avr/5.4.0/../../../../avr/lib/avr5\libc.a(random.o)
                0x00001b4a                random_r
                0x00001be0                random
                0x00001c7c                srandom
 .text.libgcc.mul
                0x00001c8e       0x10 c:/program files (x86)/atmel/studio/7.0/toolchain/avr8/avr8-gnu-toolchain/bin/../lib/gcc/avr/5.4.0/avr5\libgcc.a(_mulshisi3.o)
                0x00001c8e                __mulshisi3
                0x00001c94                __mulohisi3
                0x00001c9e                . = ALIGN (0x2)
 *(.fini9)
 .fini9         0x00001c9e        0x0 c:/program files (x86)/atmel/studio/7.0/toolchain/avr8/avr8-gnu-toolchain/bin/../lib/gcc/avr/5.4.0/avr5\libgcc.a(_exit.o)
                0x00001c9e                _exit
                0x00001c9e                exit
 *(.fini9)
 *(.fini8)
 *(.fini8)
 *(.fini7)
 *(.fini7)
 *(.fini6)
 *(.fini6)
 *(.fini5)
 *(.fini5)
 *(.fini4)
 *(.fini4)
 *(.fini3)
 *(.fini3)
 *(.fini2)
 *(.fini2)
 *(.fini1)
 *(.fini1)
 *(.fini0)
 .fini0         0x00001c9e        0x4 c:/program files (x86)/atmel/studio/7.0/toolchain/avr8/avr8-gnu-toolchain/bin/../lib/gcc/avr/5.4.0/avr5\libgcc.a(_exit.o)
 *(.fini0)
                0x00001ca2                _etext = .

.data           0x00800100       0x5a load address 0x00001ca2
                0x00800100                PROVIDE (__data_start, .)
 *(.data)
 .data          0x00800100        0x6 c:/program files (x86)/atmel/studio/7.0/toolchain/avr8/avr8-gnu-toolchain/bin/../lib/gcc/avr/5.4.0/../../../../avr/lib/avr5\libc.a(malloc.o)
                0x00800100                __malloc_heap_end
                0x00800102                __malloc_heap_start
                0x00800104                __malloc_margin
 .data          0x00800106        0x4 c:/program files (x86)/atmel/studio/7.0/toolchain/avr8/avr8-gnu-toolchain/bin/../lib/gcc/avr/5.4.0/../../../../avr/lib/avr5\libc.a(random.o)
 *(.data*)
 .data.analog_reference
                0x0080010a        0x1 C:\Arduino\ArduinoSketch18\ArduinoSketch18\ArduinoCore\Debug\libArduinoCore.a(wiring_analog.o)
                0x0080010a                analog_reference
 *(.gnu.linkonce.d*)
 *(.rodata)
 *(.rodata*)
 .rodata.str1.1
                0x0080010b       0x21 Sketch.o
 .rodata._ZTV13LiquidCrystal
                0x0080012c        0xc src/libraries/LiquidCrystal/src/LiquidCrystal.o
                0x0080012c                _ZTV13LiquidCrystal
 .rodata._ZTV14HardwareSerial
                0x00800138       0x12 C:\Arduino\ArduinoSketch18\ArduinoSketch18\ArduinoCore\Debug\libArduinoCore.a(HardwareSerial.o)
                0x00800138                _ZTV14HardwareSerial
 .rodata.str1.1
                0x0080014a        0xf C:\Arduino\ArduinoSketch18\ArduinoSketch18\ArduinoCore\Debug\libArduinoCore.a(Print.o)
 *(.gnu.linkonce.r*)
                0x0080015a                . = ALIGN (0x2)
 *fill*         0x00800159        0x1 
                0x0080015a                _edata = .
                0x0080015a                PROVIDE (__data_end, .)

.bss            0x0080015a       0xdb
                0x0080015a                PROVIDE (__bss_start, .)
 *(.bss)
 *(.bss*)
 .bss.randomNumber
                0x0080015a        0x4 Sketch.o
                0x0080015a                randomNumber
 .bss.somaTotal
                0x0080015e        0x4 Sketch.o
                0x0080015e                somaTotal
 .bss.val       0x00800162        0x4 Sketch.o
                0x00800162                val
 .bss.vet       0x00800166        0x2 Sketch.o
                0x00800166                vet
 .bss.qtdTotal  0x00800168        0x2 Sketch.o
                0x00800168                qtdTotal
 .bss.qtdSobrescrito
                0x0080016a        0x2 Sketch.o
                0x0080016a                qtdSobrescrito
 .bss.cont      0x0080016c        0x2 Sketch.o
                0x0080016c                cont
 .bss.lcd       0x0080016e       0x18 Sketch.o
                0x0080016e                lcd
 .bss._ZN8TimerOne11isrCallbackE
                0x00800186        0x2 src/libraries/TimerOne/TimerOne.o
                0x00800186                _ZN8TimerOne11isrCallbackE
 .bss._ZN8TimerOne15clockSelectBitsE
                0x00800188        0x1 src/libraries/TimerOne/TimerOne.o
                0x00800188                _ZN8TimerOne15clockSelectBitsE
 .bss._ZN8TimerOne9pwmPeriodE
                0x00800189        0x2 src/libraries/TimerOne/TimerOne.o
                0x00800189                _ZN8TimerOne9pwmPeriodE
 .bss.Serial    0x0080018b       0x9d C:\Arduino\ArduinoSketch18\ArduinoSketch18\ArduinoCore\Debug\libArduinoCore.a(HardwareSerial0.o)
                0x0080018b                Serial
 .bss.timer0_fract
                0x00800228        0x1 C:\Arduino\ArduinoSketch18\ArduinoSketch18\ArduinoCore\Debug\libArduinoCore.a(wiring.o)
 .bss.timer0_millis
                0x00800229        0x4 C:\Arduino\ArduinoSketch18\ArduinoSketch18\ArduinoCore\Debug\libArduinoCore.a(wiring.o)
                0x00800229                timer0_millis
 .bss.timer0_overflow_count
                0x0080022d        0x4 C:\Arduino\ArduinoSketch18\ArduinoSketch18\ArduinoCore\Debug\libArduinoCore.a(wiring.o)
                0x0080022d                timer0_overflow_count
 *(COMMON)
 COMMON         0x00800231        0x4 c:/program files (x86)/atmel/studio/7.0/toolchain/avr8/avr8-gnu-toolchain/bin/../lib/gcc/avr/5.4.0/../../../../avr/lib/avr5\libc.a(malloc.o)
                0x00800231                __brkval
                0x00800233                __flp
                0x00800235                PROVIDE (__bss_end, .)
                0x00001ca2                __data_load_start = LOADADDR (.data)
                0x00001cfc                __data_load_end = (__data_load_start + SIZEOF (.data))

.noinit         0x00800235        0x0
                [!provide]                PROVIDE (__noinit_start, .)
 *(.noinit*)
                [!provide]                PROVIDE (__noinit_end, .)
                0x00800235                _end = .
                0x00800235                PROVIDE (__heap_start, .)

.eeprom         0x00810000        0x0
 *(.eeprom*)
                0x00810000                __eeprom_end = .

.fuse
 *(.fuse)
 *(.lfuse)
 *(.hfuse)
 *(.efuse)

.lock
 *(.lock*)

.signature
 *(.signature*)

.user_signatures
 *(.user_signatures*)

.stab
 *(.stab)

.stabstr
 *(.stabstr)

.stab.excl
 *(.stab.excl)

.stab.exclstr
 *(.stab.exclstr)

.stab.index
 *(.stab.index)

.stab.indexstr
 *(.stab.indexstr)

.comment        0x00000000       0x30
 *(.comment)
 .comment       0x00000000       0x30 Sketch.o
                                 0x31 (size before relaxing)
 .comment       0x00000030       0x31 src/libraries/LiquidCrystal/src/LiquidCrystal.o
 .comment       0x00000030       0x31 src/libraries/TimerOne/TimerOne.o
 .comment       0x00000030       0x31 C:\Arduino\ArduinoSketch18\ArduinoSketch18\ArduinoCore\Debug\libArduinoCore.a(HardwareSerial.o)
 .comment       0x00000030       0x31 C:\Arduino\ArduinoSketch18\ArduinoSketch18\ArduinoCore\Debug\libArduinoCore.a(HardwareSerial0.o)
 .comment       0x00000030       0x31 C:\Arduino\ArduinoSketch18\ArduinoSketch18\ArduinoCore\Debug\libArduinoCore.a(main.o)
 .comment       0x00000030       0x31 C:\Arduino\ArduinoSketch18\ArduinoSketch18\ArduinoCore\Debug\libArduinoCore.a(Print.o)
 .comment       0x00000030       0x31 C:\Arduino\ArduinoSketch18\ArduinoSketch18\ArduinoCore\Debug\libArduinoCore.a(wiring.o)
 .comment       0x00000030       0x31 C:\Arduino\ArduinoSketch18\ArduinoSketch18\ArduinoCore\Debug\libArduinoCore.a(wiring_analog.o)
 .comment       0x00000030       0x31 C:\Arduino\ArduinoSketch18\ArduinoSketch18\ArduinoCore\Debug\libArduinoCore.a(wiring_digital.o)
 .comment       0x00000030       0x31 C:\Arduino\ArduinoSketch18\ArduinoSketch18\ArduinoCore\Debug\libArduinoCore.a(WMath.o)
 .comment       0x00000030       0x31 C:\Arduino\ArduinoSketch18\ArduinoSketch18\ArduinoCore\Debug\libArduinoCore.a(hooks.o)
 .comment       0x00000030       0x31 c:/program files (x86)/atmel/studio/7.0/toolchain/avr8/avr8-gnu-toolchain/bin/../lib/gcc/avr/5.4.0/../../../../avr/lib/avr5\libc.a(malloc.o)
 .comment       0x00000030       0x31 c:/program files (x86)/atmel/studio/7.0/toolchain/avr8/avr8-gnu-toolchain/bin/../lib/gcc/avr/5.4.0/../../../../avr/lib/avr5\libc.a(random.o)

.note.gnu.avr.deviceinfo
                0x00000000       0x40
 .note.gnu.avr.deviceinfo
                0x00000000       0x40 C:/Program Files (x86)/Atmel/Studio/7.0/Packs/atmel/ATmega_DFP/1.6.364/gcc/dev/atmega328p/avr5/crtatmega328p.o

.note.gnu.build-id
 *(.note.gnu.build-id)

.debug
 *(.debug)

.line
 *(.line)

.debug_srcinfo
 *(.debug_srcinfo)

.debug_sfnames
 *(.debug_sfnames)

.debug_aranges  0x00000000      0x470
 *(.debug_aranges)
 .debug_aranges
                0x00000000       0x48 Sketch.o
 .debug_aranges
                0x00000048      0x110 src/libraries/LiquidCrystal/src/LiquidCrystal.o
 .debug_aranges
                0x00000158       0x20 src/libraries/TimerOne/TimerOne.o
 .debug_aranges
                0x00000178       0x68 C:\Arduino\ArduinoSketch18\ArduinoSketch18\ArduinoCore\Debug\libArduinoCore.a(HardwareSerial.o)
 .debug_aranges
                0x000001e0       0x48 C:\Arduino\ArduinoSketch18\ArduinoSketch18\ArduinoCore\Debug\libArduinoCore.a(HardwareSerial0.o)
 .debug_aranges
                0x00000228       0x30 C:\Arduino\ArduinoSketch18\ArduinoSketch18\ArduinoCore\Debug\libArduinoCore.a(main.o)
 .debug_aranges
                0x00000258      0x100 C:\Arduino\ArduinoSketch18\ArduinoSketch18\ArduinoCore\Debug\libArduinoCore.a(Print.o)
 .debug_aranges
                0x00000358       0x48 C:\Arduino\ArduinoSketch18\ArduinoSketch18\ArduinoCore\Debug\libArduinoCore.a(wiring.o)
 .debug_aranges
                0x000003a0       0x30 C:\Arduino\ArduinoSketch18\ArduinoSketch18\ArduinoCore\Debug\libArduinoCore.a(wiring_analog.o)
 .debug_aranges
                0x000003d0       0x38 C:\Arduino\ArduinoSketch18\ArduinoSketch18\ArduinoCore\Debug\libArduinoCore.a(wiring_digital.o)
 .debug_aranges
                0x00000408       0x48 C:\Arduino\ArduinoSketch18\ArduinoSketch18\ArduinoCore\Debug\libArduinoCore.a(WMath.o)
 .debug_aranges
                0x00000450       0x20 C:\Arduino\ArduinoSketch18\ArduinoSketch18\ArduinoCore\Debug\libArduinoCore.a(hooks.o)

.debug_pubnames
 *(.debug_pubnames)

.debug_info     0x00000000     0xa733
 *(.debug_info .gnu.linkonce.wi.*)
 .debug_info    0x00000000      0x5f4 C:/Program Files (x86)/Atmel/Studio/7.0/Packs/atmel/ATmega_DFP/1.6.364/gcc/dev/atmega328p/avr5/crtatmega328p.o
 .debug_info    0x000005f4      0xe65 Sketch.o
 .debug_info    0x00001459     0x1bdd src/libraries/LiquidCrystal/src/LiquidCrystal.o
 .debug_info    0x00003036      0x3a9 src/libraries/TimerOne/TimerOne.o
 .debug_info    0x000033df     0x1f64 C:\Arduino\ArduinoSketch18\ArduinoSketch18\ArduinoCore\Debug\libArduinoCore.a(HardwareSerial.o)
 .debug_info    0x00005343     0x1b16 C:\Arduino\ArduinoSketch18\ArduinoSketch18\ArduinoCore\Debug\libArduinoCore.a(HardwareSerial0.o)
 .debug_info    0x00006e59      0x237 C:\Arduino\ArduinoSketch18\ArduinoSketch18\ArduinoCore\Debug\libArduinoCore.a(main.o)
 .debug_info    0x00007090     0x28ff C:\Arduino\ArduinoSketch18\ArduinoSketch18\ArduinoCore\Debug\libArduinoCore.a(Print.o)
 .debug_info    0x0000998f      0x2cb C:\Arduino\ArduinoSketch18\ArduinoSketch18\ArduinoCore\Debug\libArduinoCore.a(wiring.o)
 .debug_info    0x00009c5a      0x26d C:\Arduino\ArduinoSketch18\ArduinoSketch18\ArduinoCore\Debug\libArduinoCore.a(wiring_analog.o)
 .debug_info    0x00009ec7      0x5fe C:\Arduino\ArduinoSketch18\ArduinoSketch18\ArduinoCore\Debug\libArduinoCore.a(wiring_digital.o)
 .debug_info    0x0000a4c5      0x230 C:\Arduino\ArduinoSketch18\ArduinoSketch18\ArduinoCore\Debug\libArduinoCore.a(WMath.o)
 .debug_info    0x0000a6f5       0x3e C:\Arduino\ArduinoSketch18\ArduinoSketch18\ArduinoCore\Debug\libArduinoCore.a(hooks.o)

.debug_abbrev   0x00000000     0x212c
 *(.debug_abbrev)
 .debug_abbrev  0x00000000      0x5a2 C:/Program Files (x86)/Atmel/Studio/7.0/Packs/atmel/ATmega_DFP/1.6.364/gcc/dev/atmega328p/avr5/crtatmega328p.o
 .debug_abbrev  0x000005a2      0x351 Sketch.o
 .debug_abbrev  0x000008f3      0x365 src/libraries/LiquidCrystal/src/LiquidCrystal.o
 .debug_abbrev  0x00000c58      0x147 src/libraries/TimerOne/TimerOne.o
 .debug_abbrev  0x00000d9f      0x4b7 C:\Arduino\ArduinoSketch18\ArduinoSketch18\ArduinoCore\Debug\libArduinoCore.a(HardwareSerial.o)
 .debug_abbrev  0x00001256      0x3ce C:\Arduino\ArduinoSketch18\ArduinoSketch18\ArduinoCore\Debug\libArduinoCore.a(HardwareSerial0.o)
 .debug_abbrev  0x00001624      0x12d C:\Arduino\ArduinoSketch18\ArduinoSketch18\ArduinoCore\Debug\libArduinoCore.a(main.o)
 .debug_abbrev  0x00001751      0x47a C:\Arduino\ArduinoSketch18\ArduinoSketch18\ArduinoCore\Debug\libArduinoCore.a(Print.o)
 .debug_abbrev  0x00001bcb      0x146 C:\Arduino\ArduinoSketch18\ArduinoSketch18\ArduinoCore\Debug\libArduinoCore.a(wiring.o)
 .debug_abbrev  0x00001d11      0x16b C:\Arduino\ArduinoSketch18\ArduinoSketch18\ArduinoCore\Debug\libArduinoCore.a(wiring_analog.o)
 .debug_abbrev  0x00001e7c      0x15b C:\Arduino\ArduinoSketch18\ArduinoSketch18\ArduinoCore\Debug\libArduinoCore.a(wiring_digital.o)
 .debug_abbrev  0x00001fd7      0x12b C:\Arduino\ArduinoSketch18\ArduinoSketch18\ArduinoCore\Debug\libArduinoCore.a(WMath.o)
 .debug_abbrev  0x00002102       0x2a C:\Arduino\ArduinoSketch18\ArduinoSketch18\ArduinoCore\Debug\libArduinoCore.a(hooks.o)

.debug_line     0x00000000     0x27ae
 *(.debug_line .debug_line.* .debug_line_end)
 .debug_line    0x00000000      0x134 C:/Program Files (x86)/Atmel/Studio/7.0/Packs/atmel/ATmega_DFP/1.6.364/gcc/dev/atmega328p/avr5/crtatmega328p.o
 .debug_line    0x00000134      0x419 Sketch.o
 .debug_line    0x0000054d      0x950 src/libraries/LiquidCrystal/src/LiquidCrystal.o
 .debug_line    0x00000e9d      0x159 src/libraries/TimerOne/TimerOne.o
 .debug_line    0x00000ff6      0x4c4 C:\Arduino\ArduinoSketch18\ArduinoSketch18\ArduinoCore\Debug\libArduinoCore.a(HardwareSerial.o)
 .debug_line    0x000014ba      0x28c C:\Arduino\ArduinoSketch18\ArduinoSketch18\ArduinoCore\Debug\libArduinoCore.a(HardwareSerial0.o)
 .debug_line    0x00001746      0x165 C:\Arduino\ArduinoSketch18\ArduinoSketch18\ArduinoCore\Debug\libArduinoCore.a(main.o)
 .debug_line    0x000018ab      0x685 C:\Arduino\ArduinoSketch18\ArduinoSketch18\ArduinoCore\Debug\libArduinoCore.a(Print.o)
 .debug_line    0x00001f30      0x299 C:\Arduino\ArduinoSketch18\ArduinoSketch18\ArduinoCore\Debug\libArduinoCore.a(wiring.o)
 .debug_line    0x000021c9      0x20f C:\Arduino\ArduinoSketch18\ArduinoSketch18\ArduinoCore\Debug\libArduinoCore.a(wiring_analog.o)
 .debug_line    0x000023d8      0x252 C:\Arduino\ArduinoSketch18\ArduinoSketch18\ArduinoCore\Debug\libArduinoCore.a(wiring_digital.o)
 .debug_line    0x0000262a      0x143 C:\Arduino\ArduinoSketch18\ArduinoSketch18\ArduinoCore\Debug\libArduinoCore.a(WMath.o)
 .debug_line    0x0000276d       0x41 C:\Arduino\ArduinoSketch18\ArduinoSketch18\ArduinoCore\Debug\libArduinoCore.a(hooks.o)

.debug_frame    0x00000000      0xd3c
 *(.debug_frame)
 .debug_frame   0x00000000       0xe0 Sketch.o
 .debug_frame   0x000000e0      0x354 src/libraries/LiquidCrystal/src/LiquidCrystal.o
 .debug_frame   0x00000434       0x6c src/libraries/TimerOne/TimerOne.o
 .debug_frame   0x000004a0      0x110 C:\Arduino\ArduinoSketch18\ArduinoSketch18\ArduinoCore\Debug\libArduinoCore.a(HardwareSerial.o)
 .debug_frame   0x000005b0       0xe0 C:\Arduino\ArduinoSketch18\ArduinoSketch18\ArduinoCore\Debug\libArduinoCore.a(HardwareSerial0.o)
 .debug_frame   0x00000690       0x54 C:\Arduino\ArduinoSketch18\ArduinoSketch18\ArduinoCore\Debug\libArduinoCore.a(main.o)
 .debug_frame   0x000006e4      0x3ac C:\Arduino\ArduinoSketch18\ArduinoSketch18\ArduinoCore\Debug\libArduinoCore.a(Print.o)
 .debug_frame   0x00000a90       0xc4 C:\Arduino\ArduinoSketch18\ArduinoSketch18\ArduinoCore\Debug\libArduinoCore.a(wiring.o)
 .debug_frame   0x00000b54       0x54 C:\Arduino\ArduinoSketch18\ArduinoSketch18\ArduinoCore\Debug\libArduinoCore.a(wiring_analog.o)
 .debug_frame   0x00000ba8       0x7c C:\Arduino\ArduinoSketch18\ArduinoSketch18\ArduinoCore\Debug\libArduinoCore.a(wiring_digital.o)
 .debug_frame   0x00000c24       0xf4 C:\Arduino\ArduinoSketch18\ArduinoSketch18\ArduinoCore\Debug\libArduinoCore.a(WMath.o)
 .debug_frame   0x00000d18       0x24 C:\Arduino\ArduinoSketch18\ArduinoSketch18\ArduinoCore\Debug\libArduinoCore.a(hooks.o)

.debug_str      0x00000000     0x2966
 *(.debug_str)
 .debug_str     0x00000000      0x208 C:/Program Files (x86)/Atmel/Studio/7.0/Packs/atmel/ATmega_DFP/1.6.364/gcc/dev/atmega328p/avr5/crtatmega328p.o
 .debug_str     0x00000208      0x69a Sketch.o
                                0x6fe (size before relaxing)
 .debug_str     0x000008a2      0x62a src/libraries/LiquidCrystal/src/LiquidCrystal.o
                                0x937 (size before relaxing)
 .debug_str     0x00000ecc       0x85 src/libraries/TimerOne/TimerOne.o
                                0x4a7 (size before relaxing)
 .debug_str     0x00000f51     0x12fd C:\Arduino\ArduinoSketch18\ArduinoSketch18\ArduinoCore\Debug\libArduinoCore.a(HardwareSerial.o)
                               0x15fd (size before relaxing)
 .debug_str     0x0000224e       0x47 C:\Arduino\ArduinoSketch18\ArduinoSketch18\ArduinoCore\Debug\libArduinoCore.a(HardwareSerial0.o)
                               0x13f0 (size before relaxing)
 .debug_str     0x00002295       0x37 C:\Arduino\ArduinoSketch18\ArduinoSketch18\ArduinoCore\Debug\libArduinoCore.a(main.o)
                                0x29c (size before relaxing)
 .debug_str     0x000022cc      0x399 C:\Arduino\ArduinoSketch18\ArduinoSketch18\ArduinoCore\Debug\libArduinoCore.a(Print.o)
                               0x122a (size before relaxing)
 .debug_str     0x00002665      0x144 C:\Arduino\ArduinoSketch18\ArduinoSketch18\ArduinoCore\Debug\libArduinoCore.a(wiring.o)
                                0x232 (size before relaxing)
 .debug_str     0x000027a9       0x67 C:\Arduino\ArduinoSketch18\ArduinoSketch18\ArduinoCore\Debug\libArduinoCore.a(wiring_analog.o)
                                0x236 (size before relaxing)
 .debug_str     0x00002810       0xa9 C:\Arduino\ArduinoSketch18\ArduinoSketch18\ArduinoCore\Debug\libArduinoCore.a(wiring_digital.o)
                                0x297 (size before relaxing)
 .debug_str     0x000028b9       0x91 C:\Arduino\ArduinoSketch18\ArduinoSketch18\ArduinoCore\Debug\libArduinoCore.a(WMath.o)
                                0x235 (size before relaxing)
 .debug_str     0x0000294a       0x1c C:\Arduino\ArduinoSketch18\ArduinoSketch18\ArduinoCore\Debug\libArduinoCore.a(hooks.o)
                                0x127 (size before relaxing)

.debug_loc      0x00000000     0x4ecd
 *(.debug_loc)
 .debug_loc     0x00000000      0x324 Sketch.o
 .debug_loc     0x00000324     0x1a6e src/libraries/LiquidCrystal/src/LiquidCrystal.o
 .debug_loc     0x00001d92       0xcb src/libraries/TimerOne/TimerOne.o
 .debug_loc     0x00001e5d      0x4dc C:\Arduino\ArduinoSketch18\ArduinoSketch18\ArduinoCore\Debug\libArduinoCore.a(HardwareSerial.o)
 .debug_loc     0x00002339      0x1b0 C:\Arduino\ArduinoSketch18\ArduinoSketch18\ArduinoCore\Debug\libArduinoCore.a(HardwareSerial0.o)
 .debug_loc     0x000024e9     0x1c87 C:\Arduino\ArduinoSketch18\ArduinoSketch18\ArduinoCore\Debug\libArduinoCore.a(Print.o)
 .debug_loc     0x00004170      0x28d C:\Arduino\ArduinoSketch18\ArduinoSketch18\ArduinoCore\Debug\libArduinoCore.a(wiring.o)
 .debug_loc     0x000043fd       0xfe C:\Arduino\ArduinoSketch18\ArduinoSketch18\ArduinoCore\Debug\libArduinoCore.a(wiring_analog.o)
 .debug_loc     0x000044fb      0x5fc C:\Arduino\ArduinoSketch18\ArduinoSketch18\ArduinoCore\Debug\libArduinoCore.a(wiring_digital.o)
 .debug_loc     0x00004af7      0x3d6 C:\Arduino\ArduinoSketch18\ArduinoSketch18\ArduinoCore\Debug\libArduinoCore.a(WMath.o)

.debug_macinfo
 *(.debug_macinfo)

.debug_weaknames
 *(.debug_weaknames)

.debug_funcnames
 *(.debug_funcnames)

.debug_typenames
 *(.debug_typenames)

.debug_varnames
 *(.debug_varnames)

.debug_pubtypes
 *(.debug_pubtypes)

.debug_ranges   0x00000000      0x458
 *(.debug_ranges)
 .debug_ranges  0x00000000       0x38 Sketch.o
 .debug_ranges  0x00000038      0x178 src/libraries/LiquidCrystal/src/LiquidCrystal.o
 .debug_ranges  0x000001b0       0x10 src/libraries/TimerOne/TimerOne.o
 .debug_ranges  0x000001c0       0x58 C:\Arduino\ArduinoSketch18\ArduinoSketch18\ArduinoCore\Debug\libArduinoCore.a(HardwareSerial.o)
 .debug_ranges  0x00000218       0x38 C:\Arduino\ArduinoSketch18\ArduinoSketch18\ArduinoCore\Debug\libArduinoCore.a(HardwareSerial0.o)
 .debug_ranges  0x00000250       0x20 C:\Arduino\ArduinoSketch18\ArduinoSketch18\ArduinoCore\Debug\libArduinoCore.a(main.o)
 .debug_ranges  0x00000270      0x120 C:\Arduino\ArduinoSketch18\ArduinoSketch18\ArduinoCore\Debug\libArduinoCore.a(Print.o)
 .debug_ranges  0x00000390       0x38 C:\Arduino\ArduinoSketch18\ArduinoSketch18\ArduinoCore\Debug\libArduinoCore.a(wiring.o)
 .debug_ranges  0x000003c8       0x20 C:\Arduino\ArduinoSketch18\ArduinoSketch18\ArduinoCore\Debug\libArduinoCore.a(wiring_analog.o)
 .debug_ranges  0x000003e8       0x28 C:\Arduino\ArduinoSketch18\ArduinoSketch18\ArduinoCore\Debug\libArduinoCore.a(wiring_digital.o)
 .debug_ranges  0x00000410       0x38 C:\Arduino\ArduinoSketch18\ArduinoSketch18\ArduinoCore\Debug\libArduinoCore.a(WMath.o)
 .debug_ranges  0x00000448       0x10 C:\Arduino\ArduinoSketch18\ArduinoSketch18\ArduinoCore\Debug\libArduinoCore.a(hooks.o)

.debug_macro
 *(.debug_macro)
OUTPUT(sketch_aug01a.elf elf32-avr)
LOAD linker stubs
