Archive member included to satisfy reference by file (symbol)

c:/program files (x86)/atmel/studio/7.0/toolchain/avr8/avr8-gnu-toolchain/bin/../lib/gcc/avr/5.4.0/../../../../avr/lib/avr5\libm.a(addsf3.o)
                              Sketch.o (__addsf3)
c:/program files (x86)/atmel/studio/7.0/toolchain/avr8/avr8-gnu-toolchain/bin/../lib/gcc/avr/5.4.0/../../../../avr/lib/avr5\libm.a(addsf3x.o)
                              c:/program files (x86)/atmel/studio/7.0/toolchain/avr8/avr8-gnu-toolchain/bin/../lib/gcc/avr/5.4.0/../../../../avr/lib/avr5\libm.a(addsf3.o) (__addsf3x)
c:/program files (x86)/atmel/studio/7.0/toolchain/avr8/avr8-gnu-toolchain/bin/../lib/gcc/avr/5.4.0/../../../../avr/lib/avr5\libm.a(divsf3.o)
                              Sketch.o (__divsf3)
c:/program files (x86)/atmel/studio/7.0/toolchain/avr8/avr8-gnu-toolchain/bin/../lib/gcc/avr/5.4.0/../../../../avr/lib/avr5\libm.a(divsf3x.o)
                              c:/program files (x86)/atmel/studio/7.0/toolchain/avr8/avr8-gnu-toolchain/bin/../lib/gcc/avr/5.4.0/../../../../avr/lib/avr5\libm.a(divsf3.o) (__divsf3x)
c:/program files (x86)/atmel/studio/7.0/toolchain/avr8/avr8-gnu-toolchain/bin/../lib/gcc/avr/5.4.0/../../../../avr/lib/avr5\libm.a(fixsfsi.o)
                              Sketch.o (__fixsfsi)
c:/program files (x86)/atmel/studio/7.0/toolchain/avr8/avr8-gnu-toolchain/bin/../lib/gcc/avr/5.4.0/../../../../avr/lib/avr5\libm.a(fixunssfsi.o)
                              c:/program files (x86)/atmel/studio/7.0/toolchain/avr8/avr8-gnu-toolchain/bin/../lib/gcc/avr/5.4.0/../../../../avr/lib/avr5\libm.a(fixsfsi.o) (__fixunssfsi)
c:/program files (x86)/atmel/studio/7.0/toolchain/avr8/avr8-gnu-toolchain/bin/../lib/gcc/avr/5.4.0/../../../../avr/lib/avr5\libm.a(floatsisf.o)
                              Sketch.o (__floatsisf)
c:/program files (x86)/atmel/studio/7.0/toolchain/avr8/avr8-gnu-toolchain/bin/../lib/gcc/avr/5.4.0/../../../../avr/lib/avr5\libm.a(fp_inf.o)
                              c:/program files (x86)/atmel/studio/7.0/toolchain/avr8/avr8-gnu-toolchain/bin/../lib/gcc/avr/5.4.0/../../../../avr/lib/avr5\libm.a(addsf3x.o) (__fp_inf)
c:/program files (x86)/atmel/studio/7.0/toolchain/avr8/avr8-gnu-toolchain/bin/../lib/gcc/avr/5.4.0/../../../../avr/lib/avr5\libm.a(fp_nan.o)
                              c:/program files (x86)/atmel/studio/7.0/toolchain/avr8/avr8-gnu-toolchain/bin/../lib/gcc/avr/5.4.0/../../../../avr/lib/avr5\libm.a(addsf3x.o) (__fp_nan)
c:/program files (x86)/atmel/studio/7.0/toolchain/avr8/avr8-gnu-toolchain/bin/../lib/gcc/avr/5.4.0/../../../../avr/lib/avr5\libm.a(fp_pscA.o)
                              c:/program files (x86)/atmel/studio/7.0/toolchain/avr8/avr8-gnu-toolchain/bin/../lib/gcc/avr/5.4.0/../../../../avr/lib/avr5\libm.a(addsf3x.o) (__fp_pscA)
c:/program files (x86)/atmel/studio/7.0/toolchain/avr8/avr8-gnu-toolchain/bin/../lib/gcc/avr/5.4.0/../../../../avr/lib/avr5\libm.a(fp_pscB.o)
                              c:/program files (x86)/atmel/studio/7.0/toolchain/avr8/avr8-gnu-toolchain/bin/../lib/gcc/avr/5.4.0/../../../../avr/lib/avr5\libm.a(addsf3x.o) (__fp_pscB)
c:/program files (x86)/atmel/studio/7.0/toolchain/avr8/avr8-gnu-toolchain/bin/../lib/gcc/avr/5.4.0/../../../../avr/lib/avr5\libm.a(fp_round.o)
                              c:/program files (x86)/atmel/studio/7.0/toolchain/avr8/avr8-gnu-toolchain/bin/../lib/gcc/avr/5.4.0/../../../../avr/lib/avr5\libm.a(addsf3.o) (__fp_round)
c:/program files (x86)/atmel/studio/7.0/toolchain/avr8/avr8-gnu-toolchain/bin/../lib/gcc/avr/5.4.0/../../../../avr/lib/avr5\libm.a(fp_split3.o)
                              c:/program files (x86)/atmel/studio/7.0/toolchain/avr8/avr8-gnu-toolchain/bin/../lib/gcc/avr/5.4.0/../../../../avr/lib/avr5\libm.a(addsf3x.o) (__fp_split3)
c:/program files (x86)/atmel/studio/7.0/toolchain/avr8/avr8-gnu-toolchain/bin/../lib/gcc/avr/5.4.0/../../../../avr/lib/avr5\libm.a(fp_zero.o)
                              c:/program files (x86)/atmel/studio/7.0/toolchain/avr8/avr8-gnu-toolchain/bin/../lib/gcc/avr/5.4.0/../../../../avr/lib/avr5\libm.a(addsf3x.o) (__fp_zero)
C:\Arduino\ArduinoSketch19\ArduinoSketch19\ArduinoCore\Debug\libArduinoCore.a(main.o)
                              C:/Program Files (x86)/Atmel/Studio/7.0/Packs/atmel/ATmega_DFP/1.6.364/gcc/dev/atmega328p/avr5/crtatmega328p.o (main)
C:\Arduino\ArduinoSketch19\ArduinoSketch19\ArduinoCore\Debug\libArduinoCore.a(Print.o)
                              src/libraries/LiquidCrystal/src/LiquidCrystal.o (_ZN5Print5writeEPKhj)
C:\Arduino\ArduinoSketch19\ArduinoSketch19\ArduinoCore\Debug\libArduinoCore.a(wiring.o)
                              Sketch.o (delay)
C:\Arduino\ArduinoSketch19\ArduinoSketch19\ArduinoCore\Debug\libArduinoCore.a(wiring_analog.o)
                              Sketch.o (analogRead)
C:\Arduino\ArduinoSketch19\ArduinoSketch19\ArduinoCore\Debug\libArduinoCore.a(wiring_digital.o)
                              Sketch.o (pinMode)
[...]
Memory Configuration

Name             Origin             Length             Attributes
text             0x00000000         0x00008000         xr
data             0x00800100         0x00000800         rw !x
eeprom           0x00810000         0x00000400         rw !x
fuse             0x00820000         0x00000003         rw !x
lock             0x00830000         0x00000400         rw !x
signature        0x00840000         0x00000400         rw !x
user_signatures  0x00850000         0x00000400         rw !x
*default*        0x00000000         0xffffffff

Linker script and memory map

Address of section .data set to 0x800100
LOAD C:/Program Files (x86)/Atmel/Studio/7.0/Packs/atmel/ATmega_DFP/1.6.364/gcc/dev/atmega328p/avr5/crtatmega328p.o
LOAD Sketch.o
LOAD src/libraries/LiquidCrystal/src/LiquidCrystal.o
LOAD src/libraries/TimerOne/TimerOne.o
START GROUP
LOAD c:/program files (x86)/atmel/studio/7.0/toolchain/avr8/avr8-gnu-toolchain/bin/../lib/gcc/avr/5.4.0/../../../../avr/lib/avr5\libm.a
LOAD C:\Arduino\ArduinoSketch19\ArduinoSketch19\ArduinoCore\Debug\libArduinoCore.a
END GROUP
LOAD c:/program files (x86)/atmel/studio/7.0/toolchain/avr8/avr8-gnu-toolchain/bin/../lib/gcc/avr/5.4.0/avr5\libgcc.a
LOAD c:/program files (x86)/atmel/studio/7.0/toolchain/avr8/avr8-gnu-toolchain/bin/../lib/gcc/avr/5.4.0/../../../../avr/lib/avr5\libm.a
START GROUP
LOAD c:/program files (x86)/atmel/studio/7.0/toolchain/avr8/avr8-gnu-toolchain/bin/../lib/gcc/avr/5.4.0/avr5\libgcc.a
LOAD c:/program files (x86)/atmel/studio/7.0/toolchain/avr8/avr8-gnu-toolchain/bin/../lib/gcc/avr/5.4.0/../../../../avr/lib/avr5\libm.a
LOAD c:/program files (x86)/atmel/studio/7.0/toolchain/avr8/avr8-gnu-toolchain/bin/../lib/gcc/avr/5.4.0/../../../../avr/lib/avr5\libc.a
LOAD C:/Program Files (x86)/Atmel/Studio/7.0/Packs/atmel/ATmega_DFP/1.6.364/gcc/dev/atmega328p/avr5\libatmega328p.a
END GROUP
                0x00000000                __TEXT_REGION_ORIGIN__ = DEFINED (__TEXT_REGION_ORIGIN__)?__TEXT_REGION_ORIGIN__:0x0
                [0x00800100]                __DATA_REGION_ORIGIN__ = DEFINED (__DATA_REGION_ORIGIN__)?__DATA_REGION_ORIGIN__:0x800060
                [0x00008000]                __TEXT_REGION_LENGTH__ = DEFINED (__TEXT_REGION_LENGTH__)?__TEXT_REGION_LENGTH__:0x20000
                [0x00000800]                __DATA_REGION_LENGTH__ = DEFINED (__DATA_REGION_LENGTH__)?__DATA_REGION_LENGTH__:0xffa0
                [0x00000400]                __EEPROM_REGION_LENGTH__ = DEFINED (__EEPROM_REGION_LENGTH__)?__EEPROM_REGION_LENGTH__:0x10000
                [0x00000003]                __FUSE_REGION_LENGTH__ = DEFINED (__FUSE_REGION_LENGTH__)?__FUSE_REGION_LENGTH__:0x400
                0x00000400                __LOCK_REGION_LENGTH__ = DEFINED (__LOCK_REGION_LENGTH__)?__LOCK_REGION_LENGTH__:0x400
                0x00000400                __SIGNATURE_REGION_LENGTH__ = DEFINED (__SIGNATURE_REGION_LENGTH__)?__SIGNATURE_REGION_LENGTH__:0x400
                0x00000400                __USER_SIGNATURE_REGION_LENGTH__ = DEFINED (__USER_SIGNATURE_REGION_LENGTH__)?__USER_SIGNATURE_REGION_LENGTH__:0x400

.hash
 *(.hash)

.dynsym
 *(.dynsym)

.dynstr
 *(.dynstr)

.gnu.version
 *(.gnu.version)

.gnu.version_d
 *(.gnu.version_d)

.gnu.version_r
 *(.gnu.version_r)

.rel.init
 *(.rel.init)

.rela.init
 *(.rela.init)

.rel.text
 *(.rel.text)
 *(.rel.text.*)
 *(.rel.gnu.linkonce.t*)

.rela.text
 *(.rela.text)
 *(.rela.text.*)
 *(.rela.gnu.linkonce.t*)

.rel.fini
 *(.rel.fini)

.rela.fini
 *(.rela.fini)

.rel.rodata
 *(.rel.rodata)
 *(.rel.rodata.*)
 *(.rel.gnu.linkonce.r*)

.rela.rodata
 *(.rela.rodata)
 *(.rela.rodata.*)
 *(.rela.gnu.linkonce.r*)

.rel.data
 *(.rel.data)
 *(.rel.data.*)
 *(.rel.gnu.linkonce.d*)

.rela.data
 *(.rela.data)
 *(.rela.data.*)
 *(.rela.gnu.linkonce.d*)

.rel.ctors
 *(.rel.ctors)

.rela.ctors
 *(.rela.ctors)

.rel.dtors
 *(.rel.dtors)

.rela.dtors
 *(.rela.dtors)

.rel.got
 *(.rel.got)

.rela.got
 *(.rela.got)

.rel.bss
 *(.rel.bss)

.rela.bss
 *(.rela.bss)

.rel.plt
 *(.rel.plt)

.rela.plt
 *(.rela.plt)

.text           0x00000000     0x1afc
 *(.vectors)
 .vectors       0x00000000       0x68 C:/Program Files (x86)/Atmel/Studio/7.0/Packs/atmel/ATmega_DFP/1.6.364/gcc/dev/atmega328p/avr5/crtatmega328p.o
                0x00000000                __vector_default
                0x00000000                __vectors
 *(.vectors)
 *(.progmem.gcc*)
                0x00000068                . = ALIGN (0x2)
                0x00000068                __trampolines_start = .
 *(.trampolines)
 .trampolines   0x00000068        0x0 linker stubs
 *(.trampolines*)
                0x00000068                __trampolines_end = .
 *libprintf_flt.a:*(.progmem.data)
 *libc.a:*(.progmem.data)
 *(.progmem*)
 .progmem.data.digital_pin_to_timer_PGM
                0x00000068       0x14 C:\Arduino\ArduinoSketch19\ArduinoSketch19\ArduinoCore\Debug\libArduinoCore.a(wiring_digital.o)
                0x00000068                digital_pin_to_timer_PGM
 .progmem.data.digital_pin_to_bit_mask_PGM
                0x0000007c       0x14 C:\Arduino\ArduinoSketch19\ArduinoSketch19\ArduinoCore\Debug\libArduinoCore.a(wiring_digital.o)
                0x0000007c                digital_pin_to_bit_mask_PGM
 .progmem.data.digital_pin_to_port_PGM
                0x00000090       0x14 C:\Arduino\ArduinoSketch19\ArduinoSketch19\ArduinoCore\Debug\libArduinoCore.a(wiring_digital.o)
                0x00000090                digital_pin_to_port_PGM
 .progmem.data.port_to_output_PGM
                0x000000a4        0xa C:\Arduino\ArduinoSketch19\ArduinoSketch19\ArduinoCore\Debug\libArduinoCore.a(wiring_digital.o)
                0x000000a4                port_to_output_PGM
 .progmem.data.port_to_mode_PGM
                0x000000ae        0xa C:\Arduino\ArduinoSketch19\ArduinoSketch19\ArduinoCore\Debug\libArduinoCore.a(wiring_digital.o)
                0x000000ae                port_to_mode_PGM
                0x000000b8                . = ALIGN (0x2)
 *(.jumptables)
 *(.jumptables*)
 *(.lowtext)
 *(.lowtext*)
                0x000000b8                __ctors_start = .
 *(.ctors)
 .ctors         0x000000b8        0x2 Sketch.o
                0x000000ba                __ctors_end = .
                0x000000ba                __dtors_start = .
 *(.dtors)
                0x000000ba                __dtors_end = .
 SORT(*)(.ctors)
 SORT(*)(.dtors)
 *(.init0)
 .init0         0x000000ba        0x0 C:/Program Files (x86)/Atmel/Studio/7.0/Packs/atmel/ATmega_DFP/1.6.364/gcc/dev/atmega328p/avr5/crtatmega328p.o
                0x000000ba                __init
 *(.init0)
 *(.init1)
 *(.init1)
 *(.init2)
 .init2         0x000000ba        0xc C:/Program Files (x86)/Atmel/Studio/7.0/Packs/atmel/ATmega_DFP/1.6.364/gcc/dev/atmega328p/avr5/crtatmega328p.o
 *(.init2)
 *(.init3)
 *(.init3)
 *(.init4)
 .init4         0x000000c6       0x16 c:/program files (x86)/atmel/studio/7.0/toolchain/avr8/avr8-gnu-toolchain/bin/../lib/gcc/avr/5.4.0/avr5\libgcc.a(_copy_data.o)
                0x000000c6                __do_copy_data
 .init4         0x000000dc       0x10 c:/program files (x86)/atmel/studio/7.0/toolchain/avr8/avr8-gnu-toolchain/bin/../lib/gcc/avr/5.4.0/avr5\libgcc.a(_clear_bss.o)
                0x000000dc                __do_clear_bss
 *(.init4)
 *(.init5)
 *(.init5)
 *(.init6)
 .init6         0x000000ec       0x16 c:/program files (x86)/atmel/studio/7.0/toolchain/avr8/avr8-gnu-toolchain/bin/../lib/gcc/avr/5.4.0/avr5\libgcc.a(_ctors.o)
                0x000000ec                __do_global_ctors
 *(.init6)
 *(.init7)
 *(.init7)
 *(.init8)
 *(.init8)
 *(.init9)
 .init9         0x00000102        0x8 C:/Program Files (x86)/Atmel/Studio/7.0/Packs/atmel/ATmega_DFP/1.6.364/gcc/dev/atmega328p/avr5/crtatmega328p.o
 *(.init9)
 *(.text)
 .text          0x0000010a        0x4 C:/Program Files (x86)/Atmel/Studio/7.0/Packs/atmel/ATmega_DFP/1.6.364/gcc/dev/atmega328p/avr5/crtatmega328p.o
                0x0000010a                __vector_22
                0x0000010a                __vector_1
                0x0000010a                __vector_24
                0x0000010a                __vector_12
                0x0000010a                __bad_interrupt
                0x0000010a                __vector_6
                0x0000010a                __vector_3
                0x0000010a                __vector_23
                0x0000010a                __vector_25
                0x0000010a                __vector_11
                0x0000010a                __vector_17
                0x0000010a                __vector_19
                0x0000010a                __vector_7
                0x0000010a                __vector_5
                0x0000010a                __vector_4
                0x0000010a                __vector_9
                0x0000010a                __vector_2
                0x0000010a                __vector_21
                0x0000010a                __vector_15
                0x0000010a                __vector_8
                0x0000010a                __vector_14
                0x0000010a                __vector_10
                0x0000010a                __vector_18
                0x0000010a                __vector_20
                0x0000010e                . = ALIGN (0x2)
 *(.text.*)
 .text._Z7Valoresv
                0x0000010e      0x2cc Sketch.o
                0x0000010e                _Z7Valoresv
 .text.setup    0x000003da       0xda Sketch.o
                0x000003da                setup
 .text.loop     0x000004b4       0xdc Sketch.o
                0x000004b4                loop
 .text.startup._GLOBAL__sub_I_lcd
                0x00000590       0x26 Sketch.o
 .text._ZN5Print17availableForWriteEv
                0x000005b6        0x6 src/libraries/LiquidCrystal/src/LiquidCrystal.o
                0x000005b6                _ZN5Print17availableForWriteEv
 .text._ZN5Print5flushEv
                0x000005bc        0x2 src/libraries/LiquidCrystal/src/LiquidCrystal.o
                0x000005bc                _ZN5Print5flushEv
 .text._ZN13LiquidCrystal11pulseEnableEv
                0x000005be       0x3a src/libraries/LiquidCrystal/src/LiquidCrystal.o
                0x000005be                _ZN13LiquidCrystal11pulseEnableEv
 .text._ZN13LiquidCrystal10write4bitsEh
                0x000005f8       0x5a src/libraries/LiquidCrystal/src/LiquidCrystal.o
                0x000005f8                _ZN13LiquidCrystal10write4bitsEh
 .text._ZN13LiquidCrystal10write8bitsEh
                0x00000652       0x5a src/libraries/LiquidCrystal/src/LiquidCrystal.o
                0x00000652                _ZN13LiquidCrystal10write8bitsEh
 .text._ZN13LiquidCrystal4sendEhh
                0x000006ac       0x52 src/libraries/LiquidCrystal/src/LiquidCrystal.o
                0x000006ac                _ZN13LiquidCrystal4sendEhh
 .text._ZN13LiquidCrystal7commandEh
                0x000006fe        0x6 src/libraries/LiquidCrystal/src/LiquidCrystal.o
                0x000006fe                _ZN13LiquidCrystal7commandEh
 .text._ZN13LiquidCrystal5clearEv
                0x00000704        0xe src/libraries/LiquidCrystal/src/LiquidCrystal.o
                0x00000704                _ZN13LiquidCrystal5clearEv
 .text._ZN13LiquidCrystal9setCursorEhh
                0x00000712       0x26 src/libraries/LiquidCrystal/src/LiquidCrystal.o
                0x00000712                _ZN13LiquidCrystal9setCursorEhh
 .text._ZN13LiquidCrystal7displayEv
                0x00000738       0x10 src/libraries/LiquidCrystal/src/LiquidCrystal.o
                0x00000738                _ZN13LiquidCrystal7displayEv
 .text._ZN13LiquidCrystal5beginEhhh
                0x00000748      0x14a src/libraries/LiquidCrystal/src/LiquidCrystal.o
                0x00000748                _ZN13LiquidCrystal5beginEhhh
 .text._ZN13LiquidCrystalC2Ehhhhhh
                0x00000892       0x40 src/libraries/LiquidCrystal/src/LiquidCrystal.o
                0x00000892                _ZN13LiquidCrystalC1Ehhhhhh
                0x00000892                _ZN13LiquidCrystalC2Ehhhhhh
 .text._ZN13LiquidCrystal5writeEh
                0x000008d2        0xc src/libraries/LiquidCrystal/src/LiquidCrystal.o
                0x000008d2                _ZN13LiquidCrystal5writeEh
 .text.__vector_13
                0x000008de       0x4e src/libraries/TimerOne/TimerOne.o
                0x000008de                __vector_13
 .text.avr-libc.fplib
                0x0000092c        0xe c:/program files (x86)/atmel/studio/7.0/toolchain/avr8/avr8-gnu-toolchain/bin/../lib/gcc/avr/5.4.0/../../../../avr/lib/avr5\libm.a(addsf3.o)
                0x0000092c                __subsf3
                0x0000092e                __addsf3
 .text.avr-libc.fplib
                0x0000093a       0xcc c:/program files (x86)/atmel/studio/7.0/toolchain/avr8/avr8-gnu-toolchain/bin/../lib/gcc/avr/5.4.0/../../../../avr/lib/avr5\libm.a(addsf3x.o)
                0x0000095c                __addsf3x
 .text.avr-libc.fplib
                0x00000a06        0x8 c:/program files (x86)/atmel/studio/7.0/toolchain/avr8/avr8-gnu-toolchain/bin/../lib/gcc/avr/5.4.0/../../../../avr/lib/avr5\libm.a(divsf3.o)
                0x00000a06                __divsf3
 .text.avr-libc.fplib
                0x00000a0e       0xdc c:/program files (x86)/atmel/studio/7.0/toolchain/avr8/avr8-gnu-toolchain/bin/../lib/gcc/avr/5.4.0/../../../../avr/lib/avr5\libm.a(divsf3x.o)
                0x00000a2e                __divsf3x
                0x00000a34                __divsf3_pse
 .text.avr-libc.fplib
                0x00000aea        0xe c:/program files (x86)/atmel/studio/7.0/toolchain/avr8/avr8-gnu-toolchain/bin/../lib/gcc/avr/5.4.0/../../../../avr/lib/avr5\libm.a(fixsfsi.o)
                0x00000aea                __fixsfsi
 .text.avr-libc.fplib
                0x00000af8       0x5e c:/program files (x86)/atmel/studio/7.0/toolchain/avr8/avr8-gnu-toolchain/bin/../lib/gcc/avr/5.4.0/../../../../avr/lib/avr5\libm.a(fixunssfsi.o)
                0x00000af8                __fixunssfsi
 .text.avr-libc.fplib
                0x00000b56       0x7a c:/program files (x86)/atmel/studio/7.0/toolchain/avr8/avr8-gnu-toolchain/bin/../lib/gcc/avr/5.4.0/../../../../avr/lib/avr5\libm.a(floatsisf.o)
                0x00000b56                __floatunsisf
                0x00000b5a                __floatsisf
 .text.avr-libc.fplib
                0x00000bd0        0xc c:/program files (x86)/atmel/studio/7.0/toolchain/avr8/avr8-gnu-toolchain/bin/../lib/gcc/avr/5.4.0/../../../../avr/lib/avr5\libm.a(fp_inf.o)
                0x00000bd0                __fp_inf
 .text.avr-libc.fplib
                0x00000bdc        0x6 c:/program files (x86)/atmel/studio/7.0/toolchain/avr8/avr8-gnu-toolchain/bin/../lib/gcc/avr/5.4.0/../../../../avr/lib/avr5\libm.a(fp_nan.o)
                0x00000bdc                __fp_nan
 .text.avr-libc.fplib
                0x00000be2        0xe c:/program files (x86)/atmel/studio/7.0/toolchain/avr8/avr8-gnu-toolchain/bin/../lib/gcc/avr/5.4.0/../../../../avr/lib/avr5\libm.a(fp_pscA.o)
                0x00000be2                __fp_pscA
 .text.avr-libc.fplib
                0x00000bf0        0xe c:/program files (x86)/atmel/studio/7.0/toolchain/avr8/avr8-gnu-toolchain/bin/../lib/gcc/avr/5.4.0/../../../../avr/lib/avr5\libm.a(fp_pscB.o)
                0x00000bf0                __fp_pscB
 .text.avr-libc.fplib
                0x00000bfe       0x22 c:/program files (x86)/atmel/studio/7.0/toolchain/avr8/avr8-gnu-toolchain/bin/../lib/gcc/avr/5.4.0/../../../../avr/lib/avr5\libm.a(fp_round.o)
                0x00000bfe                __fp_round
 .text.avr-libc.fplib
                0x00000c20       0x44 c:/program files (x86)/atmel/studio/7.0/toolchain/avr8/avr8-gnu-toolchain/bin/../lib/gcc/avr/5.4.0/../../../../avr/lib/avr5\libm.a(fp_split3.o)
                0x00000c20                __fp_split3
                0x00000c30                __fp_splitA
 .text.avr-libc.fplib
                0x00000c64        0xe c:/program files (x86)/atmel/studio/7.0/toolchain/avr8/avr8-gnu-toolchain/bin/../lib/gcc/avr/5.4.0/../../../../avr/lib/avr5\libm.a(fp_zero.o)
                0x00000c64                __fp_zero
                0x00000c66                __fp_szero
 .text.initVariant
                0x00000c72        0x2 C:\Arduino\ArduinoSketch19\ArduinoSketch19\ArduinoCore\Debug\libArduinoCore.a(main.o)
                0x00000c72                initVariant
 .text.startup.main
                0x00000c74       0x1e C:\Arduino\ArduinoSketch19\ArduinoSketch19\ArduinoCore\Debug\libArduinoCore.a(main.o)
                0x00000c74                main
 .text._ZN5Print5writeEPKhj
                0x00000c92       0x54 C:\Arduino\ArduinoSketch19\ArduinoSketch19\ArduinoCore\Debug\libArduinoCore.a(Print.o)
                0x00000c92                _ZN5Print5writeEPKhj
 .text._ZN5Print5writeEPKc
                0x00000ce6       0x2a C:\Arduino\ArduinoSketch19\ArduinoSketch19\ArduinoCore\Debug\libArduinoCore.a(Print.o)
                0x00000ce6                _ZN5Print5writeEPKc
 .text._ZN5Print5printEPKc
                0x00000d10        0x4 C:\Arduino\ArduinoSketch19\ArduinoSketch19\ArduinoCore\Debug\libArduinoCore.a(Print.o)
                0x00000d10                _ZN5Print5printEPKc
 .text._ZN5Print5printEc
                0x00000d14        0xe C:\Arduino\ArduinoSketch19\ArduinoSketch19\ArduinoCore\Debug\libArduinoCore.a(Print.o)
                0x00000d14                _ZN5Print5printEc
 .text._ZN5Print11printNumberEmh
                0x00000d22       0x92 C:\Arduino\ArduinoSketch19\ArduinoSketch19\ArduinoCore\Debug\libArduinoCore.a(Print.o)
                0x00000d22                _ZN5Print11printNumberEmh
 .text._ZN5Print5printEmi
                0x00000db4       0x1a C:\Arduino\ArduinoSketch19\ArduinoSketch19\ArduinoCore\Debug\libArduinoCore.a(Print.o)
                0x00000db4                _ZN5Print5printEmi
 .text._ZN5Print5printEji
                0x00000dce        0xc C:\Arduino\ArduinoSketch19\ArduinoSketch19\ArduinoCore\Debug\libArduinoCore.a(Print.o)
                0x00000dce                _ZN5Print5printEji
 .text._ZN5Print5printEli
                0x00000dda       0x90 C:\Arduino\ArduinoSketch19\ArduinoSketch19\ArduinoCore\Debug\libArduinoCore.a(Print.o)
                0x00000dda                _ZN5Print5printEli
 .text._ZN5Print5printEii
                0x00000e6a        0xe C:\Arduino\ArduinoSketch19\ArduinoSketch19\ArduinoCore\Debug\libArduinoCore.a(Print.o)
                0x00000e6a                _ZN5Print5printEii
 .text._ZN5Print10printFloatEdh
                0x00000e78      0x1b6 C:\Arduino\ArduinoSketch19\ArduinoSketch19\ArduinoCore\Debug\libArduinoCore.a(Print.o)
                0x00000e78                _ZN5Print10printFloatEdh
 .text._ZN5Print5printEdi
                0x0000102e        0x4 C:\Arduino\ArduinoSketch19\ArduinoSketch19\ArduinoCore\Debug\libArduinoCore.a(Print.o)
                0x0000102e                _ZN5Print5printEdi
 .text.__vector_16
                0x00001032       0x94 C:\Arduino\ArduinoSketch19\ArduinoSketch19\ArduinoCore\Debug\libArduinoCore.a(wiring.o)
                0x00001032                __vector_16
 .text.micros   0x000010c6       0x4a C:\Arduino\ArduinoSketch19\ArduinoSketch19\ArduinoCore\Debug\libArduinoCore.a(wiring.o)
                0x000010c6                micros
 .text.delay    0x00001110       0x78 C:\Arduino\ArduinoSketch19\ArduinoSketch19\ArduinoCore\Debug\libArduinoCore.a(wiring.o)
                0x00001110                delay
 .text.delayMicroseconds
                0x00001188       0x16 C:\Arduino\ArduinoSketch19\ArduinoSketch19\ArduinoCore\Debug\libArduinoCore.a(wiring.o)
                0x00001188                delayMicroseconds
 .text.init     0x0000119e       0x76 C:\Arduino\ArduinoSketch19\ArduinoSketch19\ArduinoCore\Debug\libArduinoCore.a(wiring.o)
                0x0000119e                init
 .text.analogRead
                0x00001214       0x3a C:\Arduino\ArduinoSketch19\ArduinoSketch19\ArduinoCore\Debug\libArduinoCore.a(wiring_analog.o)
                0x00001214                analogRead
 .text.analogWrite
                0x0000124e       0xbe C:\Arduino\ArduinoSketch19\ArduinoSketch19\ArduinoCore\Debug\libArduinoCore.a(wiring_analog.o)
                0x0000124e                analogWrite
 .text.turnOffPWM
                0x0000130c       0x52 C:\Arduino\ArduinoSketch19\ArduinoSketch19\ArduinoCore\Debug\libArduinoCore.a(wiring_digital.o)
 .text.pinMode  0x0000135e       0x78 C:\Arduino\ArduinoSketch19\ArduinoSketch19\ArduinoCore\Debug\libArduinoCore.a(wiring_digital.o)
                0x0000135e                pinMode
 .text.digitalWrite
                0x000013d6       0x5e C:\Arduino\ArduinoSketch19\ArduinoSketch19\ArduinoCore\Debug\libArduinoCore.a(wiring_digital.o)
                0x000013d6                digitalWrite
 .text._Z10randomSeedm
                0x00001434       0x10 C:\Arduino\ArduinoSketch19\ArduinoSketch19\ArduinoCore\Debug\libArduinoCore.a(WMath.o)
                0x00001434                _Z10randomSeedm
 .text._Z6randoml
                0x00001444       0x34 C:\Arduino\ArduinoSketch19\ArduinoSketch19\ArduinoCore\Debug\libArduinoCore.a(WMath.o)
                0x00001444                _Z6randoml
 .text._Z6randomll
                0x00001478       0x44 C:\Arduino\ArduinoSketch19\ArduinoSketch19\ArduinoCore\Debug\libArduinoCore.a(WMath.o)
                0x00001478                _Z6randomll
 .text._Z3maplllll
                0x000014bc       0x82 C:\Arduino\ArduinoSketch19\ArduinoSketch19\ArduinoCore\Debug\libArduinoCore.a(WMath.o)
                0x000014bc                _Z3maplllll
 .text.__empty  0x0000153e        0x2 C:\Arduino\ArduinoSketch19\ArduinoSketch19\ArduinoCore\Debug\libArduinoCore.a(hooks.o)
                0x0000153e                yield
 .text.avr-libc.fplib
                0x00001540        0xa c:/program files (x86)/atmel/studio/7.0/toolchain/avr8/avr8-gnu-toolchain/bin/../lib/gcc/avr/5.4.0/../../../../avr/lib/avr5\libm.a(cmpsf2.o)
                0x00001540                __nesf2
                0x00001540                __eqsf2
                0x00001540                __cmpsf2
                0x00001540                __ltsf2
                0x00001540                __lesf2
 .text.avr-libc.fplib
                0x0000154a       0x48 c:/program files (x86)/atmel/studio/7.0/toolchain/avr8/avr8-gnu-toolchain/bin/../lib/gcc/avr/5.4.0/../../../../avr/lib/avr5\libm.a(fp_cmp.o)
                0x0000154a                __fp_cmp
 .text.avr-libc.fplib
                0x00001592        0xa c:/program files (x86)/atmel/studio/7.0/toolchain/avr8/avr8-gnu-toolchain/bin/../lib/gcc/avr/5.4.0/../../../../avr/lib/avr5\libm.a(gesf2.o)
                0x00001592                __gesf2
                0x00001592                __gtsf2
 .text.avr-libc.fplib
                0x0000159c        0x8 c:/program files (x86)/atmel/studio/7.0/toolchain/avr8/avr8-gnu-toolchain/bin/../lib/gcc/avr/5.4.0/../../../../avr/lib/avr5\libm.a(mulsf3.o)
                0x0000159c                __mulsf3
 .text.avr-libc.fplib
                0x000015a4       0xd2 c:/program files (x86)/atmel/studio/7.0/toolchain/avr8/avr8-gnu-toolchain/bin/../lib/gcc/avr/5.4.0/../../../../avr/lib/avr5\libm.a(mulsf3x.o)
                0x000015c2                __mulsf3x
                0x000015c8                __mulsf3_pse
 .text.avr-libc.fplib
                0x00001676        0xa c:/program files (x86)/atmel/studio/7.0/toolchain/avr8/avr8-gnu-toolchain/bin/../lib/gcc/avr/5.4.0/../../../../avr/lib/avr5\libm.a(unordsf2.o)
                0x00001676                __unordsf2
 .text.libgcc.mul
                0x00001680       0x20 c:/program files (x86)/atmel/studio/7.0/toolchain/avr8/avr8-gnu-toolchain/bin/../lib/gcc/avr/5.4.0/avr5\libgcc.a(_mulsi3.o)
                0x00001680                __mulsi3
 .text.libgcc.div
                0x000016a0       0x44 c:/program files (x86)/atmel/studio/7.0/toolchain/avr8/avr8-gnu-toolchain/bin/../lib/gcc/avr/5.4.0/avr5\libgcc.a(_udivmodsi4.o)
                0x000016a0                __udivmodsi4
 .text.libgcc.div
                0x000016e4       0x2e c:/program files (x86)/atmel/studio/7.0/toolchain/avr8/avr8-gnu-toolchain/bin/../lib/gcc/avr/5.4.0/avr5\libgcc.a(_divmodsi4.o)
                0x000016e4                __divmodsi4
 .text.libgcc.div
                0x00001712       0x10 c:/program files (x86)/atmel/studio/7.0/toolchain/avr8/avr8-gnu-toolchain/bin/../lib/gcc/avr/5.4.0/avr5\libgcc.a(_negsi2.o)
                0x00001712                __negsi2
 .text.libgcc.mul
                0x00001722       0x16 c:/program files (x86)/atmel/studio/7.0/toolchain/avr8/avr8-gnu-toolchain/bin/../lib/gcc/avr/5.4.0/avr5\libgcc.a(_muluhisi3.o)
                0x00001722                __muluhisi3
 .text.libgcc   0x00001738        0xc c:/program files (x86)/atmel/studio/7.0/toolchain/avr8/avr8-gnu-toolchain/bin/../lib/gcc/avr/5.4.0/avr5\libgcc.a(_tablejump2.o)
                0x00001738                __tablejump2__
 .text.libgcc.mul
                0x00001744       0x1e c:/program files (x86)/atmel/studio/7.0/toolchain/avr8/avr8-gnu-toolchain/bin/../lib/gcc/avr/5.4.0/avr5\libgcc.a(_umulhisi3.o)
                0x00001744                __umulhisi3
 .text.avr-libc
                0x00001762      0x242 c:/program files (x86)/atmel/studio/7.0/toolchain/avr8/avr8-gnu-toolchain/bin/../lib/gcc/avr/5.4.0/../../../../avr/lib/avr5\libc.a(malloc.o)
                0x00001762                malloc
                0x00001892                free
 .text.avr-libc
                0x000019a4      0x144 c:/program files (x86)/atmel/studio/7.0/toolchain/avr8/avr8-gnu-toolchain/bin/../lib/gcc/avr/5.4.0/../../../../avr/lib/avr5\libc.a(random.o)
                0x000019a4                random_r
                0x00001a3a                random
                0x00001ad6                srandom
 .text.libgcc.mul
                0x00001ae8       0x10 c:/program files (x86)/atmel/studio/7.0/toolchain/avr8/avr8-gnu-toolchain/bin/../lib/gcc/avr/5.4.0/avr5\libgcc.a(_mulshisi3.o)
                0x00001ae8                __mulshisi3
                0x00001aee                __mulohisi3
                0x00001af8                . = ALIGN (0x2)
 *(.fini9)
 .fini9         0x00001af8        0x0 c:/program files (x86)/atmel/studio/7.0/toolchain/avr8/avr8-gnu-toolchain/bin/../lib/gcc/avr/5.4.0/avr5\libgcc.a(_exit.o)
                0x00001af8                _exit
                0x00001af8                exit
 *(.fini9)
 *(.fini8)
 *(.fini8)
 *(.fini7)
 *(.fini7)
 *(.fini6)
 *(.fini6)
 *(.fini5)
 *(.fini5)
 *(.fini4)
 *(.fini4)
 *(.fini3)
 *(.fini3)
 *(.fini2)
 *(.fini2)
 *(.fini1)
 *(.fini1)
 *(.fini0)
 .fini0         0x00001af8        0x4 c:/program files (x86)/atmel/studio/7.0/toolchain/avr8/avr8-gnu-toolchain/bin/../lib/gcc/avr/5.4.0/avr5\libgcc.a(_exit.o)
 *(.fini0)
                0x00001afc                _etext = .

.data           0x00800100       0x4c load address 0x00001afc
                0x00800100                PROVIDE (__data_start, .)
 *(.data)
 .data          0x00800100        0x6 c:/program files (x86)/atmel/studio/7.0/toolchain/avr8/avr8-gnu-toolchain/bin/../lib/gcc/avr/5.4.0/../../../../avr/lib/avr5\libc.a(malloc.o)
                0x00800100                __malloc_heap_end
                0x00800102                __malloc_heap_start
                0x00800104                __malloc_margin
 .data          0x00800106        0x4 c:/program files (x86)/atmel/studio/7.0/toolchain/avr8/avr8-gnu-toolchain/bin/../lib/gcc/avr/5.4.0/../../../../avr/lib/avr5\libc.a(random.o)
 *(.data*)
 .data.ledPin   0x0080010a        0x2 Sketch.o
                0x0080010a                ledPin
 .data.sensorPin
                0x0080010c        0x2 Sketch.o
                0x0080010c                sensorPin
 .data.analog_reference
                0x0080010e        0x1 C:\Arduino\ArduinoSketch19\ArduinoSketch19\ArduinoCore\Debug\libArduinoCore.a(wiring_analog.o)
                0x0080010e                analog_reference
 *(.gnu.linkonce.d*)
 *(.rodata)
 *(.rodata*)
 .rodata.str1.1
                0x0080010f       0x22 Sketch.o
 .rodata._ZTV13LiquidCrystal
                0x00800131        0xc src/libraries/LiquidCrystal/src/LiquidCrystal.o
                0x00800131                _ZTV13LiquidCrystal
 .rodata.str1.1
                0x0080013d        0xf C:\Arduino\ArduinoSketch19\ArduinoSketch19\ArduinoCore\Debug\libArduinoCore.a(Print.o)
 *(.gnu.linkonce.r*)
                0x0080014c                . = ALIGN (0x2)
                0x0080014c                _edata = .
                0x0080014c                PROVIDE (__data_end, .)

.bss            0x0080014c       0x46
                0x0080014c                PROVIDE (__bss_start, .)
 *(.bss)
 *(.bss*)
 .bss.temperatura
                0x0080014c        0x4 Sketch.o
                0x0080014c                temperatura
 .bss.valor     0x00800150        0x4 Sketch.o
                0x00800150                valor
 .bss.randomNumber
                0x00800154        0x4 Sketch.o
                0x00800154                randomNumber
 .bss.somaTotal
                0x00800158        0x4 Sketch.o
                0x00800158                somaTotal
 .bss.val       0x0080015c        0x4 Sketch.o
                0x0080015c                val
 .bss.vet       0x00800160        0x2 Sketch.o
                0x00800160                vet
 .bss.qtdTotal  0x00800162        0x2 Sketch.o
                0x00800162                qtdTotal
 .bss.qtdSobrescrito
                0x00800164        0x2 Sketch.o
                0x00800164                qtdSobrescrito
 .bss.cont      0x00800166        0x2 Sketch.o
                0x00800166                cont
 .bss.lcd       0x00800168       0x18 Sketch.o
                0x00800168                lcd
 .bss._ZN8TimerOne11isrCallbackE
                0x00800180        0x2 src/libraries/TimerOne/TimerOne.o
                0x00800180                _ZN8TimerOne11isrCallbackE
 .bss._ZN8TimerOne15clockSelectBitsE
                0x00800182        0x1 src/libraries/TimerOne/TimerOne.o
                0x00800182                _ZN8TimerOne15clockSelectBitsE
 .bss._ZN8TimerOne9pwmPeriodE
                0x00800183        0x2 src/libraries/TimerOne/TimerOne.o
                0x00800183                _ZN8TimerOne9pwmPeriodE
 .bss.timer0_fract
                0x00800185        0x1 C:\Arduino\ArduinoSketch19\ArduinoSketch19\ArduinoCore\Debug\libArduinoCore.a(wiring.o)
 .bss.timer0_millis
                0x00800186        0x4 C:\Arduino\ArduinoSketch19\ArduinoSketch19\ArduinoCore\Debug\libArduinoCore.a(wiring.o)
                0x00800186                timer0_millis
 .bss.timer0_overflow_count
                0x0080018a        0x4 C:\Arduino\ArduinoSketch19\ArduinoSketch19\ArduinoCore\Debug\libArduinoCore.a(wiring.o)
                0x0080018a                timer0_overflow_count
 *(COMMON)
 COMMON         0x0080018e        0x4 c:/program files (x86)/atmel/studio/7.0/toolchain/avr8/avr8-gnu-toolchain/bin/../lib/gcc/avr/5.4.0/../../../../avr/lib/avr5\libc.a(malloc.o)
                0x0080018e                __brkval
                0x00800190                __flp
                0x00800192                PROVIDE (__bss_end, .)
                0x00001afc                __data_load_start = LOADADDR (.data)
                0x00001b48                __data_load_end = (__data_load_start + SIZEOF (.data))

.noinit         0x00800192        0x0
                [!provide]                PROVIDE (__noinit_start, .)
 *(.noinit*)
                [!provide]                PROVIDE (__noinit_end, .)
                0x00800192                _end = .
                0x00800192                PROVIDE (__heap_start, .)

.eeprom         0x00810000        0x0
 *(.eeprom*)
                0x00810000                __eeprom_end = .

.fuse
 *(.fuse)
 *(.lfuse)
 *(.hfuse)
 *(.efuse)

.lock
 *(.lock*)

.signature
 *(.signature*)

.user_signatures
 *(.user_signatures*)

.stab
 *(.stab)

.stabstr
 *(.stabstr)

.stab.excl
 *(.stab.excl)

.stab.exclstr
 *(.stab.exclstr)

.stab.index
 *(.stab.index)

.stab.indexstr
 *(.stab.indexstr)

.comment        0x00000000       0x30
 *(.comment)
 .comment       0x00000000       0x30 Sketch.o
                                 0x31 (size before relaxing)
 .comment       0x00000030       0x31 src/libraries/LiquidCrystal/src/LiquidCrystal.o
 .comment       0x00000030       0x31 src/libraries/TimerOne/TimerOne.o
 .comment       0x00000030       0x31 C:\Arduino\ArduinoSketch19\ArduinoSketch19\ArduinoCore\Debug\libArduinoCore.a(main.o)
 .comment       0x00000030       0x31 C:\Arduino\ArduinoSketch19\ArduinoSketch19\ArduinoCore\Debug\libArduinoCore.a(Print.o)
 .comment       0x00000030       0x31 C:\Arduino\ArduinoSketch19\ArduinoSketch19\ArduinoCore\Debug\libArduinoCore.a(wiring.o)
 .comment       0x00000030       0x31 C:\Arduino\ArduinoSketch19\ArduinoSketch19\ArduinoCore\Debug\libArduinoCore.a(wiring_analog.o)
 .comment       0x00000030       0x31 C:\Arduino\ArduinoSketch19\ArduinoSketch19\ArduinoCore\Debug\libArduinoCore.a(wiring_digital.o)
 .comment       0x00000030       0x31 C:\Arduino\ArduinoSketch19\ArduinoSketch19\ArduinoCore\Debug\libArduinoCore.a(WMath.o)
 .comment       0x00000030       0x31 C:\Arduino\ArduinoSketch19\ArduinoSketch19\ArduinoCore\Debug\libArduinoCore.a(hooks.o)
 .comment       0x00000030       0x31 c:/program files (x86)/atmel/studio/7.0/toolchain/avr8/avr8-gnu-toolchain/bin/../lib/gcc/avr/5.4.0/../../../../avr/lib/avr5\libc.a(malloc.o)
 .comment       0x00000030       0x31 c:/program files (x86)/atmel/studio/7.0/toolchain/avr8/avr8-gnu-toolchain/bin/../lib/gcc/avr/5.4.0/../../../../avr/lib/avr5\libc.a(random.o)

.note.gnu.avr.deviceinfo
                0x00000000       0x40
 .note.gnu.avr.deviceinfo
                0x00000000       0x40 C:/Program Files (x86)/Atmel/Studio/7.0/Packs/atmel/ATmega_DFP/1.6.364/gcc/dev/atmega328p/avr5/crtatmega328p.o

.note.gnu.build-id
 *(.note.gnu.build-id)

.debug
 *(.debug)

.line
 *(.line)

.debug_srcinfo
 *(.debug_srcinfo)

.debug_sfnames
 *(.debug_sfnames)

.debug_aranges  0x00000000      0x3c0
 *(.debug_aranges)
 .debug_aranges
                0x00000000       0x48 Sketch.o
 .debug_aranges
                0x00000048      0x110 src/libraries/LiquidCrystal/src/LiquidCrystal.o
 .debug_aranges
                0x00000158       0x20 src/libraries/TimerOne/TimerOne.o
 .debug_aranges
                0x00000178       0x30 C:\Arduino\ArduinoSketch19\ArduinoSketch19\ArduinoCore\Debug\libArduinoCore.a(main.o)
 .debug_aranges
                0x000001a8      0x100 C:\Arduino\ArduinoSketch19\ArduinoSketch19\ArduinoCore\Debug\libArduinoCore.a(Print.o)
 .debug_aranges
                0x000002a8       0x48 C:\Arduino\ArduinoSketch19\ArduinoSketch19\ArduinoCore\Debug\libArduinoCore.a(wiring.o)
 .debug_aranges
                0x000002f0       0x30 C:\Arduino\ArduinoSketch19\ArduinoSketch19\ArduinoCore\Debug\libArduinoCore.a(wiring_analog.o)
 .debug_aranges
                0x00000320       0x38 C:\Arduino\ArduinoSketch19\ArduinoSketch19\ArduinoCore\Debug\libArduinoCore.a(wiring_digital.o)
 .debug_aranges
                0x00000358       0x48 C:\Arduino\ArduinoSketch19\ArduinoSketch19\ArduinoCore\Debug\libArduinoCore.a(WMath.o)
 .debug_aranges
                0x000003a0       0x20 C:\Arduino\ArduinoSketch19\ArduinoSketch19\ArduinoCore\Debug\libArduinoCore.a(hooks.o)

.debug_pubnames
 *(.debug_pubnames)

.debug_info     0x00000000     0x6d20
 *(.debug_info .gnu.linkonce.wi.*)
 .debug_info    0x00000000      0x5f4 C:/Program Files (x86)/Atmel/Studio/7.0/Packs/atmel/ATmega_DFP/1.6.364/gcc/dev/atmega328p/avr5/crtatmega328p.o
 .debug_info    0x000005f4      0xecc Sketch.o
 .debug_info    0x000014c0     0x1bdd src/libraries/LiquidCrystal/src/LiquidCrystal.o
 .debug_info    0x0000309d      0x3a9 src/libraries/TimerOne/TimerOne.o
 .debug_info    0x00003446      0x237 C:\Arduino\ArduinoSketch19\ArduinoSketch19\ArduinoCore\Debug\libArduinoCore.a(main.o)
 .debug_info    0x0000367d     0x28ff C:\Arduino\ArduinoSketch19\ArduinoSketch19\ArduinoCore\Debug\libArduinoCore.a(Print.o)
 .debug_info    0x00005f7c      0x2cb C:\Arduino\ArduinoSketch19\ArduinoSketch19\ArduinoCore\Debug\libArduinoCore.a(wiring.o)
 .debug_info    0x00006247      0x26d C:\Arduino\ArduinoSketch19\ArduinoSketch19\ArduinoCore\Debug\libArduinoCore.a(wiring_analog.o)
 .debug_info    0x000064b4      0x5fe C:\Arduino\ArduinoSketch19\ArduinoSketch19\ArduinoCore\Debug\libArduinoCore.a(wiring_digital.o)
 .debug_info    0x00006ab2      0x230 C:\Arduino\ArduinoSketch19\ArduinoSketch19\ArduinoCore\Debug\libArduinoCore.a(WMath.o)
 .debug_info    0x00006ce2       0x3e C:\Arduino\ArduinoSketch19\ArduinoSketch19\ArduinoCore\Debug\libArduinoCore.a(hooks.o)

.debug_abbrev   0x00000000     0x18ab
 *(.debug_abbrev)
 .debug_abbrev  0x00000000      0x5a2 C:/Program Files (x86)/Atmel/Studio/7.0/Packs/atmel/ATmega_DFP/1.6.364/gcc/dev/atmega328p/avr5/crtatmega328p.o
 .debug_abbrev  0x000005a2      0x355 Sketch.o
 .debug_abbrev  0x000008f7      0x365 src/libraries/LiquidCrystal/src/LiquidCrystal.o
 .debug_abbrev  0x00000c5c      0x147 src/libraries/TimerOne/TimerOne.o
 .debug_abbrev  0x00000da3      0x12d C:\Arduino\ArduinoSketch19\ArduinoSketch19\ArduinoCore\Debug\libArduinoCore.a(main.o)
 .debug_abbrev  0x00000ed0      0x47a C:\Arduino\ArduinoSketch19\ArduinoSketch19\ArduinoCore\Debug\libArduinoCore.a(Print.o)
 .debug_abbrev  0x0000134a      0x146 C:\Arduino\ArduinoSketch19\ArduinoSketch19\ArduinoCore\Debug\libArduinoCore.a(wiring.o)
 .debug_abbrev  0x00001490      0x16b C:\Arduino\ArduinoSketch19\ArduinoSketch19\ArduinoCore\Debug\libArduinoCore.a(wiring_analog.o)
 .debug_abbrev  0x000015fb      0x15b C:\Arduino\ArduinoSketch19\ArduinoSketch19\ArduinoCore\Debug\libArduinoCore.a(wiring_digital.o)
 .debug_abbrev  0x00001756      0x12b C:\Arduino\ArduinoSketch19\ArduinoSketch19\ArduinoCore\Debug\libArduinoCore.a(WMath.o)
 .debug_abbrev  0x00001881       0x2a C:\Arduino\ArduinoSketch19\ArduinoSketch19\ArduinoCore\Debug\libArduinoCore.a(hooks.o)

.debug_line     0x00000000     0x2059
 *(.debug_line .debug_line.* .debug_line_end)
 .debug_line    0x00000000      0x134 C:/Program Files (x86)/Atmel/Studio/7.0/Packs/atmel/ATmega_DFP/1.6.364/gcc/dev/atmega328p/avr5/crtatmega328p.o
 .debug_line    0x00000134      0x414 Sketch.o
 .debug_line    0x00000548      0x950 src/libraries/LiquidCrystal/src/LiquidCrystal.o
 .debug_line    0x00000e98      0x159 src/libraries/TimerOne/TimerOne.o
 .debug_line    0x00000ff1      0x165 C:\Arduino\ArduinoSketch19\ArduinoSketch19\ArduinoCore\Debug\libArduinoCore.a(main.o)
 .debug_line    0x00001156      0x685 C:\Arduino\ArduinoSketch19\ArduinoSketch19\ArduinoCore\Debug\libArduinoCore.a(Print.o)
 .debug_line    0x000017db      0x299 C:\Arduino\ArduinoSketch19\ArduinoSketch19\ArduinoCore\Debug\libArduinoCore.a(wiring.o)
 .debug_line    0x00001a74      0x20f C:\Arduino\ArduinoSketch19\ArduinoSketch19\ArduinoCore\Debug\libArduinoCore.a(wiring_analog.o)
 .debug_line    0x00001c83      0x252 C:\Arduino\ArduinoSketch19\ArduinoSketch19\ArduinoCore\Debug\libArduinoCore.a(wiring_digital.o)
 .debug_line    0x00001ed5      0x143 C:\Arduino\ArduinoSketch19\ArduinoSketch19\ArduinoCore\Debug\libArduinoCore.a(WMath.o)
 .debug_line    0x00002018       0x41 C:\Arduino\ArduinoSketch19\ArduinoSketch19\ArduinoCore\Debug\libArduinoCore.a(hooks.o)

.debug_frame    0x00000000      0xb7c
 *(.debug_frame)
 .debug_frame   0x00000000      0x110 Sketch.o
 .debug_frame   0x00000110      0x354 src/libraries/LiquidCrystal/src/LiquidCrystal.o
 .debug_frame   0x00000464       0x6c src/libraries/TimerOne/TimerOne.o
 .debug_frame   0x000004d0       0x54 C:\Arduino\ArduinoSketch19\ArduinoSketch19\ArduinoCore\Debug\libArduinoCore.a(main.o)
 .debug_frame   0x00000524      0x3ac C:\Arduino\ArduinoSketch19\ArduinoSketch19\ArduinoCore\Debug\libArduinoCore.a(Print.o)
 .debug_frame   0x000008d0       0xc4 C:\Arduino\ArduinoSketch19\ArduinoSketch19\ArduinoCore\Debug\libArduinoCore.a(wiring.o)
 .debug_frame   0x00000994       0x54 C:\Arduino\ArduinoSketch19\ArduinoSketch19\ArduinoCore\Debug\libArduinoCore.a(wiring_analog.o)
 .debug_frame   0x000009e8       0x7c C:\Arduino\ArduinoSketch19\ArduinoSketch19\ArduinoCore\Debug\libArduinoCore.a(wiring_digital.o)
 .debug_frame   0x00000a64       0xf4 C:\Arduino\ArduinoSketch19\ArduinoSketch19\ArduinoCore\Debug\libArduinoCore.a(WMath.o)
 .debug_frame   0x00000b58       0x24 C:\Arduino\ArduinoSketch19\ArduinoSketch19\ArduinoCore\Debug\libArduinoCore.a(hooks.o)

.debug_str      0x00000000     0x217e
 *(.debug_str)
 .debug_str     0x00000000      0x208 C:/Program Files (x86)/Atmel/Studio/7.0/Packs/atmel/ATmega_DFP/1.6.364/gcc/dev/atmega328p/avr5/crtatmega328p.o
 .debug_str     0x00000208      0x694 Sketch.o
                                0x6ec (size before relaxing)
 .debug_str     0x0000089c      0x622 src/libraries/LiquidCrystal/src/LiquidCrystal.o
                                0x940 (size before relaxing)
 .debug_str     0x00000ebe       0x85 src/libraries/TimerOne/TimerOne.o
                                0x4b0 (size before relaxing)
 .debug_str     0x00000f43       0x97 C:\Arduino\ArduinoSketch19\ArduinoSketch19\ArduinoCore\Debug\libArduinoCore.a(main.o)
                                0x29c (size before relaxing)
 .debug_str     0x00000fda      0xebb C:\Arduino\ArduinoSketch19\ArduinoSketch19\ArduinoCore\Debug\libArduinoCore.a(Print.o)
                               0x122a (size before relaxing)
 .debug_str     0x00001e95      0x144 C:\Arduino\ArduinoSketch19\ArduinoSketch19\ArduinoCore\Debug\libArduinoCore.a(wiring.o)
                                0x232 (size before relaxing)
 .debug_str     0x00001fd9       0x5b C:\Arduino\ArduinoSketch19\ArduinoSketch19\ArduinoCore\Debug\libArduinoCore.a(wiring_analog.o)
                                0x236 (size before relaxing)
 .debug_str     0x00002034       0xa9 C:\Arduino\ArduinoSketch19\ArduinoSketch19\ArduinoCore\Debug\libArduinoCore.a(wiring_digital.o)
                                0x297 (size before relaxing)
 .debug_str     0x000020dd       0x85 C:\Arduino\ArduinoSketch19\ArduinoSketch19\ArduinoCore\Debug\libArduinoCore.a(WMath.o)
                                0x235 (size before relaxing)
 .debug_str     0x00002162       0x1c C:\Arduino\ArduinoSketch19\ArduinoSketch19\ArduinoCore\Debug\libArduinoCore.a(hooks.o)
                                0x127 (size before relaxing)

.debug_loc      0x00000000     0x48d4
 *(.debug_loc)
 .debug_loc     0x00000000      0x3b7 Sketch.o
 .debug_loc     0x000003b7     0x1a6e src/libraries/LiquidCrystal/src/LiquidCrystal.o
 .debug_loc     0x00001e25       0xcb src/libraries/TimerOne/TimerOne.o
 .debug_loc     0x00001ef0     0x1c87 C:\Arduino\ArduinoSketch19\ArduinoSketch19\ArduinoCore\Debug\libArduinoCore.a(Print.o)
 .debug_loc     0x00003b77      0x28d C:\Arduino\ArduinoSketch19\ArduinoSketch19\ArduinoCore\Debug\libArduinoCore.a(wiring.o)
 .debug_loc     0x00003e04       0xfe C:\Arduino\ArduinoSketch19\ArduinoSketch19\ArduinoCore\Debug\libArduinoCore.a(wiring_analog.o)
 .debug_loc     0x00003f02      0x5fc C:\Arduino\ArduinoSketch19\ArduinoSketch19\ArduinoCore\Debug\libArduinoCore.a(wiring_digital.o)
 .debug_loc     0x000044fe      0x3d6 C:\Arduino\ArduinoSketch19\ArduinoSketch19\ArduinoCore\Debug\libArduinoCore.a(WMath.o)

.debug_macinfo
 *(.debug_macinfo)

.debug_weaknames
 *(.debug_weaknames)

.debug_funcnames
 *(.debug_funcnames)

.debug_typenames
 *(.debug_typenames)

.debug_varnames
 *(.debug_varnames)

.debug_pubtypes
 *(.debug_pubtypes)

.debug_ranges   0x00000000      0x3c8
 *(.debug_ranges)
 .debug_ranges  0x00000000       0x38 Sketch.o
 .debug_ranges  0x00000038      0x178 src/libraries/LiquidCrystal/src/LiquidCrystal.o
 .debug_ranges  0x000001b0       0x10 src/libraries/TimerOne/TimerOne.o
 .debug_ranges  0x000001c0       0x20 C:\Arduino\ArduinoSketch19\ArduinoSketch19\ArduinoCore\Debug\libArduinoCore.a(main.o)
 .debug_ranges  0x000001e0      0x120 C:\Arduino\ArduinoSketch19\ArduinoSketch19\ArduinoCore\Debug\libArduinoCore.a(Print.o)
 .debug_ranges  0x00000300       0x38 C:\Arduino\ArduinoSketch19\ArduinoSketch19\ArduinoCore\Debug\libArduinoCore.a(wiring.o)
 .debug_ranges  0x00000338       0x20 C:\Arduino\ArduinoSketch19\ArduinoSketch19\ArduinoCore\Debug\libArduinoCore.a(wiring_analog.o)
 .debug_ranges  0x00000358       0x28 C:\Arduino\ArduinoSketch19\ArduinoSketch19\ArduinoCore\Debug\libArduinoCore.a(wiring_digital.o)
 .debug_ranges  0x00000380       0x38 C:\Arduino\ArduinoSketch19\ArduinoSketch19\ArduinoCore\Debug\libArduinoCore.a(WMath.o)
 .debug_ranges  0x000003b8       0x10 C:\Arduino\ArduinoSketch19\ArduinoSketch19\ArduinoCore\Debug\libArduinoCore.a(hooks.o)

.debug_macro
 *(.debug_macro)
OUTPUT(sketch_aug01a_tarefa_4.elf elf32-avr)
LOAD linker stubs
