Archive member included to satisfy reference by file (symbol)

c:/program files (x86)/atmel/studio/7.0/toolchain/avr8/avr8-gnu-toolchain/bin/../lib/gcc/avr/5.4.0/../../../../avr/lib/avr5\libm.a(floatsisf.o)
                              Sketch.o (__floatunsisf)
C:\Arduino\ArduinoSketch23\ArduinoSketch23\ArduinoCore\Debug\libArduinoCore.a(HardwareSerial0.o)
                              Sketch.o (Serial)
C:\Arduino\ArduinoSketch23\ArduinoSketch23\ArduinoCore\Debug\libArduinoCore.a(main.o)
                              C:/Program Files (x86)/Atmel/Studio/7.0/Packs/atmel/ATmega_DFP/1.6.364/gcc/dev/atmega328p/avr5/crtatmega328p.o (main)
C:\Arduino\ArduinoSketch23\ArduinoSketch23\ArduinoCore\Debug\libArduinoCore.a(Print.o)
                              src/libraries/LiquidCrystal/src/LiquidCrystal.o (_ZN5Print5writeEPKhj)
C:\Arduino\ArduinoSketch23\ArduinoSketch23\ArduinoCore\Debug\libArduinoCore.a(wiring.o)
                              Sketch.o (micros)
C:\Arduino\ArduinoSketch23\ArduinoSketch23\ArduinoCore\Debug\libArduinoCore.a(wiring_digital.o)
                              Sketch.o (pinMode)
C:\Arduino\ArduinoSketch23\ArduinoSketch23\ArduinoCore\Debug\libArduinoCore.a(WString.o)
                              src/libraries/IRremote-3.0/src/ir_Pronto.o (_ZN6String6concatEc)
C:\Arduino\ArduinoSketch23\ArduinoSketch23\ArduinoCore\Debug\libArduinoCore.a(abi.o)
                              C:\Arduino\ArduinoSketch23\ArduinoSketch23\ArduinoCore\Debug\libArduinoCore.a(Print.o) (__cxa_pure_virtual)
C:\Arduino\ArduinoSketch23\ArduinoSketch23\ArduinoCore\Debug\libArduinoCore.a(HardwareSerial.o)
                              C:\Arduino\ArduinoSketch23\ArduinoSketch23\ArduinoCore\Debug\libArduinoCore.a(HardwareSerial0.o) (_ZN14HardwareSerial9availableEv)
C:\Arduino\ArduinoSketch23\ArduinoSketch23\ArduinoCore\Debug\libArduinoCore.a(hooks.o)
                              C:\Arduino\ArduinoSketch23\ArduinoSketch23\ArduinoCore\Debug\libArduinoCore.a(wiring.o) (yield)
c:/program files (x86)/atmel/studio/7.0/toolchain/avr8/avr8-gnu-toolchain/bin/../lib/gcc/avr/5.4.0/../../../../avr/lib/avr5\libm.a(addsf3.o)
                              C:\Arduino\ArduinoSketch23\ArduinoSketch23\ArduinoCore\Debug\libArduinoCore.a(Print.o) (__subsf3)
c:/program files (x86)/atmel/studio/7.0/toolchain/avr8/avr8-gnu-toolchain/bin/../lib/gcc/avr/5.4.0/../../../../avr/lib/avr5\libm.a(addsf3x.o)
                              c:/program files (x86)/atmel/studio/7.0/toolchain/avr8/avr8-gnu-toolchain/bin/../lib/gcc/avr/5.4.0/../../../../avr/lib/avr5\libm.a(addsf3.o) (__addsf3x)
c:/program files (x86)/atmel/studio/7.0/toolchain/avr8/avr8-gnu-toolchain/bin/../lib/gcc/avr/5.4.0/../../../../avr/lib/avr5\libm.a(cmpsf2.o)
                              C:\Arduino\ArduinoSketch23\ArduinoSketch23\ArduinoCore\Debug\libArduinoCore.a(Print.o) (__ltsf2)
c:/program files (x86)/atmel/studio/7.0/toolchain/avr8/avr8-gnu-toolchain/bin/../lib/gcc/avr/5.4.0/../../../../avr/lib/avr5\libm.a(divsf3.o)
                              C:\Arduino\ArduinoSketch23\ArduinoSketch23\ArduinoCore\Debug\libArduinoCore.a(Print.o) (__divsf3)
c:/program files (x86)/atmel/studio/7.0/toolchain/avr8/avr8-gnu-toolchain/bin/../lib/gcc/avr/5.4.0/../../../../avr/lib/avr5\libm.a(divsf3x.o)
                              c:/program files (x86)/atmel/studio/7.0/toolchain/avr8/avr8-gnu-toolchain/bin/../lib/gcc/avr/5.4.0/../../../../avr/lib/avr5\libm.a(divsf3.o) (__divsf3x)
c:/program files (x86)/atmel/studio/7.0/toolchain/avr8/avr8-gnu-toolchain/bin/../lib/gcc/avr/5.4.0/../../../../avr/lib/avr5\libm.a(fixunssfsi.o)
                              C:\Arduino\ArduinoSketch23\ArduinoSketch23\ArduinoCore\Debug\libArduinoCore.a(Print.o) (__fixunssfsi)
c:/program files (x86)/atmel/studio/7.0/toolchain/avr8/avr8-gnu-toolchain/bin/../lib/gcc/avr/5.4.0/../../../../avr/lib/avr5\libm.a(fp_cmp.o)
                              c:/program files (x86)/atmel/studio/7.0/toolchain/avr8/avr8-gnu-toolchain/bin/../lib/gcc/avr/5.4.0/../../../../avr/lib/avr5\libm.a(cmpsf2.o) (__fp_cmp)
c:/program files (x86)/atmel/studio/7.0/toolchain/avr8/avr8-gnu-toolchain/bin/../lib/gcc/avr/5.4.0/../../../../avr/lib/avr5\libm.a(fp_inf.o)
                              c:/program files (x86)/atmel/studio/7.0/toolchain/avr8/avr8-gnu-toolchain/bin/../lib/gcc/avr/5.4.0/../../../../avr/lib/avr5\libm.a(addsf3x.o) (__fp_inf)
c:/program files (x86)/atmel/studio/7.0/toolchain/avr8/avr8-gnu-toolchain/bin/../lib/gcc/avr/5.4.0/../../../../avr/lib/avr5\libm.a(fp_nan.o)
                              c:/program files (x86)/atmel/studio/7.0/toolchain/avr8/avr8-gnu-toolchain/bin/../lib/gcc/avr/5.4.0/../../../../avr/lib/avr5\libm.a(addsf3x.o) (__fp_nan)
c:/program files (x86)/atmel/studio/7.0/toolchain/avr8/avr8-gnu-toolchain/bin/../lib/gcc/avr/5.4.0/../../../../avr/lib/avr5\libm.a(fp_pscA.o)
[...]
Memory Configuration

Name             Origin             Length             Attributes
text             0x00000000         0x00008000         xr
data             0x00800100         0x00000800         rw !x
eeprom           0x00810000         0x00000400         rw !x
fuse             0x00820000         0x00000003         rw !x
lock             0x00830000         0x00000400         rw !x
signature        0x00840000         0x00000400         rw !x
user_signatures  0x00850000         0x00000400         rw !x
*default*        0x00000000         0xffffffff

Linker script and memory map

Address of section .data set to 0x800100
LOAD C:/Program Files (x86)/Atmel/Studio/7.0/Packs/atmel/ATmega_DFP/1.6.364/gcc/dev/atmega328p/avr5/crtatmega328p.o
LOAD Sketch.o
LOAD src/libraries/IRremote-3.0/examples/IRDispatcherDemo/ATtinySerialOut.o
LOAD src/libraries/IRremote-3.0/examples/IRsendDemo/ATtinySerialOut.o
LOAD src/libraries/IRremote-3.0/examples/MinimalReceiver/ATtinySerialOut.o
LOAD src/libraries/IRremote-3.0/src/esp32.o
LOAD src/libraries/IRremote-3.0/src/ir_BoseWave.o
LOAD src/libraries/IRremote-3.0/src/ir_Denon.o
LOAD src/libraries/IRremote-3.0/src/ir_Dish.o
LOAD src/libraries/IRremote-3.0/src/ir_JVC.o
LOAD src/libraries/IRremote-3.0/src/ir_Kaseikyo.o
LOAD src/libraries/IRremote-3.0/src/ir_Lego.o
LOAD src/libraries/IRremote-3.0/src/ir_LG.o
LOAD src/libraries/IRremote-3.0/src/ir_MagiQuest.o
LOAD src/libraries/IRremote-3.0/src/ir_NEC.o
LOAD src/libraries/IRremote-3.0/src/ir_Pronto.o
LOAD src/libraries/IRremote-3.0/src/ir_RC5_RC6.o
LOAD src/libraries/IRremote-3.0/src/ir_Samsung.o
LOAD src/libraries/IRremote-3.0/src/ir_Sony.o
LOAD src/libraries/IRremote-3.0/src/ir_Template.o
LOAD src/libraries/IRremote-3.0/src/ir_Whynter.o
LOAD src/libraries/IRremote-3.0/src/nRF5.o
LOAD src/libraries/IRremote-3.0/src/sam.o
LOAD src/libraries/LiquidCrystal/src/LiquidCrystal.o
START GROUP
LOAD c:/program files (x86)/atmel/studio/7.0/toolchain/avr8/avr8-gnu-toolchain/bin/../lib/gcc/avr/5.4.0/../../../../avr/lib/avr5\libm.a
LOAD C:\Arduino\ArduinoSketch23\ArduinoSketch23\ArduinoCore\Debug\libArduinoCore.a
END GROUP
LOAD c:/program files (x86)/atmel/studio/7.0/toolchain/avr8/avr8-gnu-toolchain/bin/../lib/gcc/avr/5.4.0/avr5\libgcc.a
LOAD c:/program files (x86)/atmel/studio/7.0/toolchain/avr8/avr8-gnu-toolchain/bin/../lib/gcc/avr/5.4.0/../../../../avr/lib/avr5\libm.a
START GROUP
LOAD c:/program files (x86)/atmel/studio/7.0/toolchain/avr8/avr8-gnu-toolchain/bin/../lib/gcc/avr/5.4.0/avr5\libgcc.a
LOAD c:/program files (x86)/atmel/studio/7.0/toolchain/avr8/avr8-gnu-toolchain/bin/../lib/gcc/avr/5.4.0/../../../../avr/lib/avr5\libm.a
LOAD c:/program files (x86)/atmel/studio/7.0/toolchain/avr8/avr8-gnu-toolchain/bin/../lib/gcc/avr/5.4.0/../../../../avr/lib/avr5\libc.a
LOAD C:/Program Files (x86)/Atmel/Studio/7.0/Packs/atmel/ATmega_DFP/1.6.364/gcc/dev/atmega328p/avr5\libatmega328p.a
END GROUP
                0x00000000                __TEXT_REGION_ORIGIN__ = DEFINED (__TEXT_REGION_ORIGIN__)?__TEXT_REGION_ORIGIN__:0x0
                [0x00800100]                __DATA_REGION_ORIGIN__ = DEFINED (__DATA_REGION_ORIGIN__)?__DATA_REGION_ORIGIN__:0x800060
                [0x00008000]                __TEXT_REGION_LENGTH__ = DEFINED (__TEXT_REGION_LENGTH__)?__TEXT_REGION_LENGTH__:0x20000
                [0x00000800]                __DATA_REGION_LENGTH__ = DEFINED (__DATA_REGION_LENGTH__)?__DATA_REGION_LENGTH__:0xffa0
                [0x00000400]                __EEPROM_REGION_LENGTH__ = DEFINED (__EEPROM_REGION_LENGTH__)?__EEPROM_REGION_LENGTH__:0x10000
                [0x00000003]                __FUSE_REGION_LENGTH__ = DEFINED (__FUSE_REGION_LENGTH__)?__FUSE_REGION_LENGTH__:0x400
                0x00000400                __LOCK_REGION_LENGTH__ = DEFINED (__LOCK_REGION_LENGTH__)?__LOCK_REGION_LENGTH__:0x400
                0x00000400                __SIGNATURE_REGION_LENGTH__ = DEFINED (__SIGNATURE_REGION_LENGTH__)?__SIGNATURE_REGION_LENGTH__:0x400
                0x00000400                __USER_SIGNATURE_REGION_LENGTH__ = DEFINED (__USER_SIGNATURE_REGION_LENGTH__)?__USER_SIGNATURE_REGION_LENGTH__:0x400

.hash
 *(.hash)

.dynsym
 *(.dynsym)

.dynstr
 *(.dynstr)

.gnu.version
 *(.gnu.version)

.gnu.version_d
 *(.gnu.version_d)

.gnu.version_r
 *(.gnu.version_r)

.rel.init
 *(.rel.init)

.rela.init
 *(.rela.init)

.rel.text
 *(.rel.text)
 *(.rel.text.*)
 *(.rel.gnu.linkonce.t*)

.rela.text
 *(.rela.text)
 *(.rela.text.*)
 *(.rela.gnu.linkonce.t*)

.rel.fini
 *(.rel.fini)

.rela.fini
 *(.rela.fini)

.rel.rodata
 *(.rel.rodata)
 *(.rel.rodata.*)
 *(.rel.gnu.linkonce.r*)

.rela.rodata
 *(.rela.rodata)
 *(.rela.rodata.*)
 *(.rela.gnu.linkonce.r*)

.rel.data
 *(.rel.data)
 *(.rel.data.*)
 *(.rel.gnu.linkonce.d*)

.rela.data
 *(.rela.data)
 *(.rela.data.*)
 *(.rela.gnu.linkonce.d*)

.rel.ctors
 *(.rel.ctors)

.rela.ctors
 *(.rela.ctors)

.rel.dtors
 *(.rel.dtors)

.rela.dtors
 *(.rela.dtors)

.rel.got
 *(.rel.got)

.rela.got
 *(.rela.got)

.rel.bss
 *(.rel.bss)

.rela.bss
 *(.rela.bss)

.rel.plt
 *(.rel.plt)

.rela.plt
 *(.rela.plt)

.text           0x00000000     0x3296
 *(.vectors)
 .vectors       0x00000000       0x68 C:/Program Files (x86)/Atmel/Studio/7.0/Packs/atmel/ATmega_DFP/1.6.364/gcc/dev/atmega328p/avr5/crtatmega328p.o
                0x00000000                __vector_default
                0x00000000                __vectors
 *(.vectors)
 *(.progmem.gcc*)
                0x00000068                . = ALIGN (0x2)
                0x00000068                __trampolines_start = .
 *(.trampolines)
 .trampolines   0x00000068        0x0 linker stubs
 *(.trampolines*)
                0x00000068                __trampolines_end = .
 *libprintf_flt.a:*(.progmem.data)
 *libc.a:*(.progmem.data)
 *(.progmem*)
 .progmem.data._ZZN6IRrecv17decodeBiPhaseDataEhhhjE3__c_1
                0x00000068        0x5 Sketch.o
 .progmem.data._ZZN6IRrecv17decodeBiPhaseDataEhhhjE3__c_0
                0x0000006d        0x9 Sketch.o
 .progmem.data._ZZN6IRrecv17decodeBiPhaseDataEhhhjE3__c
                0x00000076        0x7 Sketch.o
 .progmem.data._ZZN6IRrecv23decodePulseDistanceDataEhhjjjbE3__c_8
                0x0000007d        0x5 Sketch.o
 .progmem.data._ZZN6IRrecv23decodePulseDistanceDataEhhjjjbE3__c_7
                0x00000082        0x9 Sketch.o
 .progmem.data._ZZN6IRrecv23decodePulseDistanceDataEhhjjjbE3__c_6
                0x0000008b        0x7 Sketch.o
 .progmem.data._ZZN6IRrecv23decodePulseDistanceDataEhhjjjbE3__c_5
                0x00000092        0x9 Sketch.o
 .progmem.data._ZZN6IRrecv23decodePulseDistanceDataEhhjjjbE3__c_4
                0x0000009b        0x6 Sketch.o
 .progmem.data._ZZN6IRrecv23decodePulseDistanceDataEhhjjjbE3__c_3
                0x000000a1        0x5 Sketch.o
 .progmem.data._ZZN6IRrecv23decodePulseDistanceDataEhhjjjbE3__c_2
                0x000000a6        0x9 Sketch.o
 .progmem.data._ZZN6IRrecv23decodePulseDistanceDataEhhjjjbE3__c_1
                0x000000af        0x7 Sketch.o
 .progmem.data._ZZN6IRrecv23decodePulseDistanceDataEhhjjjbE3__c_0
                0x000000b6        0x9 Sketch.o
 .progmem.data._ZZN6IRrecv23decodePulseDistanceDataEhhjjjbE3__c
                0x000000bf        0x6 Sketch.o
 .progmem.data._ZZN6IRrecv20decodePulseWidthDataEhhjjjbE3__c_8
                0x000000c5        0x9 Sketch.o
 .progmem.data._ZZN6IRrecv20decodePulseWidthDataEhhjjjbE3__c_7
                0x000000ce        0x7 Sketch.o
 .progmem.data._ZZN6IRrecv20decodePulseWidthDataEhhjjjbE3__c_6
                0x000000d5        0x5 Sketch.o
 .progmem.data._ZZN6IRrecv20decodePulseWidthDataEhhjjjbE3__c_5
                0x000000da        0x9 Sketch.o
 .progmem.data._ZZN6IRrecv20decodePulseWidthDataEhhjjjbE3__c_4
                0x000000e3        0x6 Sketch.o
 .progmem.data._ZZN6IRrecv20decodePulseWidthDataEhhjjjbE3__c_3
                0x000000e9        0x9 Sketch.o
 .progmem.data._ZZN6IRrecv20decodePulseWidthDataEhhjjjbE3__c_2
                0x000000f2        0x7 Sketch.o
 .progmem.data._ZZN6IRrecv20decodePulseWidthDataEhhjjjbE3__c_1
                0x000000f9        0x5 Sketch.o
 .progmem.data._ZZN6IRrecv20decodePulseWidthDataEhhjjjbE3__c_0
                0x000000fe        0x9 Sketch.o
 .progmem.data._ZZN6IRrecv20decodePulseWidthDataEhhjjjbE3__c
                0x00000107        0x6 Sketch.o
 .progmem.data._ZZN6IRrecv14decodeBoseWaveEvE3__c
                0x0000010d       0x1e src/libraries/IRremote-3.0/src/ir_BoseWave.o
 .progmem.data._ZZN6IRrecv11decodeDenonEvE3__c
                0x0000012b       0x1e src/libraries/IRremote-3.0/src/ir_Denon.o
 .progmem.data._ZZN6IRrecv9decodeJVCEvE3__c_0
                0x00000149        0xe src/libraries/IRremote-3.0/src/ir_JVC.o
 .progmem.data._ZZN6IRrecv9decodeJVCEvE3__c
                0x00000157        0x6 src/libraries/IRremote-3.0/src/ir_JVC.o
 .progmem.data._ZZN6IRrecv24decodeLegoPowerFunctionsEvE3__c
                0x0000015d       0x1e src/libraries/IRremote-3.0/src/ir_Lego.o
 .progmem.data._ZZN6IRrecv8decodeLGEvE3__c_5
                0x0000017b        0x5 src/libraries/IRremote-3.0/src/ir_LG.o
 .progmem.data._ZZN6IRrecv8decodeLGEvE3__c_4
                0x00000180       0x1e src/libraries/IRremote-3.0/src/ir_LG.o
 .progmem.data._ZZN6IRrecv8decodeLGEvE3__c_3
                0x0000019e        0x5 src/libraries/IRremote-3.0/src/ir_LG.o
 .progmem.data._ZZN6IRrecv8decodeLGEvE3__c_2
                0x000001a3        0xe src/libraries/IRremote-3.0/src/ir_LG.o
 .progmem.data._ZZN6IRrecv8decodeLGEvE3__c_1
                0x000001b1        0x5 src/libraries/IRremote-3.0/src/ir_LG.o
 .progmem.data._ZZN6IRrecv8decodeLGEvE3__c_0
                0x000001b6       0x1d src/libraries/IRremote-3.0/src/ir_LG.o
 .progmem.data._ZZN6IRrecv8decodeLGEvE3__c
                0x000001d3        0x5 src/libraries/IRremote-3.0/src/ir_LG.o
 .progmem.data._ZZN6IRrecv9decodeNECEvE3__c_7
                0x000001d8       0x1d src/libraries/IRremote-3.0/src/ir_NEC.o
 .progmem.data._ZZN6IRrecv9decodeNECEvE3__c_6
                0x000001f5        0xb src/libraries/IRremote-3.0/src/ir_NEC.o
 .progmem.data._ZZN6IRrecv9decodeNECEvE3__c_5
                0x00000200        0x6 src/libraries/IRremote-3.0/src/ir_NEC.o
 .progmem.data._ZZN6IRrecv9decodeNECEvE3__c_4
                0x00000206       0x1e src/libraries/IRremote-3.0/src/ir_NEC.o
 .progmem.data._ZZN6IRrecv9decodeNECEvE3__c_3
                0x00000224        0x6 src/libraries/IRremote-3.0/src/ir_NEC.o
 .progmem.data._ZZN6IRrecv9decodeNECEvE3__c_2
                0x0000022a        0xe src/libraries/IRremote-3.0/src/ir_NEC.o
 .progmem.data._ZZN6IRrecv9decodeNECEvE3__c_1
                0x00000238        0x6 src/libraries/IRremote-3.0/src/ir_NEC.o
 .progmem.data._ZZN6IRrecv9decodeNECEvE3__c_0
                0x0000023e       0x1d src/libraries/IRremote-3.0/src/ir_NEC.o
 .progmem.data._ZZN6IRrecv9decodeNECEvE3__c
                0x0000025b        0x6 src/libraries/IRremote-3.0/src/ir_NEC.o
 .progmem.data._ZZN6IRrecv9decodeRC6EvE3__c_11
                0x00000261        0xe src/libraries/IRremote-3.0/src/ir_RC5_RC6.o
 .progmem.data._ZZN6IRrecv9decodeRC6EvE3__c_10
                0x0000026f        0x6 src/libraries/IRremote-3.0/src/ir_RC5_RC6.o
 .progmem.data._ZZN6IRrecv9decodeRC6EvE3__c_9
                0x00000275       0x25 src/libraries/IRremote-3.0/src/ir_RC5_RC6.o
 .progmem.data._ZZN6IRrecv9decodeRC6EvE3__c_8
                0x0000029a        0x6 src/libraries/IRremote-3.0/src/ir_RC5_RC6.o
 .progmem.data._ZZN6IRrecv9decodeRC6EvE3__c_7
                0x000002a0       0x25 src/libraries/IRremote-3.0/src/ir_RC5_RC6.o
 .progmem.data._ZZN6IRrecv9decodeRC6EvE3__c_6
                0x000002c5        0x6 src/libraries/IRremote-3.0/src/ir_RC5_RC6.o
 .progmem.data._ZZN6IRrecv9decodeRC6EvE3__c_5
                0x000002cb       0x25 src/libraries/IRremote-3.0/src/ir_RC5_RC6.o
 .progmem.data._ZZN6IRrecv9decodeRC6EvE3__c_4
                0x000002f0        0x6 src/libraries/IRremote-3.0/src/ir_RC5_RC6.o
 .progmem.data._ZZN6IRrecv9decodeRC6EvE3__c_3
                0x000002f6        0xa src/libraries/IRremote-3.0/src/ir_RC5_RC6.o
 .progmem.data._ZZN6IRrecv9decodeRC6EvE3__c_2
                0x00000300       0x12 src/libraries/IRremote-3.0/src/ir_RC5_RC6.o
 .progmem.data._ZZN6IRrecv9decodeRC6EvE3__c_1
                0x00000312        0x6 src/libraries/IRremote-3.0/src/ir_RC5_RC6.o
 .progmem.data._ZZN6IRrecv9decodeRC6EvE3__c_0
                0x00000318       0x27 src/libraries/IRremote-3.0/src/ir_RC5_RC6.o
 .progmem.data._ZZN6IRrecv9decodeRC6EvE3__c
                0x0000033f        0x6 src/libraries/IRremote-3.0/src/ir_RC5_RC6.o
 .progmem.data._ZZN6IRrecv13decodeWhynterEvE3__c_1
                0x00000345       0x1e src/libraries/IRremote-3.0/src/ir_Whynter.o
 .progmem.data._ZZN6IRrecv13decodeWhynterEvE3__c_0
                0x00000363       0x25 src/libraries/IRremote-3.0/src/ir_Whynter.o
 .progmem.data._ZZN6IRrecv13decodeWhynterEvE3__c
                0x00000388        0xa src/libraries/IRremote-3.0/src/ir_Whynter.o
 .progmem.data.digital_pin_to_timer_PGM
                0x00000392       0x14 C:\Arduino\ArduinoSketch23\ArduinoSketch23\ArduinoCore\Debug\libArduinoCore.a(wiring_digital.o)
                0x00000392                digital_pin_to_timer_PGM
 .progmem.data.digital_pin_to_bit_mask_PGM
                0x000003a6       0x14 C:\Arduino\ArduinoSketch23\ArduinoSketch23\ArduinoCore\Debug\libArduinoCore.a(wiring_digital.o)
                0x000003a6                digital_pin_to_bit_mask_PGM
 .progmem.data.digital_pin_to_port_PGM
                0x000003ba       0x14 C:\Arduino\ArduinoSketch23\ArduinoSketch23\ArduinoCore\Debug\libArduinoCore.a(wiring_digital.o)
                0x000003ba                digital_pin_to_port_PGM
 .progmem.data.port_to_input_PGM
                0x000003ce        0xa C:\Arduino\ArduinoSketch23\ArduinoSketch23\ArduinoCore\Debug\libArduinoCore.a(wiring_digital.o)
                0x000003ce                port_to_input_PGM
 .progmem.data.port_to_output_PGM
                0x000003d8        0xa C:\Arduino\ArduinoSketch23\ArduinoSketch23\ArduinoCore\Debug\libArduinoCore.a(wiring_digital.o)
                0x000003d8                port_to_output_PGM
 .progmem.data.port_to_mode_PGM
                0x000003e2        0xa C:\Arduino\ArduinoSketch23\ArduinoSketch23\ArduinoCore\Debug\libArduinoCore.a(wiring_digital.o)
                0x000003e2                port_to_mode_PGM
                0x000003ec                . = ALIGN (0x2)
 *(.jumptables)
 *(.jumptables*)
 *(.lowtext)
 *(.lowtext*)
                0x000003ec                __ctors_start = .
 *(.ctors)
 .ctors         0x000003ec        0x2 Sketch.o
 .ctors         0x000003ee        0x2 C:\Arduino\ArduinoSketch23\ArduinoSketch23\ArduinoCore\Debug\libArduinoCore.a(HardwareSerial0.o)
                0x000003f0                __ctors_end = .
                0x000003f0                __dtors_start = .
 *(.dtors)
                0x000003f0                __dtors_end = .
 SORT(*)(.ctors)
 SORT(*)(.dtors)
 *(.init0)
 .init0         0x000003f0        0x0 C:/Program Files (x86)/Atmel/Studio/7.0/Packs/atmel/ATmega_DFP/1.6.364/gcc/dev/atmega328p/avr5/crtatmega328p.o
                0x000003f0                __init
 *(.init0)
 *(.init1)
 *(.init1)
 *(.init2)
 .init2         0x000003f0        0xc C:/Program Files (x86)/Atmel/Studio/7.0/Packs/atmel/ATmega_DFP/1.6.364/gcc/dev/atmega328p/avr5/crtatmega328p.o
 *(.init2)
 *(.init3)
 *(.init3)
 *(.init4)
 .init4         0x000003fc       0x16 c:/program files (x86)/atmel/studio/7.0/toolchain/avr8/avr8-gnu-toolchain/bin/../lib/gcc/avr/5.4.0/avr5\libgcc.a(_copy_data.o)
                0x000003fc                __do_copy_data
 .init4         0x00000412       0x10 c:/program files (x86)/atmel/studio/7.0/toolchain/avr8/avr8-gnu-toolchain/bin/../lib/gcc/avr/5.4.0/avr5\libgcc.a(_clear_bss.o)
                0x00000412                __do_clear_bss
 *(.init4)
 *(.init5)
 *(.init5)
 *(.init6)
 .init6         0x00000422       0x16 c:/program files (x86)/atmel/studio/7.0/toolchain/avr8/avr8-gnu-toolchain/bin/../lib/gcc/avr/5.4.0/avr5\libgcc.a(_ctors.o)
                0x00000422                __do_global_ctors
 *(.init6)
 *(.init7)
 *(.init7)
 *(.init8)
 *(.init8)
 *(.init9)
 .init9         0x00000438        0x8 C:/Program Files (x86)/Atmel/Studio/7.0/Packs/atmel/ATmega_DFP/1.6.364/gcc/dev/atmega328p/avr5/crtatmega328p.o
 *(.init9)
 *(.text)
 .text          0x00000440        0x4 C:/Program Files (x86)/Atmel/Studio/7.0/Packs/atmel/ATmega_DFP/1.6.364/gcc/dev/atmega328p/avr5/crtatmega328p.o
                0x00000440                __vector_22
                0x00000440                __vector_1
                0x00000440                __vector_24
                0x00000440                __vector_12
                0x00000440                __bad_interrupt
                0x00000440                __vector_6
                0x00000440                __vector_3
                0x00000440                __vector_23
                0x00000440                __vector_25
                0x00000440                __vector_11
                0x00000440                __vector_13
                0x00000440                __vector_17
                0x00000440                __vector_7
                0x00000440                __vector_5
                0x00000440                __vector_4
                0x00000440                __vector_9
                0x00000440                __vector_2
                0x00000440                __vector_21
                0x00000440                __vector_15
                0x00000440                __vector_14
                0x00000440                __vector_10
                0x00000440                __vector_20
                0x00000444                . = ALIGN (0x2)
 *(.text.*)
 .text._ZN6IRrecv6resumeEv
                0x00000444        0xe Sketch.o
                0x00000444                _ZN6IRrecv6resumeEv
 .text._ZN6IRrecv10enableIRInEv
                0x00000452       0x34 Sketch.o
                0x00000452                _ZN6IRrecv10enableIRInEv
 .text._ZN6IRrecv17initDecodedIRDataEv
                0x00000486       0x6a Sketch.o
                0x00000486                _ZN6IRrecv17initDecodedIRDataEv
 .text._ZN6IRrecv7compareEjj
                0x000004f0       0x44 Sketch.o
                0x000004f0                _ZN6IRrecv7compareEjj
 .text._ZN6IRrecv10decodeHashEv
                0x00000534       0xac Sketch.o
                0x00000534                _ZN6IRrecv10decodeHashEv
 .text._ZN6IRrecv6decodeEv
                0x000005e0       0xe8 Sketch.o
                0x000005e0                _ZN6IRrecv6decodeEv
 .text._ZN6IRrecv6decodeEP14decode_results
                0x000006c8       0x1c Sketch.o
                0x000006c8                _ZN6IRrecv6decodeEP14decode_results
 .text._Z10MATCH_MARKjj
                0x000006e4       0x32 Sketch.o
                0x000006e4                _Z10MATCH_MARKjj
 .text._Z11MATCH_SPACEjj
                0x00000716       0x32 Sketch.o
                0x00000716                _Z11MATCH_SPACEjj
 .text._ZN6IRrecv20decodePulseWidthDataEhhjjjb
                0x00000748      0x30c Sketch.o
                0x00000748                _ZN6IRrecv20decodePulseWidthDataEhhjjjb
 .text._ZN6IRrecv23decodePulseDistanceDataEhhjjjb
                0x00000a54      0x29a Sketch.o
                0x00000a54                _ZN6IRrecv23decodePulseDistanceDataEhhjjjb
 .text._ZN6IRrecv17decodeBiPhaseDataEhhhj
                0x00000cee      0x22c Sketch.o
                0x00000cee                _ZN6IRrecv17decodeBiPhaseDataEhhhj
 .text._Z14setFeedbackLEDb
                0x00000f1a       0x2c Sketch.o
                0x00000f1a                _Z14setFeedbackLEDb
 .text.__vector_8
                0x00000f46      0x148 Sketch.o
                0x00000f46                __vector_8
 .text.setup    0x0000108e       0x36 Sketch.o
                0x0000108e                setup
 .text._Z10acionaRelev
                0x000010c4       0x14 Sketch.o
                0x000010c4                _Z10acionaRelev
 .text.loop     0x000010d8       0x6a Sketch.o
                0x000010d8                loop
 .text.startup._GLOBAL__sub_I_IrReceiver
                0x00001142       0x36 Sketch.o
 .text._ZN6IRrecv14decodeBoseWaveEv
                0x00001178      0x156 src/libraries/IRremote-3.0/src/ir_BoseWave.o
                0x00001178                _ZN6IRrecv14decodeBoseWaveEv
 .text._ZN6IRrecv11decodeDenonEv
                0x000012ce      0x124 src/libraries/IRremote-3.0/src/ir_Denon.o
                0x000012ce                _ZN6IRrecv11decodeDenonEv
 .text._ZN6IRrecv9decodeJVCEv
                0x000013f2       0xee src/libraries/IRremote-3.0/src/ir_JVC.o
                0x000013f2                _ZN6IRrecv9decodeJVCEv
 .text._ZN6IRrecv14decodeKaseikyoEv
                0x000014e0      0x2da src/libraries/IRremote-3.0/src/ir_Kaseikyo.o
                0x000014e0                _ZN6IRrecv14decodeKaseikyoEv
 .text._ZN6IRrecv24decodeLegoPowerFunctionsEv
                0x000017ba      0x236 src/libraries/IRremote-3.0/src/ir_Lego.o
                0x000017ba                _ZN6IRrecv24decodeLegoPowerFunctionsEv
 .text._ZN6IRrecv8decodeLGEv
                0x000019f0      0x20e src/libraries/IRremote-3.0/src/ir_LG.o
                0x000019f0                _ZN6IRrecv8decodeLGEv
 .text._ZN6IRrecv15decodeMagiQuestEv
                0x00001bfe      0x2da src/libraries/IRremote-3.0/src/ir_MagiQuest.o
                0x00001bfe                _ZN6IRrecv15decodeMagiQuestEv
 .text._ZN6IRrecv9decodeNECEv
                0x00001ed8      0x1b4 src/libraries/IRremote-3.0/src/ir_NEC.o
                0x00001ed8                _ZN6IRrecv9decodeNECEv
 .text._ZN6IRrecv9decodeRC5Ev
                0x0000208c       0x80 src/libraries/IRremote-3.0/src/ir_RC5_RC6.o
                0x0000208c                _ZN6IRrecv9decodeRC5Ev
 .text._ZN6IRrecv9decodeRC6Ev
                0x0000210c      0x1ee src/libraries/IRremote-3.0/src/ir_RC5_RC6.o
                0x0000210c                _ZN6IRrecv9decodeRC6Ev
 .text._ZN6IRrecv13decodeSamsungEv
                0x000022fa      0x156 src/libraries/IRremote-3.0/src/ir_Samsung.o
                0x000022fa                _ZN6IRrecv13decodeSamsungEv
 .text._ZN6IRrecv10decodeSonyEv
                0x00002450      0x114 src/libraries/IRremote-3.0/src/ir_Sony.o
                0x00002450                _ZN6IRrecv10decodeSonyEv
 .text._ZN6IRrecv13decodeWhynterEv
                0x00002564       0xc8 src/libraries/IRremote-3.0/src/ir_Whynter.o
                0x00002564                _ZN6IRrecv13decodeWhynterEv
 .text._ZN5Print17availableForWriteEv
                0x0000262c        0x6 src/libraries/LiquidCrystal/src/LiquidCrystal.o
                0x0000262c                _ZN5Print17availableForWriteEv
 .text._ZN5Print5flushEv
                0x00002632        0x2 src/libraries/LiquidCrystal/src/LiquidCrystal.o
                0x00002632                _ZN5Print5flushEv
 .text._ZN13LiquidCrystal11pulseEnableEv
                0x00002634       0x3a src/libraries/LiquidCrystal/src/LiquidCrystal.o
                0x00002634                _ZN13LiquidCrystal11pulseEnableEv
 .text._ZN13LiquidCrystal10write4bitsEh
                0x0000266e       0x5a src/libraries/LiquidCrystal/src/LiquidCrystal.o
                0x0000266e                _ZN13LiquidCrystal10write4bitsEh
 .text._ZN13LiquidCrystal10write8bitsEh
                0x000026c8       0x5a src/libraries/LiquidCrystal/src/LiquidCrystal.o
                0x000026c8                _ZN13LiquidCrystal10write8bitsEh
 .text._ZN13LiquidCrystal4sendEhh
                0x00002722       0x52 src/libraries/LiquidCrystal/src/LiquidCrystal.o
                0x00002722                _ZN13LiquidCrystal4sendEhh
 .text._ZN13LiquidCrystal7commandEh
                0x00002774        0x6 src/libraries/LiquidCrystal/src/LiquidCrystal.o
                0x00002774                _ZN13LiquidCrystal7commandEh
 .text._ZN13LiquidCrystal5clearEv
                0x0000277a        0xe src/libraries/LiquidCrystal/src/LiquidCrystal.o
                0x0000277a                _ZN13LiquidCrystal5clearEv
 .text._ZN13LiquidCrystal9setCursorEhh
                0x00002788       0x26 src/libraries/LiquidCrystal/src/LiquidCrystal.o
                0x00002788                _ZN13LiquidCrystal9setCursorEhh
 .text._ZN13LiquidCrystal7displayEv
                0x000027ae       0x10 src/libraries/LiquidCrystal/src/LiquidCrystal.o
                0x000027ae                _ZN13LiquidCrystal7displayEv
 .text._ZN13LiquidCrystal5beginEhhh
                0x000027be      0x14a src/libraries/LiquidCrystal/src/LiquidCrystal.o
                0x000027be                _ZN13LiquidCrystal5beginEhhh
 .text._ZN13LiquidCrystalC2Ehhhhhh
                0x00002908       0x40 src/libraries/LiquidCrystal/src/LiquidCrystal.o
                0x00002908                _ZN13LiquidCrystalC1Ehhhhhh
                0x00002908                _ZN13LiquidCrystalC2Ehhhhhh
 .text._ZN13LiquidCrystal5writeEh
                0x00002948        0xc src/libraries/LiquidCrystal/src/LiquidCrystal.o
                0x00002948                _ZN13LiquidCrystal5writeEh
 .text.avr-libc.fplib
                0x00002954       0x7a c:/program files (x86)/atmel/studio/7.0/toolchain/avr8/avr8-gnu-toolchain/bin/../lib/gcc/avr/5.4.0/../../../../avr/lib/avr5\libm.a(floatsisf.o)
                0x00002954                __floatunsisf
                0x00002958                __floatsisf
 .text.__vector_18
                0x000029ce       0x64 C:\Arduino\ArduinoSketch23\ArduinoSketch23\ArduinoCore\Debug\libArduinoCore.a(HardwareSerial0.o)
                0x000029ce                __vector_18
 .text.__vector_19
                0x00002a32       0x4c C:\Arduino\ArduinoSketch23\ArduinoSketch23\ArduinoCore\Debug\libArduinoCore.a(HardwareSerial0.o)
                0x00002a32                __vector_19
 .text._Z17Serial0_availablev
                0x00002a7e       0x14 C:\Arduino\ArduinoSketch23\ArduinoSketch23\ArduinoCore\Debug\libArduinoCore.a(HardwareSerial0.o)
                0x00002a7e                _Z17Serial0_availablev
 .text.startup._GLOBAL__sub_I___vector_18
                0x00002a92       0x5a C:\Arduino\ArduinoSketch23\ArduinoSketch23\ArduinoCore\Debug\libArduinoCore.a(HardwareSerial0.o)
 .text.initVariant
                0x00002aec        0x2 C:\Arduino\ArduinoSketch23\ArduinoSketch23\ArduinoCore\Debug\libArduinoCore.a(main.o)
                0x00002aec                initVariant
 .text.startup.main
                0x00002aee       0x1e C:\Arduino\ArduinoSketch23\ArduinoSketch23\ArduinoCore\Debug\libArduinoCore.a(main.o)
                0x00002aee                main
 .text._ZN5Print5writeEPKhj
                0x00002b0c       0x54 C:\Arduino\ArduinoSketch23\ArduinoSketch23\ArduinoCore\Debug\libArduinoCore.a(Print.o)
                0x00002b0c                _ZN5Print5writeEPKhj
 .text._ZN5Print5writeEPKc
                0x00002b60       0x2a C:\Arduino\ArduinoSketch23\ArduinoSketch23\ArduinoCore\Debug\libArduinoCore.a(Print.o)
                0x00002b60                _ZN5Print5writeEPKc
 .text._ZN5Print5printEPK19__FlashStringHelper
                0x00002b8a       0x48 C:\Arduino\ArduinoSketch23\ArduinoSketch23\ArduinoCore\Debug\libArduinoCore.a(Print.o)
                0x00002b8a                _ZN5Print5printEPK19__FlashStringHelper
 .text._ZN5Print5printEPKc
                0x00002bd2        0x4 C:\Arduino\ArduinoSketch23\ArduinoSketch23\ArduinoCore\Debug\libArduinoCore.a(Print.o)
                0x00002bd2                _ZN5Print5printEPKc
 .text._ZN5Print5printEc
                0x00002bd6        0xe C:\Arduino\ArduinoSketch23\ArduinoSketch23\ArduinoCore\Debug\libArduinoCore.a(Print.o)
                0x00002bd6                _ZN5Print5printEc
 .text._ZN5Print7printlnEv
                0x00002be4        0x8 C:\Arduino\ArduinoSketch23\ArduinoSketch23\ArduinoCore\Debug\libArduinoCore.a(Print.o)
                0x00002be4                _ZN5Print7printlnEv
 .text._ZN5Print7printlnEPK19__FlashStringHelper
                0x00002bec       0x24 C:\Arduino\ArduinoSketch23\ArduinoSketch23\ArduinoCore\Debug\libArduinoCore.a(Print.o)
                0x00002bec                _ZN5Print7printlnEPK19__FlashStringHelper
 .text._ZN5Print7printlnEPKc
                0x00002c10       0x24 C:\Arduino\ArduinoSketch23\ArduinoSketch23\ArduinoCore\Debug\libArduinoCore.a(Print.o)
                0x00002c10                _ZN5Print7printlnEPKc
 .text._ZN5Print11printNumberEmh
                0x00002c34       0x92 C:\Arduino\ArduinoSketch23\ArduinoSketch23\ArduinoCore\Debug\libArduinoCore.a(Print.o)
                0x00002c34                _ZN5Print11printNumberEmh
 .text._ZN5Print5printEmi
                0x00002cc6       0x1a C:\Arduino\ArduinoSketch23\ArduinoSketch23\ArduinoCore\Debug\libArduinoCore.a(Print.o)
                0x00002cc6                _ZN5Print5printEmi
 .text._ZN5Print5printEhi
                0x00002ce0        0xe C:\Arduino\ArduinoSketch23\ArduinoSketch23\ArduinoCore\Debug\libArduinoCore.a(Print.o)
                0x00002ce0                _ZN5Print5printEhi
 .text._ZN5Print7printlnEhi
                0x00002cee       0x24 C:\Arduino\ArduinoSketch23\ArduinoSketch23\ArduinoCore\Debug\libArduinoCore.a(Print.o)
                0x00002cee                _ZN5Print7printlnEhi
 .text._ZN5Print5printEji
                0x00002d12        0xc C:\Arduino\ArduinoSketch23\ArduinoSketch23\ArduinoCore\Debug\libArduinoCore.a(Print.o)
                0x00002d12                _ZN5Print5printEji
 .text._ZN5Print7printlnEji
                0x00002d1e       0x24 C:\Arduino\ArduinoSketch23\ArduinoSketch23\ArduinoCore\Debug\libArduinoCore.a(Print.o)
                0x00002d1e                _ZN5Print7printlnEji
 .text.__vector_16
                0x00002d42       0x94 C:\Arduino\ArduinoSketch23\ArduinoSketch23\ArduinoCore\Debug\libArduinoCore.a(wiring.o)
                0x00002d42                __vector_16
 .text.delayMicroseconds
                0x00002dd6       0x16 C:\Arduino\ArduinoSketch23\ArduinoSketch23\ArduinoCore\Debug\libArduinoCore.a(wiring.o)
                0x00002dd6                delayMicroseconds
 .text.init     0x00002dec       0x76 C:\Arduino\ArduinoSketch23\ArduinoSketch23\ArduinoCore\Debug\libArduinoCore.a(wiring.o)
                0x00002dec                init
 .text.turnOffPWM
                0x00002e62       0x52 C:\Arduino\ArduinoSketch23\ArduinoSketch23\ArduinoCore\Debug\libArduinoCore.a(wiring_digital.o)
 .text.pinMode  0x00002eb4       0x78 C:\Arduino\ArduinoSketch23\ArduinoSketch23\ArduinoCore\Debug\libArduinoCore.a(wiring_digital.o)
                0x00002eb4                pinMode
 .text.digitalWrite
                0x00002f2c       0x5e C:\Arduino\ArduinoSketch23\ArduinoSketch23\ArduinoCore\Debug\libArduinoCore.a(wiring_digital.o)
                0x00002f2c                digitalWrite
 .text.digitalRead
                0x00002f8a       0x52 C:\Arduino\ArduinoSketch23\ArduinoSketch23\ArduinoCore\Debug\libArduinoCore.a(wiring_digital.o)
                0x00002f8a                digitalRead
 .text._ZN14HardwareSerial9availableEv
                0x00002fdc       0x18 C:\Arduino\ArduinoSketch23\ArduinoSketch23\ArduinoCore\Debug\libArduinoCore.a(HardwareSerial.o)
                0x00002fdc                _ZN14HardwareSerial9availableEv
 .text._ZN14HardwareSerial4peekEv
                0x00002ff4       0x1c C:\Arduino\ArduinoSketch23\ArduinoSketch23\ArduinoCore\Debug\libArduinoCore.a(HardwareSerial.o)
                0x00002ff4                _ZN14HardwareSerial4peekEv
 .text._ZN14HardwareSerial4readEv
                0x00003010       0x28 C:\Arduino\ArduinoSketch23\ArduinoSketch23\ArduinoCore\Debug\libArduinoCore.a(HardwareSerial.o)
                0x00003010                _ZN14HardwareSerial4readEv
 .text._ZN14HardwareSerial17availableForWriteEv
                0x00003038       0x1e C:\Arduino\ArduinoSketch23\ArduinoSketch23\ArduinoCore\Debug\libArduinoCore.a(HardwareSerial.o)
                0x00003038                _ZN14HardwareSerial17availableForWriteEv
 .text._Z14serialEventRunv
                0x00003056       0x1c C:\Arduino\ArduinoSketch23\ArduinoSketch23\ArduinoCore\Debug\libArduinoCore.a(HardwareSerial.o)
                0x00003056                _Z14serialEventRunv
 .text._ZN14HardwareSerial17_tx_udr_empty_irqEv
                0x00003072       0x44 C:\Arduino\ArduinoSketch23\ArduinoSketch23\ArduinoCore\Debug\libArduinoCore.a(HardwareSerial.o)
                0x00003072                _ZN14HardwareSerial17_tx_udr_empty_irqEv
 .text._ZN14HardwareSerial5writeEh
                0x000030b6       0x9a C:\Arduino\ArduinoSketch23\ArduinoSketch23\ArduinoCore\Debug\libArduinoCore.a(HardwareSerial.o)
                0x000030b6                _ZN14HardwareSerial5writeEh
 .text._ZN14HardwareSerial5flushEv
                0x00003150       0x44 C:\Arduino\ArduinoSketch23\ArduinoSketch23\ArduinoCore\Debug\libArduinoCore.a(HardwareSerial.o)
                0x00003150                _ZN14HardwareSerial5flushEv
 .text.libgcc.mul
                0x00003194       0x20 c:/program files (x86)/atmel/studio/7.0/toolchain/avr8/avr8-gnu-toolchain/bin/../lib/gcc/avr/5.4.0/avr5\libgcc.a(_mulsi3.o)
                0x00003194                __mulsi3
 .text.libgcc.div
                0x000031b4       0x28 c:/program files (x86)/atmel/studio/7.0/toolchain/avr8/avr8-gnu-toolchain/bin/../lib/gcc/avr/5.4.0/avr5\libgcc.a(_udivmodhi4.o)
                0x000031b4                __udivmodhi4
 .text.libgcc.div
                0x000031dc       0x44 c:/program files (x86)/atmel/studio/7.0/toolchain/avr8/avr8-gnu-toolchain/bin/../lib/gcc/avr/5.4.0/avr5\libgcc.a(_udivmodsi4.o)
                0x000031dc                __udivmodsi4
 .text.libgcc.mul
                0x00003220       0x1e c:/program files (x86)/atmel/studio/7.0/toolchain/avr8/avr8-gnu-toolchain/bin/../lib/gcc/avr/5.4.0/avr5\libgcc.a(_umulhisi3.o)
                0x00003220                __umulhisi3
 .text.libgcc.mul
                0x0000323e       0x16 c:/program files (x86)/atmel/studio/7.0/toolchain/avr8/avr8-gnu-toolchain/bin/../lib/gcc/avr/5.4.0/avr5\libgcc.a(_muluhisi3.o)
                0x0000323e                __muluhisi3
 .text.libgcc.builtins
                0x00003254       0x32 c:/program files (x86)/atmel/studio/7.0/toolchain/avr8/avr8-gnu-toolchain/bin/../lib/gcc/avr/5.4.0/avr5\libgcc.a(_ashldi3.o)
                0x00003254                __ashldi3
 .text.libgcc   0x00003286        0xc c:/program files (x86)/atmel/studio/7.0/toolchain/avr8/avr8-gnu-toolchain/bin/../lib/gcc/avr/5.4.0/avr5\libgcc.a(_tablejump2.o)
                0x00003286                __tablejump2__
                0x00003292                . = ALIGN (0x2)
 *(.fini9)
 .fini9         0x00003292        0x0 c:/program files (x86)/atmel/studio/7.0/toolchain/avr8/avr8-gnu-toolchain/bin/../lib/gcc/avr/5.4.0/avr5\libgcc.a(_exit.o)
                0x00003292                _exit
                0x00003292                exit
 *(.fini9)
 *(.fini8)
 *(.fini8)
 *(.fini7)
 *(.fini7)
 *(.fini6)
 *(.fini6)
 *(.fini5)
 *(.fini5)
 *(.fini4)
 *(.fini4)
 *(.fini3)
 *(.fini3)
 *(.fini2)
 *(.fini2)
 *(.fini1)
 *(.fini1)
 *(.fini0)
 .fini0         0x00003292        0x4 c:/program files (x86)/atmel/studio/7.0/toolchain/avr8/avr8-gnu-toolchain/bin/../lib/gcc/avr/5.4.0/avr5\libgcc.a(_exit.o)
 *(.fini0)
                0x00003296                _etext = .

.data           0x00800100      0x500 load address 0x00003296
                0x00800100                PROVIDE (__data_start, .)
 *(.data)
 *(.data*)
 *(.gnu.linkonce.d*)
 *(.rodata)
 *(.rodata*)
 .rodata.str1.1
                0x00800100      0x139 Sketch.o
                                0x14a (size before relaxing)
 .rodata.str1.1
                0x00800239       0x74 src/libraries/IRremote-3.0/src/ir_BoseWave.o
 .rodata.str1.1
                0x008002ad       0xb8 src/libraries/IRremote-3.0/src/ir_Denon.o
                                 0xc6 (size before relaxing)
 .rodata.str1.1
                0x00800365       0xf4 src/libraries/IRremote-3.0/src/ir_Kaseikyo.o
                                0x111 (size before relaxing)
 .rodata.str1.1
                0x00800459       0x34 src/libraries/IRremote-3.0/src/ir_Lego.o
                                 0xa7 (size before relaxing)
 .rodata.str1.1
                0x0080048d       0xdb src/libraries/IRremote-3.0/src/ir_LG.o
                                 0xe8 (size before relaxing)
 .rodata.str1.1
                0x00800568       0x34 src/libraries/IRremote-3.0/src/ir_MagiQuest.o
 .rodata.str1.1
                0x0080059c       0x2f src/libraries/IRremote-3.0/src/ir_Samsung.o
                                 0x3d (size before relaxing)
 .rodata.str1.1
                0x008005cb        0x7 src/libraries/IRremote-3.0/src/ir_Sony.o
                                 0x32 (size before relaxing)
 .rodata._ZTV13LiquidCrystal
                0x008005d2        0xc src/libraries/LiquidCrystal/src/LiquidCrystal.o
                0x008005d2                _ZTV13LiquidCrystal
 .rodata.str1.1
                0x008005de        0xf C:\Arduino\ArduinoSketch23\ArduinoSketch23\ArduinoCore\Debug\libArduinoCore.a(Print.o)
 .rodata._ZTV14HardwareSerial
                0x008005ed       0x12 C:\Arduino\ArduinoSketch23\ArduinoSketch23\ArduinoCore\Debug\libArduinoCore.a(HardwareSerial.o)
                0x008005ed                _ZTV14HardwareSerial
 *(.gnu.linkonce.r*)
                0x00800600                . = ALIGN (0x2)
 *fill*         0x008005ff        0x1 
                0x00800600                _edata = .
                0x00800600                PROVIDE (__data_end, .)

.bss            0x00800600      0x1c9
                0x00800600                PROVIDE (__bss_start, .)
 *(.bss)
 *(.bss*)
 .bss.lcd       0x00800600       0x18 Sketch.o
                0x00800600                lcd
 .bss.resultado
                0x00800618        0xe Sketch.o
                0x00800618                resultado
 .bss.recIR     0x00800626       0x26 Sketch.o
                0x00800626                recIR
 .bss.codigo    0x0080064c        0x4 Sketch.o
                0x0080064c                codigo
 .bss.irparams  0x00800650       0xd2 Sketch.o
                0x00800650                irparams
 .bss.IrSender  0x00800722        0x1 Sketch.o
                0x00800722                IrSender
 .bss.Serial    0x00800723       0x9d C:\Arduino\ArduinoSketch23\ArduinoSketch23\ArduinoCore\Debug\libArduinoCore.a(HardwareSerial0.o)
                0x00800723                Serial
 .bss.timer0_fract
                0x008007c0        0x1 C:\Arduino\ArduinoSketch23\ArduinoSketch23\ArduinoCore\Debug\libArduinoCore.a(wiring.o)
 .bss.timer0_millis
                0x008007c1        0x4 C:\Arduino\ArduinoSketch23\ArduinoSketch23\ArduinoCore\Debug\libArduinoCore.a(wiring.o)
                0x008007c1                timer0_millis
 .bss.timer0_overflow_count
                0x008007c5        0x4 C:\Arduino\ArduinoSketch23\ArduinoSketch23\ArduinoCore\Debug\libArduinoCore.a(wiring.o)
                0x008007c5                timer0_overflow_count
 *(COMMON)
                0x008007c9                PROVIDE (__bss_end, .)
                0x00003296                __data_load_start = LOADADDR (.data)
                0x00003796                __data_load_end = (__data_load_start + SIZEOF (.data))

.noinit         0x008007c9        0x0
                [!provide]                PROVIDE (__noinit_start, .)
 *(.noinit*)
                [!provide]                PROVIDE (__noinit_end, .)
                0x008007c9                _end = .
                0x008007c9                PROVIDE (__heap_start, .)

.eeprom         0x00810000        0x0
 *(.eeprom*)
                0x00810000                __eeprom_end = .

.fuse
 *(.fuse)
 *(.lfuse)
 *(.hfuse)
 *(.efuse)

.lock
 *(.lock*)

.signature
 *(.signature*)

.user_signatures
 *(.user_signatures*)

.stab
 *(.stab)

.stabstr
 *(.stabstr)

.stab.excl
 *(.stab.excl)

.stab.exclstr
 *(.stab.exclstr)

.stab.index
 *(.stab.index)

.stab.indexstr
 *(.stab.indexstr)

.comment        0x00000000       0x30
 *(.comment)
 .comment       0x00000000       0x30 Sketch.o
                                 0x31 (size before relaxing)
 .comment       0x00000030       0x31 src/libraries/IRremote-3.0/src/ir_BoseWave.o
 .comment       0x00000030       0x31 src/libraries/IRremote-3.0/src/ir_Denon.o
 .comment       0x00000030       0x31 src/libraries/IRremote-3.0/src/ir_JVC.o
 .comment       0x00000030       0x31 src/libraries/IRremote-3.0/src/ir_Kaseikyo.o
 .comment       0x00000030       0x31 src/libraries/IRremote-3.0/src/ir_Lego.o
 .comment       0x00000030       0x31 src/libraries/IRremote-3.0/src/ir_LG.o
 .comment       0x00000030       0x31 src/libraries/IRremote-3.0/src/ir_MagiQuest.o
 .comment       0x00000030       0x31 src/libraries/IRremote-3.0/src/ir_NEC.o
 .comment       0x00000030       0x31 src/libraries/IRremote-3.0/src/ir_RC5_RC6.o
 .comment       0x00000030       0x31 src/libraries/IRremote-3.0/src/ir_Samsung.o
 .comment       0x00000030       0x31 src/libraries/IRremote-3.0/src/ir_Sony.o
 .comment       0x00000030       0x31 src/libraries/IRremote-3.0/src/ir_Whynter.o
 .comment       0x00000030       0x31 src/libraries/LiquidCrystal/src/LiquidCrystal.o
 .comment       0x00000030       0x31 C:\Arduino\ArduinoSketch23\ArduinoSketch23\ArduinoCore\Debug\libArduinoCore.a(HardwareSerial0.o)
 .comment       0x00000030       0x31 C:\Arduino\ArduinoSketch23\ArduinoSketch23\ArduinoCore\Debug\libArduinoCore.a(main.o)
 .comment       0x00000030       0x31 C:\Arduino\ArduinoSketch23\ArduinoSketch23\ArduinoCore\Debug\libArduinoCore.a(Print.o)
 .comment       0x00000030       0x31 C:\Arduino\ArduinoSketch23\ArduinoSketch23\ArduinoCore\Debug\libArduinoCore.a(wiring.o)
 .comment       0x00000030       0x31 C:\Arduino\ArduinoSketch23\ArduinoSketch23\ArduinoCore\Debug\libArduinoCore.a(wiring_digital.o)
 .comment       0x00000030       0x31 C:\Arduino\ArduinoSketch23\ArduinoSketch23\ArduinoCore\Debug\libArduinoCore.a(HardwareSerial.o)

.note.gnu.avr.deviceinfo
                0x00000000       0x40
 .note.gnu.avr.deviceinfo
                0x00000000       0x40 C:/Program Files (x86)/Atmel/Studio/7.0/Packs/atmel/ATmega_DFP/1.6.364/gcc/dev/atmega328p/avr5/crtatmega328p.o

.note.gnu.build-id
 *(.note.gnu.build-id)

.debug
 *(.debug)

.line
 *(.line)

.debug_srcinfo
 *(.debug_srcinfo)

.debug_sfnames
 *(.debug_sfnames)

.debug_aranges  0x00000000      0x7f8
 *(.debug_aranges)
 .debug_aranges
                0x00000000      0x1c0 Sketch.o
 .debug_aranges
                0x000001c0       0x28 src/libraries/IRremote-3.0/src/ir_BoseWave.o
 .debug_aranges
                0x000001e8       0x50 src/libraries/IRremote-3.0/src/ir_Denon.o
 .debug_aranges
                0x00000238       0x38 src/libraries/IRremote-3.0/src/ir_JVC.o
 .debug_aranges
                0x00000270       0x38 src/libraries/IRremote-3.0/src/ir_Kaseikyo.o
 .debug_aranges
                0x000002a8       0x40 src/libraries/IRremote-3.0/src/ir_Lego.o
 .debug_aranges
                0x000002e8       0x40 src/libraries/IRremote-3.0/src/ir_LG.o
 .debug_aranges
                0x00000328       0x28 src/libraries/IRremote-3.0/src/ir_MagiQuest.o
 .debug_aranges
                0x00000350       0x48 src/libraries/IRremote-3.0/src/ir_NEC.o
 .debug_aranges
                0x00000398       0x58 src/libraries/IRremote-3.0/src/ir_RC5_RC6.o
 .debug_aranges
                0x000003f0       0x40 src/libraries/IRremote-3.0/src/ir_Samsung.o
 .debug_aranges
                0x00000430       0x30 src/libraries/IRremote-3.0/src/ir_Sony.o
 .debug_aranges
                0x00000460       0x28 src/libraries/IRremote-3.0/src/ir_Whynter.o
 .debug_aranges
                0x00000488      0x110 src/libraries/LiquidCrystal/src/LiquidCrystal.o
 .debug_aranges
                0x00000598       0x48 C:\Arduino\ArduinoSketch23\ArduinoSketch23\ArduinoCore\Debug\libArduinoCore.a(HardwareSerial0.o)
 .debug_aranges
                0x000005e0       0x30 C:\Arduino\ArduinoSketch23\ArduinoSketch23\ArduinoCore\Debug\libArduinoCore.a(main.o)
 .debug_aranges
                0x00000610      0x100 C:\Arduino\ArduinoSketch23\ArduinoSketch23\ArduinoCore\Debug\libArduinoCore.a(Print.o)
 .debug_aranges
                0x00000710       0x48 C:\Arduino\ArduinoSketch23\ArduinoSketch23\ArduinoCore\Debug\libArduinoCore.a(wiring.o)
 .debug_aranges
                0x00000758       0x38 C:\Arduino\ArduinoSketch23\ArduinoSketch23\ArduinoCore\Debug\libArduinoCore.a(wiring_digital.o)
 .debug_aranges
                0x00000790       0x68 C:\Arduino\ArduinoSketch23\ArduinoSketch23\ArduinoCore\Debug\libArduinoCore.a(HardwareSerial.o)

.debug_pubnames
 *(.debug_pubnames)

.debug_info     0x00000000    0x2fb82
 *(.debug_info .gnu.linkonce.wi.*)
 .debug_info    0x00000000      0x5f4 C:/Program Files (x86)/Atmel/Studio/7.0/Packs/atmel/ATmega_DFP/1.6.364/gcc/dev/atmega328p/avr5/crtatmega328p.o
 .debug_info    0x000005f4     0x5619 Sketch.o
 .debug_info    0x00005c0d     0x28ee src/libraries/IRremote-3.0/src/ir_BoseWave.o
 .debug_info    0x000084fb     0x2bcb src/libraries/IRremote-3.0/src/ir_Denon.o
 .debug_info    0x0000b0c6     0x295c src/libraries/IRremote-3.0/src/ir_JVC.o
 .debug_info    0x0000da22     0x2fb7 src/libraries/IRremote-3.0/src/ir_Kaseikyo.o
 .debug_info    0x000109d9     0x2c65 src/libraries/IRremote-3.0/src/ir_Lego.o
 .debug_info    0x0001363e     0x2c8e src/libraries/IRremote-3.0/src/ir_LG.o
 .debug_info    0x000162cc     0x292c src/libraries/IRremote-3.0/src/ir_MagiQuest.o
 .debug_info    0x00018bf8     0x2f2a src/libraries/IRremote-3.0/src/ir_NEC.o
 .debug_info    0x0001bb22     0x3679 src/libraries/IRremote-3.0/src/ir_RC5_RC6.o
 .debug_info    0x0001f19b     0x2e9a src/libraries/IRremote-3.0/src/ir_Samsung.o
 .debug_info    0x00022035     0x2926 src/libraries/IRremote-3.0/src/ir_Sony.o
 .debug_info    0x0002495b     0x27d1 src/libraries/IRremote-3.0/src/ir_Whynter.o
 .debug_info    0x0002712c     0x1bdd src/libraries/LiquidCrystal/src/LiquidCrystal.o
 .debug_info    0x00028d09     0x1b16 C:\Arduino\ArduinoSketch23\ArduinoSketch23\ArduinoCore\Debug\libArduinoCore.a(HardwareSerial0.o)
 .debug_info    0x0002a81f      0x237 C:\Arduino\ArduinoSketch23\ArduinoSketch23\ArduinoCore\Debug\libArduinoCore.a(main.o)
 .debug_info    0x0002aa56     0x28ff C:\Arduino\ArduinoSketch23\ArduinoSketch23\ArduinoCore\Debug\libArduinoCore.a(Print.o)
 .debug_info    0x0002d355      0x2cb C:\Arduino\ArduinoSketch23\ArduinoSketch23\ArduinoCore\Debug\libArduinoCore.a(wiring.o)
 .debug_info    0x0002d620      0x5fe C:\Arduino\ArduinoSketch23\ArduinoSketch23\ArduinoCore\Debug\libArduinoCore.a(wiring_digital.o)
 .debug_info    0x0002dc1e     0x1f64 C:\Arduino\ArduinoSketch23\ArduinoSketch23\ArduinoCore\Debug\libArduinoCore.a(HardwareSerial.o)

.debug_abbrev   0x00000000     0x4e7f
 *(.debug_abbrev)
 .debug_abbrev  0x00000000      0x5a2 C:/Program Files (x86)/Atmel/Studio/7.0/Packs/atmel/ATmega_DFP/1.6.364/gcc/dev/atmega328p/avr5/crtatmega328p.o
 .debug_abbrev  0x000005a2      0x701 Sketch.o
 .debug_abbrev  0x00000ca3      0x38f src/libraries/IRremote-3.0/src/ir_BoseWave.o
 .debug_abbrev  0x00001032      0x41c src/libraries/IRremote-3.0/src/ir_Denon.o
 .debug_abbrev  0x0000144e      0x394 src/libraries/IRremote-3.0/src/ir_JVC.o
 .debug_abbrev  0x000017e2      0x3d2 src/libraries/IRremote-3.0/src/ir_Kaseikyo.o
 .debug_abbrev  0x00001bb4      0x39f src/libraries/IRremote-3.0/src/ir_Lego.o
 .debug_abbrev  0x00001f53      0x435 src/libraries/IRremote-3.0/src/ir_LG.o
 .debug_abbrev  0x00002388      0x394 src/libraries/IRremote-3.0/src/ir_MagiQuest.o
 .debug_abbrev  0x0000271c      0x450 src/libraries/IRremote-3.0/src/ir_NEC.o
 .debug_abbrev  0x00002b6c      0x446 src/libraries/IRremote-3.0/src/ir_RC5_RC6.o
 .debug_abbrev  0x00002fb2      0x3d5 src/libraries/IRremote-3.0/src/ir_Samsung.o
 .debug_abbrev  0x00003387      0x379 src/libraries/IRremote-3.0/src/ir_Sony.o
 .debug_abbrev  0x00003700      0x34d src/libraries/IRremote-3.0/src/ir_Whynter.o
 .debug_abbrev  0x00003a4d      0x365 src/libraries/LiquidCrystal/src/LiquidCrystal.o
 .debug_abbrev  0x00003db2      0x3ce C:\Arduino\ArduinoSketch23\ArduinoSketch23\ArduinoCore\Debug\libArduinoCore.a(HardwareSerial0.o)
 .debug_abbrev  0x00004180      0x12d C:\Arduino\ArduinoSketch23\ArduinoSketch23\ArduinoCore\Debug\libArduinoCore.a(main.o)
 .debug_abbrev  0x000042ad      0x47a C:\Arduino\ArduinoSketch23\ArduinoSketch23\ArduinoCore\Debug\libArduinoCore.a(Print.o)
 .debug_abbrev  0x00004727      0x146 C:\Arduino\ArduinoSketch23\ArduinoSketch23\ArduinoCore\Debug\libArduinoCore.a(wiring.o)
 .debug_abbrev  0x0000486d      0x15b C:\Arduino\ArduinoSketch23\ArduinoSketch23\ArduinoCore\Debug\libArduinoCore.a(wiring_digital.o)
 .debug_abbrev  0x000049c8      0x4b7 C:\Arduino\ArduinoSketch23\ArduinoSketch23\ArduinoCore\Debug\libArduinoCore.a(HardwareSerial.o)

.debug_line     0x00000000     0x66b8
 *(.debug_line .debug_line.* .debug_line_end)
 .debug_line    0x00000000      0x134 C:/Program Files (x86)/Atmel/Studio/7.0/Packs/atmel/ATmega_DFP/1.6.364/gcc/dev/atmega328p/avr5/crtatmega328p.o
 .debug_line    0x00000134     0x15a4 Sketch.o
 .debug_line    0x000016d8      0x34b src/libraries/IRremote-3.0/src/ir_BoseWave.o
 .debug_line    0x00001a23      0x422 src/libraries/IRremote-3.0/src/ir_Denon.o
 .debug_line    0x00001e45      0x373 src/libraries/IRremote-3.0/src/ir_JVC.o
 .debug_line    0x000021b8      0x499 src/libraries/IRremote-3.0/src/ir_Kaseikyo.o
 .debug_line    0x00002651      0x42f src/libraries/IRremote-3.0/src/ir_Lego.o
 .debug_line    0x00002a80      0x46f src/libraries/IRremote-3.0/src/ir_LG.o
 .debug_line    0x00002eef      0x346 src/libraries/IRremote-3.0/src/ir_MagiQuest.o
 .debug_line    0x00003235      0x49e src/libraries/IRremote-3.0/src/ir_NEC.o
 .debug_line    0x000036d3      0x797 src/libraries/IRremote-3.0/src/ir_RC5_RC6.o
 .debug_line    0x00003e6a      0x49d src/libraries/IRremote-3.0/src/ir_Samsung.o
 .debug_line    0x00004307      0x35f src/libraries/IRremote-3.0/src/ir_Sony.o
 .debug_line    0x00004666      0x2dd src/libraries/IRremote-3.0/src/ir_Whynter.o
 .debug_line    0x00004943      0x950 src/libraries/LiquidCrystal/src/LiquidCrystal.o
 .debug_line    0x00005293      0x28c C:\Arduino\ArduinoSketch23\ArduinoSketch23\ArduinoCore\Debug\libArduinoCore.a(HardwareSerial0.o)
 .debug_line    0x0000551f      0x165 C:\Arduino\ArduinoSketch23\ArduinoSketch23\ArduinoCore\Debug\libArduinoCore.a(main.o)
 .debug_line    0x00005684      0x685 C:\Arduino\ArduinoSketch23\ArduinoSketch23\ArduinoCore\Debug\libArduinoCore.a(Print.o)
 .debug_line    0x00005d09      0x299 C:\Arduino\ArduinoSketch23\ArduinoSketch23\ArduinoCore\Debug\libArduinoCore.a(wiring.o)
 .debug_line    0x00005fa2      0x252 C:\Arduino\ArduinoSketch23\ArduinoSketch23\ArduinoCore\Debug\libArduinoCore.a(wiring_digital.o)
 .debug_line    0x000061f4      0x4c4 C:\Arduino\ArduinoSketch23\ArduinoSketch23\ArduinoCore\Debug\libArduinoCore.a(HardwareSerial.o)

.debug_frame    0x00000000     0x1ffc
 *(.debug_frame)
 .debug_frame   0x00000000      0x7fc Sketch.o
 .debug_frame   0x000007fc       0xb0 src/libraries/IRremote-3.0/src/ir_BoseWave.o
 .debug_frame   0x000008ac      0x154 src/libraries/IRremote-3.0/src/ir_Denon.o
 .debug_frame   0x00000a00      0x108 src/libraries/IRremote-3.0/src/ir_JVC.o
 .debug_frame   0x00000b08      0x15c src/libraries/IRremote-3.0/src/ir_Kaseikyo.o
 .debug_frame   0x00000c64      0x100 src/libraries/IRremote-3.0/src/ir_Lego.o
 .debug_frame   0x00000d64      0x130 src/libraries/IRremote-3.0/src/ir_LG.o
 .debug_frame   0x00000e94       0xec src/libraries/IRremote-3.0/src/ir_MagiQuest.o
 .debug_frame   0x00000f80      0x12c src/libraries/IRremote-3.0/src/ir_NEC.o
 .debug_frame   0x000010ac      0x204 src/libraries/IRremote-3.0/src/ir_RC5_RC6.o
 .debug_frame   0x000012b0      0x140 src/libraries/IRremote-3.0/src/ir_Samsung.o
 .debug_frame   0x000013f0       0xf8 src/libraries/IRremote-3.0/src/ir_Sony.o
 .debug_frame   0x000014e8       0x90 src/libraries/IRremote-3.0/src/ir_Whynter.o
 .debug_frame   0x00001578      0x354 src/libraries/LiquidCrystal/src/LiquidCrystal.o
 .debug_frame   0x000018cc       0xe0 C:\Arduino\ArduinoSketch23\ArduinoSketch23\ArduinoCore\Debug\libArduinoCore.a(HardwareSerial0.o)
 .debug_frame   0x000019ac       0x54 C:\Arduino\ArduinoSketch23\ArduinoSketch23\ArduinoCore\Debug\libArduinoCore.a(main.o)
 .debug_frame   0x00001a00      0x3ac C:\Arduino\ArduinoSketch23\ArduinoSketch23\ArduinoCore\Debug\libArduinoCore.a(Print.o)
 .debug_frame   0x00001dac       0xc4 C:\Arduino\ArduinoSketch23\ArduinoSketch23\ArduinoCore\Debug\libArduinoCore.a(wiring.o)
 .debug_frame   0x00001e70       0x7c C:\Arduino\ArduinoSketch23\ArduinoSketch23\ArduinoCore\Debug\libArduinoCore.a(wiring_digital.o)
 .debug_frame   0x00001eec      0x110 C:\Arduino\ArduinoSketch23\ArduinoSketch23\ArduinoCore\Debug\libArduinoCore.a(HardwareSerial.o)

.debug_str      0x00000000     0x413b
 *(.debug_str)
 .debug_str     0x00000000      0x208 C:/Program Files (x86)/Atmel/Studio/7.0/Packs/atmel/ATmega_DFP/1.6.364/gcc/dev/atmega328p/avr5/crtatmega328p.o
 .debug_str     0x00000208     0x26b9 Sketch.o
                               0x27d9 (size before relaxing)
 .debug_str     0x000028c1       0x86 src/libraries/IRremote-3.0/src/ir_BoseWave.o
                               0x217b (size before relaxing)
 .debug_str     0x00002947       0x96 src/libraries/IRremote-3.0/src/ir_Denon.o
                               0x2192 (size before relaxing)
 .debug_str     0x000029dd       0x34 src/libraries/IRremote-3.0/src/ir_JVC.o
                               0x215e (size before relaxing)
 .debug_str     0x00002a11       0xf7 src/libraries/IRremote-3.0/src/ir_Kaseikyo.o
                               0x2248 (size before relaxing)
 .debug_str     0x00002b08       0xb2 src/libraries/IRremote-3.0/src/ir_Lego.o
                               0x220a (size before relaxing)
 .debug_str     0x00002bba       0x51 src/libraries/IRremote-3.0/src/ir_LG.o
                               0x21c5 (size before relaxing)
 .debug_str     0x00002c0b       0x81 src/libraries/IRremote-3.0/src/ir_MagiQuest.o
                               0x2131 (size before relaxing)
 .debug_str     0x00002c8c       0x37 src/libraries/IRremote-3.0/src/ir_NEC.o
                               0x2242 (size before relaxing)
 .debug_str     0x00002cc3       0xb8 src/libraries/IRremote-3.0/src/ir_RC5_RC6.o
                               0x22c5 (size before relaxing)
 .debug_str     0x00002d7b       0x31 src/libraries/IRremote-3.0/src/ir_Samsung.o
                               0x21da (size before relaxing)
 .debug_str     0x00002dac       0x2e src/libraries/IRremote-3.0/src/ir_Sony.o
                               0x2127 (size before relaxing)
 .debug_str     0x00002dda       0x31 src/libraries/IRremote-3.0/src/ir_Whynter.o
                               0x2105 (size before relaxing)
 .debug_str     0x00002e0b      0x628 src/libraries/LiquidCrystal/src/LiquidCrystal.o
                                0x940 (size before relaxing)
 .debug_str     0x00003433      0x56d C:\Arduino\ArduinoSketch23\ArduinoSketch23\ArduinoCore\Debug\libArduinoCore.a(HardwareSerial0.o)
                               0x13f0 (size before relaxing)
 .debug_str     0x000039a0       0x5a C:\Arduino\ArduinoSketch23\ArduinoSketch23\ArduinoCore\Debug\libArduinoCore.a(main.o)
                                0x29c (size before relaxing)
 .debug_str     0x000039fa      0x28b C:\Arduino\ArduinoSketch23\ArduinoSketch23\ArduinoCore\Debug\libArduinoCore.a(Print.o)
                               0x122a (size before relaxing)
 .debug_str     0x00003c85      0x134 C:\Arduino\ArduinoSketch23\ArduinoSketch23\ArduinoCore\Debug\libArduinoCore.a(wiring.o)
                                0x232 (size before relaxing)
 .debug_str     0x00003db9       0xb0 C:\Arduino\ArduinoSketch23\ArduinoSketch23\ArduinoCore\Debug\libArduinoCore.a(wiring_digital.o)
                                0x297 (size before relaxing)
 .debug_str     0x00003e69      0x2d2 C:\Arduino\ArduinoSketch23\ArduinoSketch23\ArduinoCore\Debug\libArduinoCore.a(HardwareSerial.o)
                               0x15fd (size before relaxing)

.debug_loc      0x00000000     0xc58f
 *(.debug_loc)
 .debug_loc     0x00000000     0x371a Sketch.o
 .debug_loc     0x0000371a      0x2d7 src/libraries/IRremote-3.0/src/ir_BoseWave.o
 .debug_loc     0x000039f1      0x6d4 src/libraries/IRremote-3.0/src/ir_Denon.o
 .debug_loc     0x000040c5      0x499 src/libraries/IRremote-3.0/src/ir_JVC.o
 .debug_loc     0x0000455e      0x62e src/libraries/IRremote-3.0/src/ir_Kaseikyo.o
 .debug_loc     0x00004b8c      0x7e3 src/libraries/IRremote-3.0/src/ir_Lego.o
 .debug_loc     0x0000536f      0x769 src/libraries/IRremote-3.0/src/ir_LG.o
 .debug_loc     0x00005ad8      0x3dd src/libraries/IRremote-3.0/src/ir_MagiQuest.o
 .debug_loc     0x00005eb5      0x749 src/libraries/IRremote-3.0/src/ir_NEC.o
 .debug_loc     0x000065fe      0xcea src/libraries/IRremote-3.0/src/ir_RC5_RC6.o
 .debug_loc     0x000072e8      0x647 src/libraries/IRremote-3.0/src/ir_Samsung.o
 .debug_loc     0x0000792f      0x433 src/libraries/IRremote-3.0/src/ir_Sony.o
 .debug_loc     0x00007d62      0x223 src/libraries/IRremote-3.0/src/ir_Whynter.o
 .debug_loc     0x00007f85     0x1a6e src/libraries/LiquidCrystal/src/LiquidCrystal.o
 .debug_loc     0x000099f3      0x1b0 C:\Arduino\ArduinoSketch23\ArduinoSketch23\ArduinoCore\Debug\libArduinoCore.a(HardwareSerial0.o)
 .debug_loc     0x00009ba3     0x1c87 C:\Arduino\ArduinoSketch23\ArduinoSketch23\ArduinoCore\Debug\libArduinoCore.a(Print.o)
 .debug_loc     0x0000b82a      0x28d C:\Arduino\ArduinoSketch23\ArduinoSketch23\ArduinoCore\Debug\libArduinoCore.a(wiring.o)
 .debug_loc     0x0000bab7      0x5fc C:\Arduino\ArduinoSketch23\ArduinoSketch23\ArduinoCore\Debug\libArduinoCore.a(wiring_digital.o)
 .debug_loc     0x0000c0b3      0x4dc C:\Arduino\ArduinoSketch23\ArduinoSketch23\ArduinoCore\Debug\libArduinoCore.a(HardwareSerial.o)

.debug_macinfo
 *(.debug_macinfo)

.debug_weaknames
 *(.debug_weaknames)

.debug_funcnames
 *(.debug_funcnames)

.debug_typenames
 *(.debug_typenames)

.debug_varnames
 *(.debug_varnames)

.debug_pubtypes
 *(.debug_pubtypes)

.debug_ranges   0x00000000      0x878
 *(.debug_ranges)
 .debug_ranges  0x00000000      0x280 Sketch.o
 .debug_ranges  0x00000280       0x30 src/libraries/IRremote-3.0/src/ir_BoseWave.o
 .debug_ranges  0x000002b0       0x40 src/libraries/IRremote-3.0/src/ir_Denon.o
 .debug_ranges  0x000002f0       0x28 src/libraries/IRremote-3.0/src/ir_JVC.o
 .debug_ranges  0x00000318       0x40 src/libraries/IRremote-3.0/src/ir_Kaseikyo.o
 .debug_ranges  0x00000358       0x30 src/libraries/IRremote-3.0/src/ir_Lego.o
 .debug_ranges  0x00000388       0x30 src/libraries/IRremote-3.0/src/ir_LG.o
 .debug_ranges  0x000003b8       0x18 src/libraries/IRremote-3.0/src/ir_MagiQuest.o
 .debug_ranges  0x000003d0       0x38 src/libraries/IRremote-3.0/src/ir_NEC.o
 .debug_ranges  0x00000408       0x48 src/libraries/IRremote-3.0/src/ir_RC5_RC6.o
 .debug_ranges  0x00000450       0x48 src/libraries/IRremote-3.0/src/ir_Samsung.o
 .debug_ranges  0x00000498       0x20 src/libraries/IRremote-3.0/src/ir_Sony.o
 .debug_ranges  0x000004b8       0x18 src/libraries/IRremote-3.0/src/ir_Whynter.o
 .debug_ranges  0x000004d0      0x178 src/libraries/LiquidCrystal/src/LiquidCrystal.o
 .debug_ranges  0x00000648       0x38 C:\Arduino\ArduinoSketch23\ArduinoSketch23\ArduinoCore\Debug\libArduinoCore.a(HardwareSerial0.o)
 .debug_ranges  0x00000680       0x20 C:\Arduino\ArduinoSketch23\ArduinoSketch23\ArduinoCore\Debug\libArduinoCore.a(main.o)
 .debug_ranges  0x000006a0      0x120 C:\Arduino\ArduinoSketch23\ArduinoSketch23\ArduinoCore\Debug\libArduinoCore.a(Print.o)
 .debug_ranges  0x000007c0       0x38 C:\Arduino\ArduinoSketch23\ArduinoSketch23\ArduinoCore\Debug\libArduinoCore.a(wiring.o)
 .debug_ranges  0x000007f8       0x28 C:\Arduino\ArduinoSketch23\ArduinoSketch23\ArduinoCore\Debug\libArduinoCore.a(wiring_digital.o)
 .debug_ranges  0x00000820       0x58 C:\Arduino\ArduinoSketch23\ArduinoSketch23\ArduinoCore\Debug\libArduinoCore.a(HardwareSerial.o)

.debug_macro
 *(.debug_macro)
OUTPUT(sketch_aug06a_tarefa_5.elf elf32-avr)
LOAD linker stubs
